[     521ms] [LOG] _______________________________________________________________
 _____ ___  _   _ _   _ ____  ______   __ __     _______ _____
|  ___/ _ \| | | | \ | |  _ \|  _ \ \ / / \ \   / |_   _|_   _|
| |_ | | | | | | |  \| | | | | |_) \ V /   \ \ / /  | |   | |
|  _|| |_| | |_| | |\  | |_| |  _ < | |     \ V /   | |   | |
|_|   \___/ \___/|_| \_|____/|_| \_\|_|      \_/    |_|   |_|
=============================================================== @ http://localhost:30000/scripts/foundry.mjs:219222
[     522ms] [LOG] Foundry VTT | Foundry Virtual Tabletop ESModule loaded @ http://localhost:30000/scripts/foundry.mjs:219223
[     595ms] [LOG] Foundry VTT | Connected to server socket using session 8c9ff8a14bd4db3301b7fd0b @ http://localhost:30000/scripts/foundry.mjs:205572
[    1112ms] [INFO] libWrapper: Version 1.13.5.1 (c0521af) ready. @ http://localhost:30000/modules/lib-wrapper/lib-wrapper.js:0
[    1112ms] [LOG] Foundry VTT | Initializing Foundry Virtual Tabletop Game @ http://localhost:30000/scripts/foundry.mjs:205727
[    1112ms] [LOG] %cD&D 5e | %cInitializing the D&D Fifth Game System - Version 5.3.3
_______________________________
______      ______ _____ _____
|  _  \___  |  _  \  ___|  ___|
| | | ( _ ) | | | |___ \| |__
| | | / _ \/\ | | |   \ \  __|
| |/ / (_>  < |/ //\__/ / |___
|___/ \___/\/___/ \____/\____/
_______________________________ color: #6e0000; font-variant: small-caps color: revert @ http://localhost:30000/systems/dnd5e/dnd5e.mjs:514
[    1117ms] [LOG] %cD&D 5e | %cRegistered Dungeons & Dragons Fifth Edition data: source books color: #6e0000; font-variant: small-caps color: revert @ http://localhost:30000/systems/dnd5e/dnd5e.mjs:514
[    1117ms] [LOG] %cD&D 5e | %cRegistered redirects to SRD for dnd-players-handbook color: #6e0000; font-variant: small-caps color: revert @ http://localhost:30000/systems/dnd5e/dnd5e.mjs:514
[    1117ms] [LOG] %cD&D 5e | %cRegistered redirects to SRD for dnd-dungeon-masters-guide color: #6e0000; font-variant: small-caps color: revert @ http://localhost:30000/systems/dnd5e/dnd5e.mjs:514
[    1117ms] [LOG] %cD&D 5e | %cRegistered redirects to SRD for dnd-monster-manual color: #6e0000; font-variant: small-caps color: revert @ http://localhost:30000/systems/dnd5e/dnd5e.mjs:514
[    1120ms] [LOG] monks-enhanced-journal |  Initializing Monks Enhanced Journal @ http://localhost:30000/modules/monks-enhanced-journal/monks-enhanced-journal.js:29
[    1145ms] [LOG] Foundry VTT | Retrieved and compiled template systems/dnd5e/templates/shared/active-effects.hbs @ http://localhost:30000/scripts/foundry.mjs:88936
[    1146ms] [LOG] Foundry VTT | Retrieved and compiled template systems/dnd5e/templates/shared/active-effects.hbs @ http://localhost:30000/scripts/foundry.mjs:88936
[    1147ms] [LOG] Foundry VTT | Retrieved and compiled template systems/dnd5e/templates/apps/parts/trait-list.hbs @ http://localhost:30000/scripts/foundry.mjs:88936
[    1157ms] [LOG] Foundry VTT | Retrieved and compiled template systems/dnd5e/templates/apps/parts/trait-list.hbs @ http://localhost:30000/scripts/foundry.mjs:88936
[    1163ms] [LOG] Foundry VTT | Loaded localization file lang/en.json @ http://localhost:30000/scripts/foundry.mjs:204562
[    1169ms] [LOG] Foundry VTT | Loaded localization file modules/lib-wrapper/lang/en.json @ http://localhost:30000/scripts/foundry.mjs:204562
[    1169ms] [LOG] Foundry VTT | Loaded localization file modules/monks-enhanced-journal/lang/en.json @ http://localhost:30000/scripts/foundry.mjs:204562
[    1174ms] [LOG] Foundry VTT | Retrieved and compiled template systems/dnd5e/templates/apps/parts/traits-list.hbs @ http://localhost:30000/scripts/foundry.mjs:88936
[    1174ms] [LOG] Foundry VTT | Loaded localization file systems/dnd5e/lang/en.json @ http://localhost:30000/scripts/foundry.mjs:204562
[    1269ms] [LOG] Foundry VTT | Retrieved and compiled template systems/dnd5e/templates/apps/parts/traits-list.hbs @ http://localhost:30000/scripts/foundry.mjs:88936
[    1270ms] [LOG] Foundry VTT | Retrieved and compiled template systems/dnd5e/templates/actors/parts/actor-classes.hbs @ http://localhost:30000/scripts/foundry.mjs:88936
[    1270ms] [LOG] Foundry VTT | Retrieved and compiled template systems/dnd5e/templates/actors/parts/actor-classes.hbs @ http://localhost:30000/scripts/foundry.mjs:88936
[    1271ms] [LOG] Foundry VTT | Retrieved and compiled template systems/dnd5e/templates/actors/parts/actor-trait-pills.hbs @ http://localhost:30000/scripts/foundry.mjs:88936
[    1271ms] [LOG] Foundry VTT | Retrieved and compiled template systems/dnd5e/templates/actors/parts/actor-trait-pills.hbs @ http://localhost:30000/scripts/foundry.mjs:88936
[    1271ms] [LOG] Foundry VTT | Retrieved and compiled template systems/dnd5e/templates/actors/parts/actor-traits.hbs @ http://localhost:30000/scripts/foundry.mjs:88936
[    1271ms] [LOG] Foundry VTT | Retrieved and compiled template systems/dnd5e/templates/actors/parts/actor-traits.hbs @ http://localhost:30000/scripts/foundry.mjs:88936
[    1271ms] [LOG] Foundry VTT | Retrieved and compiled template systems/dnd5e/templates/actors/parts/actor-features.hbs @ http://localhost:30000/scripts/foundry.mjs:88936
[    1271ms] [LOG] Foundry VTT | Retrieved and compiled template systems/dnd5e/templates/actors/parts/actor-features.hbs @ http://localhost:30000/scripts/foundry.mjs:88936
[    1272ms] [LOG] Foundry VTT | Retrieved and compiled template systems/dnd5e/templates/actors/parts/actor-spellbook.hbs @ http://localhost:30000/scripts/foundry.mjs:88936
[    1272ms] [LOG] Foundry VTT | Retrieved and compiled template systems/dnd5e/templates/actors/parts/actor-spellbook.hbs @ http://localhost:30000/scripts/foundry.mjs:88936
[    1272ms] [LOG] Foundry VTT | Retrieved and compiled template systems/dnd5e/templates/actors/parts/actor-warnings.hbs @ http://localhost:30000/scripts/foundry.mjs:88936
[    1272ms] [LOG] Foundry VTT | Retrieved and compiled template systems/dnd5e/templates/actors/parts/actor-warnings.hbs @ http://localhost:30000/scripts/foundry.mjs:88936
[    1272ms] [LOG] Foundry VTT | Retrieved and compiled template systems/dnd5e/templates/actors/parts/actor-warnings-dialog.hbs @ http://localhost:30000/scripts/foundry.mjs:88936
[    1272ms] [LOG] Foundry VTT | Retrieved and compiled template systems/dnd5e/templates/actors/parts/actor-warnings-dialog.hbs @ http://localhost:30000/scripts/foundry.mjs:88936
[    1272ms] [LOG] Foundry VTT | Retrieved and compiled template systems/dnd5e/templates/actors/parts/biography-textbox.hbs @ http://localhost:30000/scripts/foundry.mjs:88936
[    1272ms] [LOG] Foundry VTT | Retrieved and compiled template systems/dnd5e/templates/actors/parts/biography-textbox.hbs @ http://localhost:30000/scripts/foundry.mjs:88936
[    1273ms] [LOG] Foundry VTT | Retrieved and compiled template systems/dnd5e/templates/actors/tabs/character-bastion.hbs @ http://localhost:30000/scripts/foundry.mjs:88936
[    1273ms] [LOG] Foundry VTT | Retrieved and compiled template systems/dnd5e/templates/actors/tabs/character-bastion.hbs @ http://localhost:30000/scripts/foundry.mjs:88936
[    1273ms] [LOG] Foundry VTT | Retrieved and compiled template systems/dnd5e/templates/actors/tabs/character-biography.hbs @ http://localhost:30000/scripts/foundry.mjs:88936
[    1273ms] [LOG] Foundry VTT | Retrieved and compiled template systems/dnd5e/templates/actors/tabs/character-biography.hbs @ http://localhost:30000/scripts/foundry.mjs:88936
[    1273ms] [LOG] Foundry VTT | Retrieved and compiled template systems/dnd5e/templates/actors/tabs/character-details.hbs @ http://localhost:30000/scripts/foundry.mjs:88936
[    1273ms] [LOG] Foundry VTT | Retrieved and compiled template systems/dnd5e/templates/actors/tabs/character-details.hbs @ http://localhost:30000/scripts/foundry.mjs:88936
[    1274ms] [LOG] Foundry VTT | Retrieved and compiled template systems/dnd5e/templates/actors/tabs/creature-special-traits.hbs @ http://localhost:30000/scripts/foundry.mjs:88936
[    1274ms] [LOG] Foundry VTT | Retrieved and compiled template systems/dnd5e/templates/actors/tabs/creature-special-traits.hbs @ http://localhost:30000/scripts/foundry.mjs:88936
[    1274ms] [LOG] Foundry VTT | Retrieved and compiled template systems/dnd5e/templates/actors/tabs/npc-biography.hbs @ http://localhost:30000/scripts/foundry.mjs:88936
[    1274ms] [LOG] Foundry VTT | Retrieved and compiled template systems/dnd5e/templates/actors/tabs/npc-biography.hbs @ http://localhost:30000/scripts/foundry.mjs:88936
[    1274ms] [LOG] Foundry VTT | Retrieved and compiled template systems/dnd5e/templates/chat/parts/card-activities.hbs @ http://localhost:30000/scripts/foundry.mjs:88936
[    1274ms] [LOG] Foundry VTT | Retrieved and compiled template systems/dnd5e/templates/chat/parts/card-activities.hbs @ http://localhost:30000/scripts/foundry.mjs:88936
[    1274ms] [LOG] Foundry VTT | Retrieved and compiled template systems/dnd5e/templates/chat/parts/card-deltas.hbs @ http://localhost:30000/scripts/foundry.mjs:88936
[    1275ms] [LOG] Foundry VTT | Retrieved and compiled template systems/dnd5e/templates/chat/parts/card-deltas.hbs @ http://localhost:30000/scripts/foundry.mjs:88936
[    1275ms] [LOG] Foundry VTT | Retrieved and compiled template systems/dnd5e/templates/items/details/details-background.hbs @ http://localhost:30000/scripts/foundry.mjs:88936
[    1275ms] [LOG] Foundry VTT | Retrieved and compiled template systems/dnd5e/templates/items/details/details-background.hbs @ http://localhost:30000/scripts/foundry.mjs:88936
[    1275ms] [LOG] Foundry VTT | Retrieved and compiled template systems/dnd5e/templates/items/details/details-class.hbs @ http://localhost:30000/scripts/foundry.mjs:88936
[    1275ms] [LOG] Foundry VTT | Retrieved and compiled template systems/dnd5e/templates/items/details/details-class.hbs @ http://localhost:30000/scripts/foundry.mjs:88936
[    1275ms] [LOG] Foundry VTT | Retrieved and compiled template systems/dnd5e/templates/items/details/details-consumable.hbs @ http://localhost:30000/scripts/foundry.mjs:88936
[    1276ms] [LOG] Foundry VTT | Retrieved and compiled template systems/dnd5e/templates/items/details/details-consumable.hbs @ http://localhost:30000/scripts/foundry.mjs:88936
[    1276ms] [LOG] Foundry VTT | Retrieved and compiled template systems/dnd5e/templates/items/details/details-container.hbs @ http://localhost:30000/scripts/foundry.mjs:88936
[    1276ms] [LOG] Foundry VTT | Retrieved and compiled template systems/dnd5e/templates/items/details/details-container.hbs @ http://localhost:30000/scripts/foundry.mjs:88936
[    1276ms] [LOG] Foundry VTT | Retrieved and compiled template systems/dnd5e/templates/items/details/details-equipment.hbs @ http://localhost:30000/scripts/foundry.mjs:88936
[    1276ms] [LOG] Foundry VTT | Retrieved and compiled template systems/dnd5e/templates/items/details/details-equipment.hbs @ http://localhost:30000/scripts/foundry.mjs:88936
[    1277ms] [LOG] Foundry VTT | Retrieved and compiled template systems/dnd5e/templates/items/details/details-facility.hbs @ http://localhost:30000/scripts/foundry.mjs:88936
[    1277ms] [LOG] Foundry VTT | Retrieved and compiled template systems/dnd5e/templates/items/details/details-facility.hbs @ http://localhost:30000/scripts/foundry.mjs:88936
[    1277ms] [LOG] Foundry VTT | Retrieved and compiled template systems/dnd5e/templates/items/details/details-feat.hbs @ http://localhost:30000/scripts/foundry.mjs:88936
[    1277ms] [LOG] Foundry VTT | Retrieved and compiled template systems/dnd5e/templates/items/details/details-feat.hbs @ http://localhost:30000/scripts/foundry.mjs:88936
[    1277ms] [LOG] Foundry VTT | Retrieved and compiled template systems/dnd5e/templates/items/details/details-loot.hbs @ http://localhost:30000/scripts/foundry.mjs:88936
[    1277ms] [LOG] Foundry VTT | Retrieved and compiled template systems/dnd5e/templates/items/details/details-loot.hbs @ http://localhost:30000/scripts/foundry.mjs:88936
[    1278ms] [LOG] Foundry VTT | Retrieved and compiled template systems/dnd5e/templates/items/details/details-mountable.hbs @ http://localhost:30000/scripts/foundry.mjs:88936
[    1278ms] [LOG] Foundry VTT | Retrieved and compiled template systems/dnd5e/templates/items/details/details-mountable.hbs @ http://localhost:30000/scripts/foundry.mjs:88936
[    1278ms] [LOG] Foundry VTT | Retrieved and compiled template systems/dnd5e/templates/items/details/details-species.hbs @ http://localhost:30000/scripts/foundry.mjs:88936
[    1278ms] [LOG] Foundry VTT | Retrieved and compiled template systems/dnd5e/templates/items/details/details-species.hbs @ http://localhost:30000/scripts/foundry.mjs:88936
[    1278ms] [LOG] Foundry VTT | Retrieved and compiled template systems/dnd5e/templates/items/details/details-spell.hbs @ http://localhost:30000/scripts/foundry.mjs:88936
[    1279ms] [LOG] Foundry VTT | Retrieved and compiled template systems/dnd5e/templates/items/details/details-spell.hbs @ http://localhost:30000/scripts/foundry.mjs:88936
[    1279ms] [LOG] Foundry VTT | Retrieved and compiled template systems/dnd5e/templates/items/details/details-spellcasting.hbs @ http://localhost:30000/scripts/foundry.mjs:88936
[    1279ms] [LOG] Foundry VTT | Retrieved and compiled template systems/dnd5e/templates/items/details/details-spellcasting.hbs @ http://localhost:30000/scripts/foundry.mjs:88936
[    1279ms] [LOG] Foundry VTT | Retrieved and compiled template systems/dnd5e/templates/items/details/details-starting-equipment.hbs @ http://localhost:30000/scripts/foundry.mjs:88936
[    1279ms] [LOG] Foundry VTT | Retrieved and compiled template systems/dnd5e/templates/items/details/details-starting-equipment.hbs @ http://localhost:30000/scripts/foundry.mjs:88936
[    1279ms] [LOG] Foundry VTT | Retrieved and compiled template systems/dnd5e/templates/items/details/details-subclass.hbs @ http://localhost:30000/scripts/foundry.mjs:88936
[    1279ms] [LOG] Foundry VTT | Retrieved and compiled template systems/dnd5e/templates/items/details/details-subclass.hbs @ http://localhost:30000/scripts/foundry.mjs:88936
[    1279ms] [LOG] Foundry VTT | Retrieved and compiled template systems/dnd5e/templates/items/details/details-tool.hbs @ http://localhost:30000/scripts/foundry.mjs:88936
[    1280ms] [LOG] Foundry VTT | Retrieved and compiled template systems/dnd5e/templates/items/details/details-tool.hbs @ http://localhost:30000/scripts/foundry.mjs:88936
[    1280ms] [LOG] Foundry VTT | Retrieved and compiled template systems/dnd5e/templates/items/details/details-weapon.hbs @ http://localhost:30000/scripts/foundry.mjs:88936
[    1280ms] [LOG] Foundry VTT | Retrieved and compiled template systems/dnd5e/templates/items/details/details-weapon.hbs @ http://localhost:30000/scripts/foundry.mjs:88936
[    1280ms] [LOG] Foundry VTT | Retrieved and compiled template systems/dnd5e/templates/items/parts/item-summary.hbs @ http://localhost:30000/scripts/foundry.mjs:88936
[    1281ms] [LOG] Foundry VTT | Retrieved and compiled template systems/dnd5e/templates/items/parts/item-summary.hbs @ http://localhost:30000/scripts/foundry.mjs:88936
[    1281ms] [LOG] Foundry VTT | Retrieved and compiled template systems/dnd5e/templates/items/parts/item-tooltip.hbs @ http://localhost:30000/scripts/foundry.mjs:88936
[    1281ms] [LOG] Foundry VTT | Retrieved and compiled template systems/dnd5e/templates/items/parts/item-tooltip.hbs @ http://localhost:30000/scripts/foundry.mjs:88936
[    1281ms] [LOG] Foundry VTT | Retrieved and compiled template systems/dnd5e/templates/items/parts/spell-block.hbs @ http://localhost:30000/scripts/foundry.mjs:88936
[    1281ms] [LOG] Foundry VTT | Retrieved and compiled template systems/dnd5e/templates/items/parts/spell-block.hbs @ http://localhost:30000/scripts/foundry.mjs:88936
[    1281ms] [LOG] Foundry VTT | Retrieved and compiled template systems/dnd5e/templates/shared/fields/field-activation.hbs @ http://localhost:30000/scripts/foundry.mjs:88936
[    1281ms] [LOG] Foundry VTT | Retrieved and compiled template systems/dnd5e/templates/shared/fields/field-activation.hbs @ http://localhost:30000/scripts/foundry.mjs:88936
[    1281ms] [LOG] Foundry VTT | Retrieved and compiled template systems/dnd5e/templates/shared/fields/field-damage.hbs @ http://localhost:30000/scripts/foundry.mjs:88936
[    1281ms] [LOG] Foundry VTT | Retrieved and compiled template systems/dnd5e/templates/shared/fields/field-damage.hbs @ http://localhost:30000/scripts/foundry.mjs:88936
[    1282ms] [LOG] Foundry VTT | Retrieved and compiled template systems/dnd5e/templates/shared/fields/field-duration.hbs @ http://localhost:30000/scripts/foundry.mjs:88936
[    1282ms] [LOG] Foundry VTT | Retrieved and compiled template systems/dnd5e/templates/shared/fields/field-duration.hbs @ http://localhost:30000/scripts/foundry.mjs:88936
[    1282ms] [LOG] Foundry VTT | Retrieved and compiled template systems/dnd5e/templates/shared/fields/field-range.hbs @ http://localhost:30000/scripts/foundry.mjs:88936
[    1282ms] [LOG] Foundry VTT | Retrieved and compiled template systems/dnd5e/templates/shared/fields/field-range.hbs @ http://localhost:30000/scripts/foundry.mjs:88936
[    1282ms] [LOG] Foundry VTT | Retrieved and compiled template systems/dnd5e/templates/shared/fields/field-targets.hbs @ http://localhost:30000/scripts/foundry.mjs:88936
[    1282ms] [LOG] Foundry VTT | Retrieved and compiled template systems/dnd5e/templates/shared/fields/field-targets.hbs @ http://localhost:30000/scripts/foundry.mjs:88936
[    1282ms] [LOG] Foundry VTT | Retrieved and compiled template systems/dnd5e/templates/shared/fields/field-uses.hbs @ http://localhost:30000/scripts/foundry.mjs:88936
[    1282ms] [LOG] Foundry VTT | Retrieved and compiled template systems/dnd5e/templates/shared/fields/field-uses.hbs @ http://localhost:30000/scripts/foundry.mjs:88936
[    1282ms] [LOG] Foundry VTT | Retrieved and compiled template systems/dnd5e/templates/shared/fields/fieldlist.hbs @ http://localhost:30000/scripts/foundry.mjs:88936
[    1283ms] [LOG] Foundry VTT | Retrieved and compiled template systems/dnd5e/templates/shared/fields/fieldlist.hbs @ http://localhost:30000/scripts/foundry.mjs:88936
[    1283ms] [LOG] Foundry VTT | Retrieved and compiled template systems/dnd5e/templates/shared/fields/formlist.hbs @ http://localhost:30000/scripts/foundry.mjs:88936
[    1283ms] [LOG] Foundry VTT | Retrieved and compiled template systems/dnd5e/templates/shared/fields/formlist.hbs @ http://localhost:30000/scripts/foundry.mjs:88936
[    1283ms] [LOG] Foundry VTT | Retrieved and compiled template systems/dnd5e/templates/journal/parts/journal-legacy-traits.hbs @ http://localhost:30000/scripts/foundry.mjs:88936
[    1283ms] [LOG] Foundry VTT | Retrieved and compiled template systems/dnd5e/templates/journal/parts/journal-legacy-traits.hbs @ http://localhost:30000/scripts/foundry.mjs:88936
[    1283ms] [LOG] Foundry VTT | Retrieved and compiled template systems/dnd5e/templates/journal/parts/journal-modern-traits.hbs @ http://localhost:30000/scripts/foundry.mjs:88936
[    1283ms] [LOG] Foundry VTT | Retrieved and compiled template systems/dnd5e/templates/journal/parts/journal-modern-traits.hbs @ http://localhost:30000/scripts/foundry.mjs:88936
[    1283ms] [LOG] Foundry VTT | Retrieved and compiled template systems/dnd5e/templates/journal/parts/journal-table.hbs @ http://localhost:30000/scripts/foundry.mjs:88936
[    1283ms] [LOG] Foundry VTT | Retrieved and compiled template systems/dnd5e/templates/journal/parts/journal-table.hbs @ http://localhost:30000/scripts/foundry.mjs:88936
[    1283ms] [LOG] Foundry VTT | Retrieved and compiled template systems/dnd5e/templates/activity/parts/activity-usage-notes.hbs @ http://localhost:30000/scripts/foundry.mjs:88936
[    1283ms] [LOG] Foundry VTT | Retrieved and compiled template systems/dnd5e/templates/activity/parts/activity-usage-notes.hbs @ http://localhost:30000/scripts/foundry.mjs:88936
[    1284ms] [LOG] Foundry VTT | Retrieved and compiled template systems/dnd5e/templates/advancement/parts/advancement-controls.hbs @ http://localhost:30000/scripts/foundry.mjs:88936
[    1284ms] [LOG] Foundry VTT | Retrieved and compiled template systems/dnd5e/templates/advancement/parts/advancement-controls.hbs @ http://localhost:30000/scripts/foundry.mjs:88936
[    1284ms] [LOG] Foundry VTT | Retrieved and compiled template systems/dnd5e/templates/advancement/parts/advancement-spell-config.hbs @ http://localhost:30000/scripts/foundry.mjs:88936
[    1284ms] [LOG] Foundry VTT | Retrieved and compiled template systems/dnd5e/templates/advancement/parts/advancement-spell-config.hbs @ http://localhost:30000/scripts/foundry.mjs:88936
[    1395ms] [LOG] %cD&D 5e | %cFinished setting up Rules (SRD): table of contents color: #6e0000; font-variant: small-caps color: revert @ http://localhost:30000/systems/dnd5e/dnd5e.mjs:514
[    1395ms] [LOG] %cD&D 5e | %cFinished setting up Rules: table of contents color: #6e0000; font-variant: small-caps color: revert @ http://localhost:30000/systems/dnd5e/dnd5e.mjs:514
[    1560ms] [LOG] Foundry VTT | Retrieved and compiled template templates/ui/scene-navigation.hbs @ http://localhost:30000/scripts/foundry.mjs:88936
[    1593ms] [LOG] Foundry VTT | Retrieved and compiled template templates/sidebar/tabs.hbs @ http://localhost:30000/scripts/foundry.mjs:88936
[    1609ms] [LOG] Foundry VTT | Retrieved and compiled template templates/sidebar/tab.hbs @ http://localhost:30000/scripts/foundry.mjs:88936
[    1620ms] [LOG] Foundry VTT | Retrieved and compiled template templates/ui/players.hbs @ http://localhost:30000/scripts/foundry.mjs:88936
[    1633ms] [LOG] Foundry VTT | Retrieved and compiled template templates/ui/hotbar.hbs @ http://localhost:30000/scripts/foundry.mjs:88936
[    1641ms] [LOG] Foundry VTT | Fonts loaded and ready. @ http://localhost:30000/scripts/foundry.mjs:99340
[    1723ms] [LOG] Foundry VTT | Viewing Scene Foundry Virtual Tabletop @ http://localhost:30000/scripts/foundry.mjs:56643
[    1734ms] [LOG] Foundry VTT | Retrieved and compiled template templates/ui/scene-controls-layers.hbs @ http://localhost:30000/scripts/foundry.mjs:88936
[    1736ms] [LOG] Foundry VTT | Retrieved and compiled template templates/ui/scene-controls-tools.hbs @ http://localhost:30000/scripts/foundry.mjs:88936
[    1771ms] [LOG] Foundry VTT | Retrieved and compiled template templates/sidebar/tabs/chat/log.hbs @ http://localhost:30000/scripts/foundry.mjs:88936
[    1772ms] [LOG] Foundry VTT | Retrieved and compiled template templates/sidebar/tabs/chat/notifications.hbs @ http://localhost:30000/scripts/foundry.mjs:88936
[    1772ms] [LOG] Foundry VTT | Retrieved and compiled template templates/sidebar/tabs/chat/input.hbs @ http://localhost:30000/scripts/foundry.mjs:88936
[    1803ms] [LOG] Foundry VTT | Retrieved and compiled template templates/sidebar/tabs/combat/header.hbs @ http://localhost:30000/scripts/foundry.mjs:88936
[    1803ms] [LOG] Foundry VTT | Retrieved and compiled template templates/sidebar/tabs/combat/tracker.hbs @ http://localhost:30000/scripts/foundry.mjs:88936
[    1803ms] [LOG] Foundry VTT | Retrieved and compiled template templates/sidebar/tabs/combat/footer.hbs @ http://localhost:30000/scripts/foundry.mjs:88936
[    1856ms] [LOG] Foundry VTT | Retrieved and compiled template templates/sidebar/directory/header.hbs @ http://localhost:30000/scripts/foundry.mjs:88936
[    1856ms] [LOG] Foundry VTT | Retrieved and compiled template templates/sidebar/directory/directory.hbs @ http://localhost:30000/scripts/foundry.mjs:88936
[    1856ms] [LOG] Foundry VTT | Retrieved and compiled template templates/sidebar/partials/scene-partial.hbs @ http://localhost:30000/scripts/foundry.mjs:88936
[    1856ms] [LOG] Foundry VTT | Retrieved and compiled template templates/sidebar/partials/folder-partial.hbs @ http://localhost:30000/scripts/foundry.mjs:88936
[    1857ms] [LOG] Foundry VTT | Retrieved and compiled template templates/sidebar/directory/footer.hbs @ http://localhost:30000/scripts/foundry.mjs:88936
[    1865ms] [LOG] Foundry VTT | Retrieved and compiled template templates/sidebar/partials/document-partial.hbs @ http://localhost:30000/scripts/foundry.mjs:88936
[    1879ms] [LOG] Foundry VTT | Retrieved and compiled template templates/sidebar/tabs/playlist/controls.hbs @ http://localhost:30000/scripts/foundry.mjs:88936
[    1880ms] [LOG] Foundry VTT | Retrieved and compiled template templates/sidebar/tabs/playlist/playlist-partial.hbs @ http://localhost:30000/scripts/foundry.mjs:88936
[    1880ms] [LOG] Foundry VTT | Retrieved and compiled template templates/sidebar/tabs/playlist/playing.hbs @ http://localhost:30000/scripts/foundry.mjs:88936
[    1880ms] [LOG] Foundry VTT | Retrieved and compiled template templates/sidebar/tabs/playlist/sound-partial.hbs @ http://localhost:30000/scripts/foundry.mjs:88936
[    1894ms] [LOG] Foundry VTT | Retrieved and compiled template templates/sidebar/tabs/compendiums.hbs @ http://localhost:30000/scripts/foundry.mjs:88936
[    1894ms] [LOG] Foundry VTT | Retrieved and compiled template templates/sidebar/partials/pack-partial.hbs @ http://localhost:30000/scripts/foundry.mjs:88936
[    1894ms] [LOG] Foundry VTT | Retrieved and compiled template templates/sidebar/partials/document-match.hbs @ http://localhost:30000/scripts/foundry.mjs:88936
[    1906ms] [LOG] Foundry VTT | Retrieved and compiled template templates/sidebar/tabs/settings.hbs @ http://localhost:30000/scripts/foundry.mjs:88936
[    1930ms] [LOG] Foundry VTT | Drawing game canvas for scene Foundry Virtual Tabletop @ http://localhost:30000/scripts/foundry.mjs:116766
[    2006ms] [LOG] Loaded icons/svg/combat.svg (1.56%) @ http://localhost:30000/scripts/foundry.mjs:105204
[    2018ms] [LOG] Loaded icons/svg/cowled.svg (3.13%) @ http://localhost:30000/scripts/foundry.mjs:105204
[    2019ms] [LOG] Loaded icons/svg/aura.svg (4.69%) @ http://localhost:30000/scripts/foundry.mjs:105204
[    2020ms] [LOG] Loaded icons/svg/padlock.svg (6.25%) @ http://localhost:30000/scripts/foundry.mjs:105204
[    2055ms] [LOG] Loaded icons/svg/light-off.svg (7.81%) @ http://localhost:30000/scripts/foundry.mjs:105204
[    2056ms] [LOG] Loaded icons/svg/up.svg (9.38%) @ http://localhost:30000/scripts/foundry.mjs:105204
[    2056ms] [LOG] Foundry VTT | Retrieved and compiled template templates/sidebar/chat-message.hbs @ http://localhost:30000/scripts/foundry.mjs:88936
[    2082ms] [LOG] Loaded icons/svg/down.svg (10.94%) @ http://localhost:30000/scripts/foundry.mjs:105204
[    2090ms] [LOG] Loaded icons/svg/light.svg (12.50%) @ http://localhost:30000/scripts/foundry.mjs:105204
[    2103ms] [LOG] Loaded icons/svg/skull.svg (14.06%) @ http://localhost:30000/scripts/foundry.mjs:105204
[    2106ms] [LOG] Loaded icons/svg/explosion.svg (15.63%) @ http://localhost:30000/scripts/foundry.mjs:105204
[    2113ms] [LOG] Loaded icons/svg/door-closed-outline.svg (17.19%) @ http://localhost:30000/scripts/foundry.mjs:105204
[    2114ms] [LOG] Loaded icons/svg/sound-off.svg (18.75%) @ http://localhost:30000/scripts/foundry.mjs:105204
[    2150ms] [LOG] Loaded icons/svg/sound.svg (20.31%) @ http://localhost:30000/scripts/foundry.mjs:105204
[    2167ms] [LOG] Loaded icons/svg/door-open-outline.svg (21.88%) @ http://localhost:30000/scripts/foundry.mjs:105204
[    2174ms] [LOG] Loaded icons/svg/door-locked-outline.svg (23.44%) @ http://localhost:30000/scripts/foundry.mjs:105204
[    2175ms] [LOG] Loaded icons/svg/wall-direction.svg (25.00%) @ http://localhost:30000/scripts/foundry.mjs:105204
[    2176ms] [LOG] Loaded icons/svg/levels.svg (26.56%) @ http://localhost:30000/scripts/foundry.mjs:105204
[    2176ms] [LOG] Loaded systems/dnd5e/icons/svg/statuses/cover-three-quarters.svg (28.13%) @ http://localhost:30000/scripts/foundry.mjs:105204
[    2177ms] [LOG] Loaded systems/dnd5e/icons/svg/statuses/cover-total.svg (29.69%) @ http://localhost:30000/scripts/foundry.mjs:105204
[    2178ms] [LOG] Loaded systems/dnd5e/icons/svg/statuses/burrowing.svg (31.25%) @ http://localhost:30000/scripts/foundry.mjs:105204
[    2178ms] [LOG] Loaded systems/dnd5e/icons/svg/statuses/concentrating.svg (32.81%) @ http://localhost:30000/scripts/foundry.mjs:105204
[    2181ms] [LOG] Loaded systems/dnd5e/icons/svg/statuses/cover-half.svg (34.38%) @ http://localhost:30000/scripts/foundry.mjs:105204
[    2185ms] [LOG] Loaded systems/dnd5e/icons/svg/statuses/dodging.svg (35.94%) @ http://localhost:30000/scripts/foundry.mjs:105204
[    2231ms] [LOG] Loaded icons/svg/door-secret-outline.svg (37.50%) @ http://localhost:30000/scripts/foundry.mjs:105204
[    2236ms] [LOG] Loaded systems/dnd5e/icons/svg/statuses/ethereal.svg (39.06%) @ http://localhost:30000/scripts/foundry.mjs:105204
[    2242ms] [LOG] Loaded systems/dnd5e/icons/svg/statuses/flying.svg (40.63%) @ http://localhost:30000/scripts/foundry.mjs:105204
[    2247ms] [LOG] Loaded systems/dnd5e/icons/svg/statuses/dead.svg (42.19%) @ http://localhost:30000/scripts/foundry.mjs:105204
[    2251ms] [LOG] Loaded systems/dnd5e/icons/svg/statuses/hovering.svg (43.75%) @ http://localhost:30000/scripts/foundry.mjs:105204
[    2259ms] [LOG] Loaded systems/dnd5e/icons/svg/statuses/marked.svg (45.31%) @ http://localhost:30000/scripts/foundry.mjs:105204
[    2266ms] [LOG] Loaded systems/dnd5e/icons/svg/statuses/stable.svg (46.88%) @ http://localhost:30000/scripts/foundry.mjs:105204
[    2275ms] [LOG] Loaded systems/dnd5e/icons/svg/statuses/bleeding.svg (48.44%) @ http://localhost:30000/scripts/foundry.mjs:105204
[    2281ms] [LOG] Loaded systems/dnd5e/icons/svg/statuses/charmed.svg (50.00%) @ http://localhost:30000/scripts/foundry.mjs:105204
[    2288ms] [LOG] Loaded systems/dnd5e/icons/svg/statuses/hiding.svg (51.56%) @ http://localhost:30000/scripts/foundry.mjs:105204
[    2294ms] [LOG] Loaded systems/dnd5e/icons/svg/statuses/deafened.svg (53.13%) @ http://localhost:30000/scripts/foundry.mjs:105204
[    2298ms] [LOG] Loaded systems/dnd5e/icons/svg/statuses/sleeping.svg (54.69%) @ http://localhost:30000/scripts/foundry.mjs:105204
[    2305ms] [LOG] Loaded systems/dnd5e/icons/svg/statuses/burning.svg (56.25%) @ http://localhost:30000/scripts/foundry.mjs:105204
[    2318ms] [LOG] Loaded systems/dnd5e/icons/svg/statuses/blinded.svg (57.81%) @ http://localhost:30000/scripts/foundry.mjs:105204
[    2325ms] [LOG] Loaded systems/dnd5e/icons/svg/statuses/diseased.svg (59.38%) @ http://localhost:30000/scripts/foundry.mjs:105204
[    2329ms] [LOG] Loaded systems/dnd5e/icons/svg/statuses/frightened.svg (60.94%) @ http://localhost:30000/scripts/foundry.mjs:105204
[    2335ms] [LOG] Loaded systems/dnd5e/icons/svg/statuses/dehydration.svg (62.50%) @ http://localhost:30000/scripts/foundry.mjs:105204
[    2336ms] [LOG] Loaded systems/dnd5e/icons/svg/statuses/cursed.svg (64.06%) @ http://localhost:30000/scripts/foundry.mjs:105204
[    2344ms] [LOG] Loaded systems/dnd5e/icons/svg/statuses/grappled.svg (65.63%) @ http://localhost:30000/scripts/foundry.mjs:105204
[    2352ms] [LOG] Loaded systems/dnd5e/icons/svg/statuses/incapacitated.svg (67.19%) @ http://localhost:30000/scripts/foundry.mjs:105204
[    2360ms] [LOG] Loaded systems/dnd5e/icons/svg/statuses/invisible.svg (68.75%) @ http://localhost:30000/scripts/foundry.mjs:105204
[    2364ms] [LOG] Loaded systems/dnd5e/icons/svg/statuses/exhaustion.svg (70.31%) @ http://localhost:30000/scripts/foundry.mjs:105204
[    2368ms] [LOG] Loaded systems/dnd5e/icons/svg/statuses/malnutrition.svg (71.88%) @ http://localhost:30000/scripts/foundry.mjs:105204
[    2372ms] [LOG] Loaded systems/dnd5e/icons/svg/statuses/falling.svg (73.44%) @ http://localhost:30000/scripts/foundry.mjs:105204
[    2385ms] [LOG] Loaded systems/dnd5e/icons/svg/statuses/paralyzed.svg (75.00%) @ http://localhost:30000/scripts/foundry.mjs:105204
[    2395ms] [LOG] Loaded systems/dnd5e/icons/svg/statuses/petrified.svg (76.56%) @ http://localhost:30000/scripts/foundry.mjs:105204
[    2399ms] [LOG] Loaded systems/dnd5e/icons/svg/statuses/poisoned.svg (78.13%) @ http://localhost:30000/scripts/foundry.mjs:105204
[    2407ms] [LOG] Loaded systems/dnd5e/icons/svg/statuses/prone.svg (79.69%) @ http://localhost:30000/scripts/foundry.mjs:105204
[    2410ms] [LOG] Loaded systems/dnd5e/icons/svg/statuses/restrained.svg (81.25%) @ http://localhost:30000/scripts/foundry.mjs:105204
[    2414ms] [LOG] Loaded systems/dnd5e/icons/svg/statuses/silenced.svg (82.81%) @ http://localhost:30000/scripts/foundry.mjs:105204
[    2421ms] [LOG] Loaded systems/dnd5e/icons/svg/statuses/stunned.svg (84.38%) @ http://localhost:30000/scripts/foundry.mjs:105204
[    2430ms] [LOG] Loaded systems/dnd5e/icons/svg/statuses/surprised.svg (85.94%) @ http://localhost:30000/scripts/foundry.mjs:105204
[    2431ms] [LOG] Loaded systems/dnd5e/icons/svg/statuses/encumbered.svg (87.50%) @ http://localhost:30000/scripts/foundry.mjs:105204
[    2441ms] [LOG] Loaded systems/dnd5e/icons/svg/statuses/heavily-encumbered.svg (89.06%) @ http://localhost:30000/scripts/foundry.mjs:105204
[    2445ms] [LOG] Loaded systems/dnd5e/icons/svg/statuses/exceeding-carrying-capacity.svg (90.63%) @ http://localhost:30000/scripts/foundry.mjs:105204
[    2451ms] [LOG] Loaded systems/dnd5e/icons/svg/statuses/suffocation.svg (92.19%) @ http://localhost:30000/scripts/foundry.mjs:105204
[    2490ms] [LOG] Loaded nue/defaultscene/fvtt-logo.webp (93.75%) @ http://localhost:30000/scripts/foundry.mjs:105204
[    2551ms] [LOG] Loaded nue/defaultscene/fvtt-background.webp (95.31%) @ http://localhost:30000/scripts/foundry.mjs:105204
[    2579ms] [LOG] Loaded systems/dnd5e/icons/svg/statuses/transformed.svg (96.88%) @ http://localhost:30000/scripts/foundry.mjs:105204
[    2582ms] [LOG] Loaded systems/dnd5e/icons/svg/statuses/unconscious.svg (98.44%) @ http://localhost:30000/scripts/foundry.mjs:105204
[    2743ms] [LOG] Loaded canvas/tokens/rings-steel.json (100.00%) @ http://localhost:30000/scripts/foundry.mjs:105204
[    2745ms] [LOG] Foundry VTT | Drawing the HiddenCanvasGroup canvas group @ http://localhost:30000/scripts/foundry.mjs:110537
[    2746ms] [LOG] Foundry VTT | Drawing the RenderedCanvasGroup canvas group @ http://localhost:30000/scripts/foundry.mjs:110537
[    2746ms] [LOG] Foundry VTT | Drawing the EnvironmentCanvasGroup canvas group @ http://localhost:30000/scripts/foundry.mjs:110537
[    2748ms] [LOG] Foundry VTT | Drawing the PrimaryCanvasGroup canvas group @ http://localhost:30000/scripts/foundry.mjs:110537
[    2751ms] [LOG] Foundry VTT | Drawing the WeatherEffects canvas layer @ http://localhost:30000/scripts/foundry.mjs:111141
[    2751ms] [LOG] Foundry VTT | Drawing the EffectsCanvasGroup canvas group @ http://localhost:30000/scripts/foundry.mjs:110537
[    2751ms] [LOG] Foundry VTT | Drawing the CanvasBackgroundAlterationEffects canvas layer @ http://localhost:30000/scripts/foundry.mjs:111141
[    2752ms] [LOG] Foundry VTT | Drawing the CanvasIlluminationEffects canvas layer @ http://localhost:30000/scripts/foundry.mjs:111141
[    2752ms] [LOG] Foundry VTT | Drawing the CanvasColorationEffects canvas layer @ http://localhost:30000/scripts/foundry.mjs:111141
[    2752ms] [LOG] Foundry VTT | Drawing the CanvasDarknessEffects canvas layer @ http://localhost:30000/scripts/foundry.mjs:111141
[    2753ms] [LOG] Foundry VTT | Drawing the CanvasVisibility canvas group @ http://localhost:30000/scripts/foundry.mjs:110537
[    2756ms] [LOG] Foundry VTT | Drawing the InterfaceCanvasGroup canvas group @ http://localhost:30000/scripts/foundry.mjs:110537
[    2757ms] [LOG] Foundry VTT | Drawing the GridLayer canvas layer @ http://localhost:30000/scripts/foundry.mjs:111141
[    2758ms] [LOG] Foundry VTT | Drawing the RegionLayer canvas layer @ http://localhost:30000/scripts/foundry.mjs:111141
[    2758ms] [LOG] Foundry VTT | Drawing the DrawingsLayer canvas layer @ http://localhost:30000/scripts/foundry.mjs:111141
[    2758ms] [LOG] Foundry VTT | Drawing the TemplateLayer canvas layer @ http://localhost:30000/scripts/foundry.mjs:111141
[    2758ms] [LOG] Foundry VTT | Drawing the TilesLayer canvas layer @ http://localhost:30000/scripts/foundry.mjs:111141
[    2763ms] [LOG] Foundry VTT | Drawing the WallsLayer canvas layer @ http://localhost:30000/scripts/foundry.mjs:111141
[    2764ms] [LOG] Foundry VTT | Drawing the TokenLayer5e canvas layer @ http://localhost:30000/scripts/foundry.mjs:111141
[    2764ms] [LOG] Foundry VTT | Drawing the SoundsLayer canvas layer @ http://localhost:30000/scripts/foundry.mjs:111141
[    2764ms] [LOG] Foundry VTT | Drawing the LightingLayer canvas layer @ http://localhost:30000/scripts/foundry.mjs:111141
[    2792ms] [LOG] Foundry VTT | Drawing the NotesLayer canvas layer @ http://localhost:30000/scripts/foundry.mjs:111141
[    2793ms] [LOG] Foundry VTT | Drawing the ControlsLayer canvas layer @ http://localhost:30000/scripts/foundry.mjs:111141
[    2843ms] [LOG] Foundry VTT | Retrieved and compiled template templates/hud/waypoint-label.hbs @ http://localhost:30000/scripts/foundry.mjs:88936
[    2844ms] [LOG] Foundry VTT | Drawing the OverlayCanvasGroup canvas group @ http://localhost:30000/scripts/foundry.mjs:110537
[    2882ms] [LOG] Applying buffered socket event: userActivity @ http://localhost:30000/scripts/foundry.mjs:205636
[    3212ms] [LOG] Foundry VTT | Constructed index of dnd5e.classes Compendium containing 12 entries @ http://localhost:30000/scripts/foundry.mjs:27942
[    3214ms] [LOG] Foundry VTT | Constructed index of dnd5e.subclasses Compendium containing 12 entries @ http://localhost:30000/scripts/foundry.mjs:27942
[    3381ms] [LOG] Foundry VTT | Constructed index of dnd5e.classes24 Compendium containing 282 entries @ http://localhost:30000/scripts/foundry.mjs:27942
[    3713ms] [LOG] Foundry VTT | Retrieved and compiled template templates/sidebar/tabs/placeable/tabs.hbs @ http://localhost:30000/scripts/foundry.mjs:88936
[    3731ms] [LOG] Worker TextureCompressor of FogExtractor | Initialized Worker @ http://localhost:30000/scripts/worker.js:71
[    4225ms] [LOG] Foundry VTT | Retrieved and compiled template templates/sidebar/tabs/placeable/tab.hbs @ http://localhost:30000/scripts/foundry.mjs:88936
[    5418ms] [LOG] Foundry VTT | Retrieved and compiled template templates/sidebar/tabs/placeable/search.hbs @ http://localhost:30000/scripts/foundry.mjs:88936
[    5482ms] [LOG] Foundry VTT | Retrieved and compiled template templates/sidebar/tabs/placeable/directory.hbs @ http://localhost:30000/scripts/foundry.mjs:88936
[    5677ms] [LOG] Foundry VTT | Retrieved and compiled template templates/sidebar/tabs/placeable/tokens.hbs @ http://localhost:30000/scripts/foundry.mjs:88936
[    5804ms] [LOG] Foundry VTT | Retrieved and compiled template templates/sidebar/tabs/placeable/token.hbs @ http://localhost:30000/scripts/foundry.mjs:88936
[    5895ms] [LOG] Foundry VTT | Constructed index of dnd5e.classes24 Compendium containing 282 entries @ http://localhost:30000/scripts/foundry.mjs:27942
[    6064ms] [LOG] Foundry VTT | Constructed index of dnd5e.spells24 Compendium containing 341 entries @ http://localhost:30000/scripts/foundry.mjs:27942
[   23296ms] [LOG] Foundry VTT | Retrieved and compiled template modules/monks-enhanced-journal/templates/main.html @ http://localhost:30000/scripts/foundry.mjs:88936
[   23296ms] [LOG] Foundry VTT | Retrieved and compiled template modules/monks-enhanced-journal/templates/directory.html @ http://localhost:30000/scripts/foundry.mjs:88936
[   23326ms] [LOG] Foundry VTT | Retrieved and compiled template modules/monks-enhanced-journal/templates/sheets/partials/journal_sidebar.hbs @ http://localhost:30000/scripts/foundry.mjs:88936
[   23326ms] [LOG] Foundry VTT | Retrieved and compiled template modules/monks-enhanced-journal/templates/sheets/partials/journal_toc.hbs @ http://localhost:30000/scripts/foundry.mjs:88936
[   23326ms] [LOG] Foundry VTT | Retrieved and compiled template modules/monks-enhanced-journal/templates/sheets/partials/journal_pages.hbs @ http://localhost:30000/scripts/foundry.mjs:88936
[   23326ms] [LOG] Foundry VTT | Retrieved and compiled template templates/journal/page.hbs @ http://localhost:30000/scripts/foundry.mjs:88936
[   23327ms] [LOG] Foundry VTT | Retrieved and compiled template modules/monks-enhanced-journal/templates/sheets/encounter.html @ http://localhost:30000/scripts/foundry.mjs:88936
[   23327ms] [LOG] Foundry VTT | Retrieved and compiled template modules/monks-enhanced-journal/templates/sheets/partials/sheet-header.hbs @ http://localhost:30000/scripts/foundry.mjs:88936
[   23327ms] [LOG] Foundry VTT | Retrieved and compiled template modules/monks-enhanced-journal/templates/sheets/partials/sheet-textentry.hbs @ http://localhost:30000/scripts/foundry.mjs:88936
[   23327ms] [LOG] Foundry VTT | Retrieved and compiled template modules/monks-enhanced-journal/templates/sheets/partials/sheet-monsters.hbs @ http://localhost:30000/scripts/foundry.mjs:88936
[   23328ms] [LOG] Foundry VTT | Retrieved and compiled template modules/monks-enhanced-journal/templates/sheets/partials/sheet-encounter-items.hbs @ http://localhost:30000/scripts/foundry.mjs:88936
[   23328ms] [LOG] Foundry VTT | Retrieved and compiled template modules/monks-enhanced-journal/templates/sheets/partials/sheet-dcs.hbs @ http://localhost:30000/scripts/foundry.mjs:88936
[   23328ms] [LOG] Foundry VTT | Retrieved and compiled template modules/monks-enhanced-journal/templates/sheets/partials/sheet-notes.hbs @ http://localhost:30000/scripts/foundry.mjs:88936
[   23328ms] [LOG] Foundry VTT | Retrieved and compiled template modules/monks-enhanced-journal/templates/sheets/partials/sheet-currency.hbs @ http://localhost:30000/scripts/foundry.mjs:88936
[   23328ms] [LOG] Foundry VTT | Retrieved and compiled template templates/generic/tab-navigation.hbs @ http://localhost:30000/scripts/foundry.mjs:88936
[   23433ms] [LOG] Foundry VTT | Retrieved and compiled template templates/journal/pages/text/view.hbs @ http://localhost:30000/scripts/foundry.mjs:88936
[   24260ms] [LOG] Foundry VTT | Retrieved and compiled template modules/monks-enhanced-journal/templates/sheets/event.html @ http://localhost:30000/scripts/foundry.mjs:88936
[   24260ms] [LOG] Foundry VTT | Retrieved and compiled template modules/monks-enhanced-journal/templates/sheets/partials/sheet-detailed-header.hbs @ http://localhost:30000/scripts/foundry.mjs:88936
[   24260ms] [LOG] Foundry VTT | Retrieved and compiled template modules/monks-enhanced-journal/templates/sheets/partials/sheet-relationships.hbs @ http://localhost:30000/scripts/foundry.mjs:88936
[   25183ms] [LOG] Foundry VTT | Retrieved and compiled template modules/monks-enhanced-journal/templates/sheets/list.html @ http://localhost:30000/scripts/foundry.mjs:88936
[   25184ms] [ERROR] monks-enhanced-journal |  Error: Failed to load template "modules/monks-enhanced-journal/templates/sheets/partials/list-template-undefined.html":
ENOENT: no such file or directory, open '/Users/danbularzik/FoundryVTT-14/Data/Data/modules/monks-enhanced-journal/templates/sheets/partials/list-template-undefined.html'
    at n.<anonymous> (http://localhost:30000/scripts/foundry.mjs:88931:23)
    at o.onack (http://localhost:30000/scripts/socket.io.min.js:6:38915)
    at o.onpacket (http://localhost:30000/scripts/socket.io.min.js:6:38007)
    at I.emit (http://localhost:30000/scripts/socket.io.min.js:6:7218)
    at http://localhost:30000/scripts/socket.io.min.js:6:44086 @ :2
[   26103ms] [ERROR] monks-enhanced-journal |  Error: Failed to load template "modules/monks-enhanced-journal/templates/sheets/partials/list-template-undefined.html":
ENOENT: no such file or directory, open '/Users/danbularzik/FoundryVTT-14/Data/Data/modules/monks-enhanced-journal/templates/sheets/partials/list-template-undefined.html'
    at n.<anonymous> (http://localhost:30000/scripts/foundry.mjs:88931:23)
    at o.onack (http://localhost:30000/scripts/socket.io.min.js:6:38915)
    at o.onpacket (http://localhost:30000/scripts/socket.io.min.js:6:38007)
    at I.emit (http://localhost:30000/scripts/socket.io.min.js:6:7218)
    at http://localhost:30000/scripts/socket.io.min.js:6:44086 @ :2
[   26105ms] [LOG] Foundry VTT | Retrieved and compiled template modules/monks-enhanced-journal/templates/sheets/loot.html @ http://localhost:30000/scripts/foundry.mjs:88936
[   26106ms] [LOG] Foundry VTT | Retrieved and compiled template modules/monks-enhanced-journal/templates/sheets/partials/sheet-loot-items.hbs @ http://localhost:30000/scripts/foundry.mjs:88936
[   27021ms] [LOG] Foundry VTT | Retrieved and compiled template modules/monks-enhanced-journal/templates/sheets/organization.html @ http://localhost:30000/scripts/foundry.mjs:88936
[   27021ms] [LOG] Foundry VTT | Retrieved and compiled template modules/monks-enhanced-journal/templates/sheets/partials/sheet-offerings.hbs @ http://localhost:30000/scripts/foundry.mjs:88936
[   27952ms] [LOG] Foundry VTT | Retrieved and compiled template modules/monks-enhanced-journal/templates/sheets/person.html @ http://localhost:30000/scripts/foundry.mjs:88936
[   27953ms] [LOG] Foundry VTT | Retrieved and compiled template modules/monks-enhanced-journal/templates/sheets/partials/sheet-details.hbs @ http://localhost:30000/scripts/foundry.mjs:88936
[   28880ms] [LOG] Foundry VTT | Retrieved and compiled template modules/monks-enhanced-journal/templates/sheets/picture.html @ http://localhost:30000/scripts/foundry.mjs:88936
[   28880ms] [LOG] Foundry VTT | Retrieved and compiled template modules/monks-enhanced-journal/templates/sheets/partials/sheet-image.hbs @ http://localhost:30000/scripts/foundry.mjs:88936
[   29799ms] [LOG] Foundry VTT | Retrieved and compiled template modules/monks-enhanced-journal/templates/sheets/place.html @ http://localhost:30000/scripts/foundry.mjs:88936
[   30731ms] [LOG] Foundry VTT | Retrieved and compiled template modules/monks-enhanced-journal/templates/sheets/poi.html @ http://localhost:30000/scripts/foundry.mjs:88936
[   31670ms] [LOG] Foundry VTT | Retrieved and compiled template modules/monks-enhanced-journal/templates/sheets/quest.html @ http://localhost:30000/scripts/foundry.mjs:88936
[   31670ms] [LOG] Foundry VTT | Retrieved and compiled template modules/monks-enhanced-journal/templates/sheets/partials/sheet-objectives.hbs @ http://localhost:30000/scripts/foundry.mjs:88936
[   31671ms] [LOG] Foundry VTT | Retrieved and compiled template modules/monks-enhanced-journal/templates/sheets/partials/sheet-rewards.hbs @ http://localhost:30000/scripts/foundry.mjs:88936
[   31671ms] [LOG] Foundry VTT | Retrieved and compiled template modules/monks-enhanced-journal/templates/sheets/partials/sheet-reward-items.hbs @ http://localhost:30000/scripts/foundry.mjs:88936
[   32602ms] [LOG] Foundry VTT | Retrieved and compiled template modules/monks-enhanced-journal/templates/sheets/shop.html @ http://localhost:30000/scripts/foundry.mjs:88936
[   32602ms] [LOG] Foundry VTT | Retrieved and compiled template modules/monks-enhanced-journal/templates/sheets/partials/sheet-shop-details.hbs @ http://localhost:30000/scripts/foundry.mjs:88936
[   32602ms] [LOG] Foundry VTT | Retrieved and compiled template modules/monks-enhanced-journal/templates/sheets/partials/sheet-transactions.hbs @ http://localhost:30000/scripts/foundry.mjs:88936
[   32602ms] [LOG] Foundry VTT | Retrieved and compiled template modules/monks-enhanced-journal/templates/sheets/partials/sheet-shop-items.hbs @ http://localhost:30000/scripts/foundry.mjs:88936
[   33539ms] [LOG] Foundry VTT | Retrieved and compiled template modules/monks-enhanced-journal/templates/sheets/slideshow.html @ http://localhost:30000/scripts/foundry.mjs:88936
[   33539ms] [LOG] Foundry VTT | Retrieved and compiled template modules/monks-enhanced-journal/templates/sheets/partials/sheet-slide-details.hbs @ http://localhost:30000/scripts/foundry.mjs:88936
[   33539ms] [LOG] Foundry VTT | Retrieved and compiled template modules/monks-enhanced-journal/templates/sheets/partials/sheet-slides.hbs @ http://localhost:30000/scripts/foundry.mjs:88936
[   71112ms] [LOG] Foundry VTT | Retrieved and compiled template templates/journal/toc.hbs @ http://localhost:30000/scripts/foundry.mjs:88936
[   72211ms] [LOG] Foundry VTT | Retrieved and compiled template modules/monks-enhanced-journal/templates/dialog-show.html @ http://localhost:30000/scripts/foundry.mjs:88936
