[     623ms] [LOG] _______________________________________________________________
 _____ ___  _   _ _   _ ____  ______   __ __     _______ _____
|  ___/ _ \| | | | \ | |  _ \|  _ \ \ / / \ \   / |_   _|_   _|
| |_ | | | | | | |  \| | | | | |_) \ V /   \ \ / /  | |   | |
|  _|| |_| | |_| | |\  | |_| |  _ < | |     \ V /   | |   | |
|_|   \___/ \___/|_| \_|____/|_| \_\|_|      \_/    |_|   |_|
=============================================================== @ http://localhost:30000/scripts/foundry.mjs:219222
[     625ms] [LOG] Foundry VTT | Foundry Virtual Tabletop ESModule loaded @ http://localhost:30000/scripts/foundry.mjs:219223
[     717ms] [LOG] Foundry VTT | Connected to server socket using session 8c9ff8a14bd4db3301b7fd0b @ http://localhost:30000/scripts/foundry.mjs:205572
[     743ms] [LOG] Foundry VTT | Initializing Foundry Virtual Tabletop Game @ http://localhost:30000/scripts/foundry.mjs:205727
[     842ms] [LOG] Foundry VTT | Loaded localization file lang/en.json @ http://localhost:30000/scripts/foundry.mjs:204562
[    1054ms] [LOG] Foundry VTT | Retrieved and compiled template templates/setup/parts/setup-menu.hbs @ http://localhost:30000/scripts/foundry.mjs:88936
[    1080ms] [LOG] Foundry VTT | Retrieved and compiled template templates/setup/setup-packages-header.hbs @ http://localhost:30000/scripts/foundry.mjs:88936
[    1081ms] [LOG] Foundry VTT | Retrieved and compiled template templates/setup/setup-packages-worlds.hbs @ http://localhost:30000/scripts/foundry.mjs:88936
[    1082ms] [LOG] Foundry VTT | Retrieved and compiled template templates/setup/parts/package-tags.hbs @ http://localhost:30000/scripts/foundry.mjs:88936
[    1082ms] [LOG] Foundry VTT | Retrieved and compiled template templates/setup/parts/package-gallery.hbs @ http://localhost:30000/scripts/foundry.mjs:88936
[    1082ms] [LOG] Foundry VTT | Retrieved and compiled template templates/setup/parts/package-tiles.hbs @ http://localhost:30000/scripts/foundry.mjs:88936
[    1082ms] [LOG] Foundry VTT | Retrieved and compiled template templates/setup/parts/package-details.hbs @ http://localhost:30000/scripts/foundry.mjs:88936
[    1082ms] [LOG] Foundry VTT | Retrieved and compiled template templates/setup/setup-packages-systems.hbs @ http://localhost:30000/scripts/foundry.mjs:88936
[    1082ms] [LOG] Foundry VTT | Retrieved and compiled template templates/setup/setup-packages-modules.hbs @ http://localhost:30000/scripts/foundry.mjs:88936
[    1186ms] [LOG] Foundry VTT | Retrieved and compiled template templates/setup/parts/setup-news.hbs @ http://localhost:30000/scripts/foundry.mjs:88936
[    1189ms] [LOG] Foundry VTT | Retrieved and compiled template templates/setup/parts/setup-featured.hbs @ http://localhost:30000/scripts/foundry.mjs:88936
[    1210ms] [ERROR] Foundry Virtual Tabletop requires a usable window dimensions of 1024px by 768px or greater. The current dimensions of this window are 1200px by 674px. You currently have a zoom factor applied either at the operating system or browser level, which is reducing the effective size of your window. You must enlarge the size of your window or reduce the zoom factor applied to your browser, or else some features of the software will not work properly.  @ http://localhost:30000/scripts/foundry.mjs:145066
[    1220ms] [LOG] Foundry VTT | Retrieved and compiled template templates/apps/tour-step.html @ http://localhost:30000/scripts/foundry.mjs:88936
[    1282ms] [LOG] Foundry VTT | Fonts loaded and ready. @ http://localhost:30000/scripts/foundry.mjs:99340
[    9760ms] [ERROR] Foundry Virtual Tabletop requires a usable window dimensions of 1024px by 768px or greater. The current dimensions of this window are 1361px by 674px. You currently have a zoom factor applied either at the operating system or browser level, which is reducing the effective size of your window. You must enlarge the size of your window or reduce the zoom factor applied to your browser, or else some features of the software will not work properly.  @ http://localhost:30000/scripts/foundry.mjs:145066
[   15282ms] [ERROR] Foundry Virtual Tabletop requires a usable window dimensions of 1024px by 768px or greater. The current dimensions of this window are 1512px by 749px. You currently have a zoom factor applied either at the operating system or browser level, which is reducing the effective size of your window. You must enlarge the size of your window or reduce the zoom factor applied to your browser, or else some features of the software will not work properly.  @ http://localhost:30000/scripts/foundry.mjs:145066
[   46555ms] [LOG] _______________________________________________________________
 _____ ___  _   _ _   _ ____  ______   __ __     _______ _____
|  ___/ _ \| | | | \ | |  _ \|  _ \ \ / / \ \   / |_   _|_   _|
| |_ | | | | | | |  \| | | | | |_) \ V /   \ \ / /  | |   | |
|  _|| |_| | |_| | |\  | |_| |  _ < | |     \ V /   | |   | |
|_|   \___/ \___/|_| \_|____/|_| \_\|_|      \_/    |_|   |_|
=============================================================== @ http://localhost:30000/scripts/foundry.mjs:219222
[   46555ms] [LOG] Foundry VTT | Foundry Virtual Tabletop ESModule loaded @ http://localhost:30000/scripts/foundry.mjs:219223
[   46598ms] [LOG] Foundry VTT | Connected to server socket using session 8c9ff8a14bd4db3301b7fd0b @ http://localhost:30000/scripts/foundry.mjs:205572
[   46601ms] [LOG] Foundry VTT | Initializing Foundry Virtual Tabletop Game @ http://localhost:30000/scripts/foundry.mjs:205727
[   46609ms] [LOG] Foundry VTT | Loaded localization file lang/en.json @ http://localhost:30000/scripts/foundry.mjs:204562
[   46639ms] [LOG] Foundry VTT | Retrieved and compiled template templates/setup/parts/join-form.hbs @ http://localhost:30000/scripts/foundry.mjs:88936
[   46640ms] [LOG] Foundry VTT | Retrieved and compiled template templates/setup/parts/join-details.hbs @ http://localhost:30000/scripts/foundry.mjs:88936
[   46640ms] [LOG] Foundry VTT | Retrieved and compiled template templates/setup/parts/join-setup.hbs @ http://localhost:30000/scripts/foundry.mjs:88936
[   46640ms] [LOG] Foundry VTT | Retrieved and compiled template templates/setup/parts/join-world.hbs @ http://localhost:30000/scripts/foundry.mjs:88936
[   46746ms] [VERBOSE] [DOM] Password forms should have (optionally hidden) username fields for accessibility: (More info: https://goo.gl/9p2vKq) %o @ http://localhost:30000/join:0
[   46746ms] [VERBOSE] [DOM] Password forms should have (optionally hidden) username fields for accessibility: (More info: https://goo.gl/9p2vKq) %o @ http://localhost:30000/join:0
[   63239ms] [INFO] Login as Gamemaster successful, joining game!  @ http://localhost:30000/scripts/foundry.mjs:145066
[   63886ms] [LOG] _______________________________________________________________
 _____ ___  _   _ _   _ ____  ______   __ __     _______ _____
|  ___/ _ \| | | | \ | |  _ \|  _ \ \ / / \ \   / |_   _|_   _|
| |_ | | | | | | |  \| | | | | |_) \ V /   \ \ / /  | |   | |
|  _|| |_| | |_| | |\  | |_| |  _ < | |     \ V /   | |   | |
|_|   \___/ \___/|_| \_|____/|_| \_\|_|      \_/    |_|   |_|
=============================================================== @ http://localhost:30000/scripts/foundry.mjs:219222
[   63886ms] [LOG] Foundry VTT | Foundry Virtual Tabletop ESModule loaded @ http://localhost:30000/scripts/foundry.mjs:219223
[   63928ms] [LOG] Foundry VTT | Connected to server socket using session 8c9ff8a14bd4db3301b7fd0b @ http://localhost:30000/scripts/foundry.mjs:205572
[   64147ms] [LOG] Foundry VTT | Initializing Foundry Virtual Tabletop Game @ http://localhost:30000/scripts/foundry.mjs:205727
[   64147ms] [LOG] %cD&D 5e | %cInitializing the D&D Fifth Game System - Version 5.3.3
_______________________________
______      ______ _____ _____
|  _  \___  |  _  \  ___|  ___|
| | | ( _ ) | | | |___ \| |__
| | | / _ \/\ | | |   \ \  __|
| |/ / (_>  < |/ //\__/ / |___
|___/ \___/\/___/ \____/\____/
_______________________________ color: #6e0000; font-variant: small-caps color: revert @ http://localhost:30000/systems/dnd5e/dnd5e.mjs:514
[   64150ms] [LOG] %cD&D 5e | %cRegistered Dungeons & Dragons Fifth Edition data: source books color: #6e0000; font-variant: small-caps color: revert @ http://localhost:30000/systems/dnd5e/dnd5e.mjs:514
[   64150ms] [LOG] %cD&D 5e | %cRegistered redirects to SRD for dnd-players-handbook color: #6e0000; font-variant: small-caps color: revert @ http://localhost:30000/systems/dnd5e/dnd5e.mjs:514
[   64150ms] [LOG] %cD&D 5e | %cRegistered redirects to SRD for dnd-dungeon-masters-guide color: #6e0000; font-variant: small-caps color: revert @ http://localhost:30000/systems/dnd5e/dnd5e.mjs:514
[   64150ms] [LOG] %cD&D 5e | %cRegistered redirects to SRD for dnd-monster-manual color: #6e0000; font-variant: small-caps color: revert @ http://localhost:30000/systems/dnd5e/dnd5e.mjs:514
[   64156ms] [LOG] Foundry VTT | Retrieved and compiled template systems/dnd5e/templates/shared/active-effects.hbs @ http://localhost:30000/scripts/foundry.mjs:88936
[   64156ms] [LOG] Foundry VTT | Retrieved and compiled template systems/dnd5e/templates/shared/active-effects.hbs @ http://localhost:30000/scripts/foundry.mjs:88936
[   64156ms] [LOG] Foundry VTT | Retrieved and compiled template systems/dnd5e/templates/apps/parts/trait-list.hbs @ http://localhost:30000/scripts/foundry.mjs:88936
[   64156ms] [LOG] Foundry VTT | Retrieved and compiled template systems/dnd5e/templates/apps/parts/trait-list.hbs @ http://localhost:30000/scripts/foundry.mjs:88936
[   64157ms] [LOG] Foundry VTT | Retrieved and compiled template systems/dnd5e/templates/apps/parts/traits-list.hbs @ http://localhost:30000/scripts/foundry.mjs:88936
[   64159ms] [LOG] Foundry VTT | Retrieved and compiled template systems/dnd5e/templates/apps/parts/traits-list.hbs @ http://localhost:30000/scripts/foundry.mjs:88936
[   64160ms] [LOG] Foundry VTT | Retrieved and compiled template systems/dnd5e/templates/actors/parts/actor-classes.hbs @ http://localhost:30000/scripts/foundry.mjs:88936
[   64163ms] [LOG] Foundry VTT | Retrieved and compiled template systems/dnd5e/templates/actors/parts/actor-classes.hbs @ http://localhost:30000/scripts/foundry.mjs:88936
[   64163ms] [LOG] Foundry VTT | Loaded localization file lang/en.json @ http://localhost:30000/scripts/foundry.mjs:204562
[   64166ms] [LOG] Foundry VTT | Retrieved and compiled template systems/dnd5e/templates/actors/parts/actor-trait-pills.hbs @ http://localhost:30000/scripts/foundry.mjs:88936
[   64166ms] [LOG] Foundry VTT | Retrieved and compiled template systems/dnd5e/templates/actors/parts/actor-trait-pills.hbs @ http://localhost:30000/scripts/foundry.mjs:88936
[   64166ms] [LOG] Foundry VTT | Retrieved and compiled template systems/dnd5e/templates/actors/parts/actor-traits.hbs @ http://localhost:30000/scripts/foundry.mjs:88936
[   64166ms] [LOG] Foundry VTT | Retrieved and compiled template systems/dnd5e/templates/actors/parts/actor-traits.hbs @ http://localhost:30000/scripts/foundry.mjs:88936
[   64166ms] [LOG] Foundry VTT | Retrieved and compiled template systems/dnd5e/templates/actors/parts/actor-features.hbs @ http://localhost:30000/scripts/foundry.mjs:88936
[   64166ms] [LOG] Foundry VTT | Retrieved and compiled template systems/dnd5e/templates/actors/parts/actor-features.hbs @ http://localhost:30000/scripts/foundry.mjs:88936
[   64166ms] [LOG] Foundry VTT | Retrieved and compiled template systems/dnd5e/templates/actors/parts/actor-spellbook.hbs @ http://localhost:30000/scripts/foundry.mjs:88936
[   64166ms] [LOG] Foundry VTT | Retrieved and compiled template systems/dnd5e/templates/actors/parts/actor-spellbook.hbs @ http://localhost:30000/scripts/foundry.mjs:88936
[   64166ms] [LOG] Foundry VTT | Retrieved and compiled template systems/dnd5e/templates/actors/parts/actor-warnings.hbs @ http://localhost:30000/scripts/foundry.mjs:88936
[   64168ms] [LOG] Foundry VTT | Retrieved and compiled template systems/dnd5e/templates/actors/parts/actor-warnings.hbs @ http://localhost:30000/scripts/foundry.mjs:88936
[   64168ms] [LOG] Foundry VTT | Loaded localization file systems/dnd5e/lang/en.json @ http://localhost:30000/scripts/foundry.mjs:204562
[   64215ms] [LOG] Foundry VTT | Retrieved and compiled template systems/dnd5e/templates/actors/parts/actor-warnings-dialog.hbs @ http://localhost:30000/scripts/foundry.mjs:88936
[   64215ms] [LOG] Foundry VTT | Retrieved and compiled template systems/dnd5e/templates/actors/parts/actor-warnings-dialog.hbs @ http://localhost:30000/scripts/foundry.mjs:88936
[   64215ms] [LOG] Foundry VTT | Retrieved and compiled template systems/dnd5e/templates/actors/parts/biography-textbox.hbs @ http://localhost:30000/scripts/foundry.mjs:88936
[   64215ms] [LOG] Foundry VTT | Retrieved and compiled template systems/dnd5e/templates/actors/parts/biography-textbox.hbs @ http://localhost:30000/scripts/foundry.mjs:88936
[   64215ms] [LOG] Foundry VTT | Retrieved and compiled template systems/dnd5e/templates/actors/tabs/character-bastion.hbs @ http://localhost:30000/scripts/foundry.mjs:88936
[   64215ms] [LOG] Foundry VTT | Retrieved and compiled template systems/dnd5e/templates/actors/tabs/character-bastion.hbs @ http://localhost:30000/scripts/foundry.mjs:88936
[   64215ms] [LOG] Foundry VTT | Retrieved and compiled template systems/dnd5e/templates/actors/tabs/character-biography.hbs @ http://localhost:30000/scripts/foundry.mjs:88936
[   64215ms] [LOG] Foundry VTT | Retrieved and compiled template systems/dnd5e/templates/actors/tabs/character-biography.hbs @ http://localhost:30000/scripts/foundry.mjs:88936
[   64215ms] [LOG] Foundry VTT | Retrieved and compiled template systems/dnd5e/templates/actors/tabs/character-details.hbs @ http://localhost:30000/scripts/foundry.mjs:88936
[   64215ms] [LOG] Foundry VTT | Retrieved and compiled template systems/dnd5e/templates/actors/tabs/character-details.hbs @ http://localhost:30000/scripts/foundry.mjs:88936
[   64215ms] [LOG] Foundry VTT | Retrieved and compiled template systems/dnd5e/templates/actors/tabs/creature-special-traits.hbs @ http://localhost:30000/scripts/foundry.mjs:88936
[   64216ms] [LOG] Foundry VTT | Retrieved and compiled template systems/dnd5e/templates/actors/tabs/creature-special-traits.hbs @ http://localhost:30000/scripts/foundry.mjs:88936
[   64216ms] [LOG] Foundry VTT | Retrieved and compiled template systems/dnd5e/templates/actors/tabs/npc-biography.hbs @ http://localhost:30000/scripts/foundry.mjs:88936
[   64216ms] [LOG] Foundry VTT | Retrieved and compiled template systems/dnd5e/templates/actors/tabs/npc-biography.hbs @ http://localhost:30000/scripts/foundry.mjs:88936
[   64216ms] [LOG] Foundry VTT | Retrieved and compiled template systems/dnd5e/templates/chat/parts/card-activities.hbs @ http://localhost:30000/scripts/foundry.mjs:88936
[   64216ms] [LOG] Foundry VTT | Retrieved and compiled template systems/dnd5e/templates/chat/parts/card-activities.hbs @ http://localhost:30000/scripts/foundry.mjs:88936
[   64216ms] [LOG] Foundry VTT | Retrieved and compiled template systems/dnd5e/templates/chat/parts/card-deltas.hbs @ http://localhost:30000/scripts/foundry.mjs:88936
[   64216ms] [LOG] Foundry VTT | Retrieved and compiled template systems/dnd5e/templates/chat/parts/card-deltas.hbs @ http://localhost:30000/scripts/foundry.mjs:88936
[   64216ms] [LOG] Foundry VTT | Retrieved and compiled template systems/dnd5e/templates/items/details/details-background.hbs @ http://localhost:30000/scripts/foundry.mjs:88936
[   64216ms] [LOG] Foundry VTT | Retrieved and compiled template systems/dnd5e/templates/items/details/details-background.hbs @ http://localhost:30000/scripts/foundry.mjs:88936
[   64216ms] [LOG] Foundry VTT | Retrieved and compiled template systems/dnd5e/templates/items/details/details-class.hbs @ http://localhost:30000/scripts/foundry.mjs:88936
[   64216ms] [LOG] Foundry VTT | Retrieved and compiled template systems/dnd5e/templates/items/details/details-class.hbs @ http://localhost:30000/scripts/foundry.mjs:88936
[   64216ms] [LOG] Foundry VTT | Retrieved and compiled template systems/dnd5e/templates/items/details/details-consumable.hbs @ http://localhost:30000/scripts/foundry.mjs:88936
[   64216ms] [LOG] Foundry VTT | Retrieved and compiled template systems/dnd5e/templates/items/details/details-consumable.hbs @ http://localhost:30000/scripts/foundry.mjs:88936
[   64216ms] [LOG] Foundry VTT | Retrieved and compiled template systems/dnd5e/templates/items/details/details-container.hbs @ http://localhost:30000/scripts/foundry.mjs:88936
[   64216ms] [LOG] Foundry VTT | Retrieved and compiled template systems/dnd5e/templates/items/details/details-container.hbs @ http://localhost:30000/scripts/foundry.mjs:88936
[   64216ms] [LOG] Foundry VTT | Retrieved and compiled template systems/dnd5e/templates/items/details/details-equipment.hbs @ http://localhost:30000/scripts/foundry.mjs:88936
[   64216ms] [LOG] Foundry VTT | Retrieved and compiled template systems/dnd5e/templates/items/details/details-equipment.hbs @ http://localhost:30000/scripts/foundry.mjs:88936
[   64216ms] [LOG] Foundry VTT | Retrieved and compiled template systems/dnd5e/templates/items/details/details-facility.hbs @ http://localhost:30000/scripts/foundry.mjs:88936
[   64217ms] [LOG] Foundry VTT | Retrieved and compiled template systems/dnd5e/templates/items/details/details-facility.hbs @ http://localhost:30000/scripts/foundry.mjs:88936
[   64217ms] [LOG] Foundry VTT | Retrieved and compiled template systems/dnd5e/templates/items/details/details-feat.hbs @ http://localhost:30000/scripts/foundry.mjs:88936
[   64217ms] [LOG] Foundry VTT | Retrieved and compiled template systems/dnd5e/templates/items/details/details-feat.hbs @ http://localhost:30000/scripts/foundry.mjs:88936
[   64217ms] [LOG] Foundry VTT | Retrieved and compiled template systems/dnd5e/templates/items/details/details-loot.hbs @ http://localhost:30000/scripts/foundry.mjs:88936
[   64217ms] [LOG] Foundry VTT | Retrieved and compiled template systems/dnd5e/templates/items/details/details-loot.hbs @ http://localhost:30000/scripts/foundry.mjs:88936
[   64217ms] [LOG] Foundry VTT | Retrieved and compiled template systems/dnd5e/templates/items/details/details-mountable.hbs @ http://localhost:30000/scripts/foundry.mjs:88936
[   64217ms] [LOG] Foundry VTT | Retrieved and compiled template systems/dnd5e/templates/items/details/details-mountable.hbs @ http://localhost:30000/scripts/foundry.mjs:88936
[   64217ms] [LOG] Foundry VTT | Retrieved and compiled template systems/dnd5e/templates/items/details/details-species.hbs @ http://localhost:30000/scripts/foundry.mjs:88936
[   64217ms] [LOG] Foundry VTT | Retrieved and compiled template systems/dnd5e/templates/items/details/details-species.hbs @ http://localhost:30000/scripts/foundry.mjs:88936
[   64217ms] [LOG] Foundry VTT | Retrieved and compiled template systems/dnd5e/templates/items/details/details-spell.hbs @ http://localhost:30000/scripts/foundry.mjs:88936
[   64217ms] [LOG] Foundry VTT | Retrieved and compiled template systems/dnd5e/templates/items/details/details-spell.hbs @ http://localhost:30000/scripts/foundry.mjs:88936
[   64217ms] [LOG] Foundry VTT | Retrieved and compiled template systems/dnd5e/templates/items/details/details-spellcasting.hbs @ http://localhost:30000/scripts/foundry.mjs:88936
[   64217ms] [LOG] Foundry VTT | Retrieved and compiled template systems/dnd5e/templates/items/details/details-spellcasting.hbs @ http://localhost:30000/scripts/foundry.mjs:88936
[   64217ms] [LOG] Foundry VTT | Retrieved and compiled template systems/dnd5e/templates/items/details/details-starting-equipment.hbs @ http://localhost:30000/scripts/foundry.mjs:88936
[   64217ms] [LOG] Foundry VTT | Retrieved and compiled template systems/dnd5e/templates/items/details/details-starting-equipment.hbs @ http://localhost:30000/scripts/foundry.mjs:88936
[   64217ms] [LOG] Foundry VTT | Retrieved and compiled template systems/dnd5e/templates/items/details/details-subclass.hbs @ http://localhost:30000/scripts/foundry.mjs:88936
[   64217ms] [LOG] Foundry VTT | Retrieved and compiled template systems/dnd5e/templates/items/details/details-subclass.hbs @ http://localhost:30000/scripts/foundry.mjs:88936
[   64218ms] [LOG] Foundry VTT | Retrieved and compiled template systems/dnd5e/templates/items/details/details-tool.hbs @ http://localhost:30000/scripts/foundry.mjs:88936
[   64218ms] [LOG] Foundry VTT | Retrieved and compiled template systems/dnd5e/templates/items/details/details-tool.hbs @ http://localhost:30000/scripts/foundry.mjs:88936
[   64218ms] [LOG] Foundry VTT | Retrieved and compiled template systems/dnd5e/templates/items/details/details-weapon.hbs @ http://localhost:30000/scripts/foundry.mjs:88936
[   64218ms] [LOG] Foundry VTT | Retrieved and compiled template systems/dnd5e/templates/items/details/details-weapon.hbs @ http://localhost:30000/scripts/foundry.mjs:88936
[   64218ms] [LOG] Foundry VTT | Retrieved and compiled template systems/dnd5e/templates/items/parts/item-summary.hbs @ http://localhost:30000/scripts/foundry.mjs:88936
[   64218ms] [LOG] Foundry VTT | Retrieved and compiled template systems/dnd5e/templates/items/parts/item-summary.hbs @ http://localhost:30000/scripts/foundry.mjs:88936
[   64218ms] [LOG] Foundry VTT | Retrieved and compiled template systems/dnd5e/templates/items/parts/item-tooltip.hbs @ http://localhost:30000/scripts/foundry.mjs:88936
[   64218ms] [LOG] Foundry VTT | Retrieved and compiled template systems/dnd5e/templates/items/parts/item-tooltip.hbs @ http://localhost:30000/scripts/foundry.mjs:88936
[   64218ms] [LOG] Foundry VTT | Retrieved and compiled template systems/dnd5e/templates/items/parts/spell-block.hbs @ http://localhost:30000/scripts/foundry.mjs:88936
[   64218ms] [LOG] Foundry VTT | Retrieved and compiled template systems/dnd5e/templates/items/parts/spell-block.hbs @ http://localhost:30000/scripts/foundry.mjs:88936
[   64218ms] [LOG] Foundry VTT | Retrieved and compiled template systems/dnd5e/templates/shared/fields/field-activation.hbs @ http://localhost:30000/scripts/foundry.mjs:88936
[   64218ms] [LOG] Foundry VTT | Retrieved and compiled template systems/dnd5e/templates/shared/fields/field-activation.hbs @ http://localhost:30000/scripts/foundry.mjs:88936
[   64218ms] [LOG] Foundry VTT | Retrieved and compiled template systems/dnd5e/templates/shared/fields/field-damage.hbs @ http://localhost:30000/scripts/foundry.mjs:88936
[   64218ms] [LOG] Foundry VTT | Retrieved and compiled template systems/dnd5e/templates/shared/fields/field-damage.hbs @ http://localhost:30000/scripts/foundry.mjs:88936
[   64218ms] [LOG] Foundry VTT | Retrieved and compiled template systems/dnd5e/templates/shared/fields/field-duration.hbs @ http://localhost:30000/scripts/foundry.mjs:88936
[   64218ms] [LOG] Foundry VTT | Retrieved and compiled template systems/dnd5e/templates/shared/fields/field-duration.hbs @ http://localhost:30000/scripts/foundry.mjs:88936
[   64218ms] [LOG] Foundry VTT | Retrieved and compiled template systems/dnd5e/templates/shared/fields/field-range.hbs @ http://localhost:30000/scripts/foundry.mjs:88936
[   64218ms] [LOG] Foundry VTT | Retrieved and compiled template systems/dnd5e/templates/shared/fields/field-range.hbs @ http://localhost:30000/scripts/foundry.mjs:88936
[   64218ms] [LOG] Foundry VTT | Retrieved and compiled template systems/dnd5e/templates/shared/fields/field-targets.hbs @ http://localhost:30000/scripts/foundry.mjs:88936
[   64218ms] [LOG] Foundry VTT | Retrieved and compiled template systems/dnd5e/templates/shared/fields/field-targets.hbs @ http://localhost:30000/scripts/foundry.mjs:88936
[   64219ms] [LOG] Foundry VTT | Retrieved and compiled template systems/dnd5e/templates/shared/fields/field-uses.hbs @ http://localhost:30000/scripts/foundry.mjs:88936
[   64219ms] [LOG] Foundry VTT | Retrieved and compiled template systems/dnd5e/templates/shared/fields/field-uses.hbs @ http://localhost:30000/scripts/foundry.mjs:88936
[   64219ms] [LOG] Foundry VTT | Retrieved and compiled template systems/dnd5e/templates/shared/fields/fieldlist.hbs @ http://localhost:30000/scripts/foundry.mjs:88936
[   64219ms] [LOG] Foundry VTT | Retrieved and compiled template systems/dnd5e/templates/shared/fields/fieldlist.hbs @ http://localhost:30000/scripts/foundry.mjs:88936
[   64219ms] [LOG] Foundry VTT | Retrieved and compiled template systems/dnd5e/templates/shared/fields/formlist.hbs @ http://localhost:30000/scripts/foundry.mjs:88936
[   64219ms] [LOG] Foundry VTT | Retrieved and compiled template systems/dnd5e/templates/shared/fields/formlist.hbs @ http://localhost:30000/scripts/foundry.mjs:88936
[   64219ms] [LOG] Foundry VTT | Retrieved and compiled template systems/dnd5e/templates/journal/parts/journal-legacy-traits.hbs @ http://localhost:30000/scripts/foundry.mjs:88936
[   64219ms] [LOG] Foundry VTT | Retrieved and compiled template systems/dnd5e/templates/journal/parts/journal-legacy-traits.hbs @ http://localhost:30000/scripts/foundry.mjs:88936
[   64219ms] [LOG] Foundry VTT | Retrieved and compiled template systems/dnd5e/templates/journal/parts/journal-modern-traits.hbs @ http://localhost:30000/scripts/foundry.mjs:88936
[   64219ms] [LOG] Foundry VTT | Retrieved and compiled template systems/dnd5e/templates/journal/parts/journal-modern-traits.hbs @ http://localhost:30000/scripts/foundry.mjs:88936
[   64219ms] [LOG] Foundry VTT | Retrieved and compiled template systems/dnd5e/templates/journal/parts/journal-table.hbs @ http://localhost:30000/scripts/foundry.mjs:88936
[   64219ms] [LOG] Foundry VTT | Retrieved and compiled template systems/dnd5e/templates/journal/parts/journal-table.hbs @ http://localhost:30000/scripts/foundry.mjs:88936
[   64219ms] [LOG] Foundry VTT | Retrieved and compiled template systems/dnd5e/templates/activity/parts/activity-usage-notes.hbs @ http://localhost:30000/scripts/foundry.mjs:88936
[   64219ms] [LOG] Foundry VTT | Retrieved and compiled template systems/dnd5e/templates/activity/parts/activity-usage-notes.hbs @ http://localhost:30000/scripts/foundry.mjs:88936
[   64219ms] [LOG] Foundry VTT | Retrieved and compiled template systems/dnd5e/templates/advancement/parts/advancement-controls.hbs @ http://localhost:30000/scripts/foundry.mjs:88936
[   64219ms] [LOG] Foundry VTT | Retrieved and compiled template systems/dnd5e/templates/advancement/parts/advancement-controls.hbs @ http://localhost:30000/scripts/foundry.mjs:88936
[   64219ms] [LOG] Foundry VTT | Retrieved and compiled template systems/dnd5e/templates/advancement/parts/advancement-spell-config.hbs @ http://localhost:30000/scripts/foundry.mjs:88936
[   64219ms] [LOG] Foundry VTT | Retrieved and compiled template systems/dnd5e/templates/advancement/parts/advancement-spell-config.hbs @ http://localhost:30000/scripts/foundry.mjs:88936
[   64254ms] [LOG] %cD&D 5e | %cFinished setting up Spells (SRD): default sorting color: #6e0000; font-variant: small-caps color: revert @ http://localhost:30000/systems/dnd5e/dnd5e.mjs:514
[   64254ms] [LOG] %cD&D 5e | %cFinished setting up Rules (SRD): table of contents color: #6e0000; font-variant: small-caps color: revert @ http://localhost:30000/systems/dnd5e/dnd5e.mjs:514
[   64254ms] [LOG] %cD&D 5e | %cFinished setting up Rules: table of contents color: #6e0000; font-variant: small-caps color: revert @ http://localhost:30000/systems/dnd5e/dnd5e.mjs:514
[   64254ms] [LOG] %cD&D 5e | %cFinished setting up Spells: default sorting color: #6e0000; font-variant: small-caps color: revert @ http://localhost:30000/systems/dnd5e/dnd5e.mjs:514
[   64254ms] [LOG] %cD&D 5e | %cFinished setting up Actors: default sorting color: #6e0000; font-variant: small-caps color: revert @ http://localhost:30000/systems/dnd5e/dnd5e.mjs:514
[   64298ms] [LOG] Foundry VTT | Retrieved and compiled template templates/ui/scene-navigation.hbs @ http://localhost:30000/scripts/foundry.mjs:88936
[   64309ms] [LOG] Foundry VTT | Retrieved and compiled template templates/sidebar/tabs.hbs @ http://localhost:30000/scripts/foundry.mjs:88936
[   64309ms] [LOG] Foundry VTT | Retrieved and compiled template templates/sidebar/tab.hbs @ http://localhost:30000/scripts/foundry.mjs:88936
[   64313ms] [LOG] Foundry VTT | Retrieved and compiled template templates/ui/players.hbs @ http://localhost:30000/scripts/foundry.mjs:88936
[   64315ms] [LOG] Foundry VTT | Retrieved and compiled template templates/ui/hotbar.hbs @ http://localhost:30000/scripts/foundry.mjs:88936
[   64317ms] [LOG] Foundry VTT | Retrieved and compiled template templates/ui/scene-controls-layers.hbs @ http://localhost:30000/scripts/foundry.mjs:88936
[   64317ms] [LOG] Foundry VTT | Retrieved and compiled template templates/ui/scene-controls-tools.hbs @ http://localhost:30000/scripts/foundry.mjs:88936
[   64337ms] [LOG] Foundry VTT | Retrieved and compiled template templates/sidebar/tabs/chat/log.hbs @ http://localhost:30000/scripts/foundry.mjs:88936
[   64337ms] [LOG] Foundry VTT | Retrieved and compiled template templates/sidebar/tabs/chat/notifications.hbs @ http://localhost:30000/scripts/foundry.mjs:88936
[   64337ms] [LOG] Foundry VTT | Retrieved and compiled template templates/sidebar/tabs/chat/input.hbs @ http://localhost:30000/scripts/foundry.mjs:88936
[   64364ms] [LOG] Foundry VTT | Retrieved and compiled template templates/sidebar/tabs/combat/header.hbs @ http://localhost:30000/scripts/foundry.mjs:88936
[   64364ms] [LOG] Foundry VTT | Retrieved and compiled template templates/sidebar/tabs/combat/tracker.hbs @ http://localhost:30000/scripts/foundry.mjs:88936
[   64364ms] [LOG] Foundry VTT | Retrieved and compiled template templates/sidebar/tabs/combat/footer.hbs @ http://localhost:30000/scripts/foundry.mjs:88936
[   64369ms] [LOG] Foundry VTT | Retrieved and compiled template templates/sidebar/directory/header.hbs @ http://localhost:30000/scripts/foundry.mjs:88936
[   64369ms] [LOG] Foundry VTT | Retrieved and compiled template templates/sidebar/directory/directory.hbs @ http://localhost:30000/scripts/foundry.mjs:88936
[   64369ms] [LOG] Foundry VTT | Retrieved and compiled template templates/sidebar/partials/scene-partial.hbs @ http://localhost:30000/scripts/foundry.mjs:88936
[   64369ms] [LOG] Foundry VTT | Retrieved and compiled template templates/sidebar/partials/folder-partial.hbs @ http://localhost:30000/scripts/foundry.mjs:88936
[   64369ms] [LOG] Foundry VTT | Retrieved and compiled template templates/sidebar/directory/footer.hbs @ http://localhost:30000/scripts/foundry.mjs:88936
[   64372ms] [LOG] Foundry VTT | Retrieved and compiled template templates/sidebar/partials/document-partial.hbs @ http://localhost:30000/scripts/foundry.mjs:88936
[   64373ms] [LOG] Foundry VTT | Retrieved and compiled template templates/sidebar/tabs/playlist/controls.hbs @ http://localhost:30000/scripts/foundry.mjs:88936
[   64373ms] [LOG] Foundry VTT | Retrieved and compiled template templates/sidebar/tabs/playlist/playlist-partial.hbs @ http://localhost:30000/scripts/foundry.mjs:88936
[   64373ms] [LOG] Foundry VTT | Retrieved and compiled template templates/sidebar/tabs/playlist/playing.hbs @ http://localhost:30000/scripts/foundry.mjs:88936
[   64373ms] [LOG] Foundry VTT | Retrieved and compiled template templates/sidebar/tabs/playlist/sound-partial.hbs @ http://localhost:30000/scripts/foundry.mjs:88936
[   64379ms] [LOG] Foundry VTT | Retrieved and compiled template templates/sidebar/tabs/compendiums.hbs @ http://localhost:30000/scripts/foundry.mjs:88936
[   64379ms] [LOG] Foundry VTT | Retrieved and compiled template templates/sidebar/partials/pack-partial.hbs @ http://localhost:30000/scripts/foundry.mjs:88936
[   64379ms] [LOG] Foundry VTT | Retrieved and compiled template templates/sidebar/partials/document-match.hbs @ http://localhost:30000/scripts/foundry.mjs:88936
[   64383ms] [LOG] Foundry VTT | Retrieved and compiled template templates/sidebar/tabs/settings.hbs @ http://localhost:30000/scripts/foundry.mjs:88936
[   64388ms] [LOG] Foundry VTT | Retrieved and compiled template templates/sidebar/chat-message.hbs @ http://localhost:30000/scripts/foundry.mjs:88936
[   64433ms] [LOG] Foundry VTT | Fonts loaded and ready. @ http://localhost:30000/scripts/foundry.mjs:99340
[   64484ms] [LOG] Foundry VTT | Viewing Scene Foundry Virtual Tabletop @ http://localhost:30000/scripts/foundry.mjs:56643
[   64519ms] [LOG] Foundry VTT | Drawing game canvas for scene Foundry Virtual Tabletop @ http://localhost:30000/scripts/foundry.mjs:116766
[   64533ms] [LOG] Loaded icons/svg/combat.svg (1.56%) @ http://localhost:30000/scripts/foundry.mjs:105204
[   64535ms] [LOG] Loaded icons/svg/cowled.svg (3.13%) @ http://localhost:30000/scripts/foundry.mjs:105204
[   64535ms] [LOG] Loaded icons/svg/aura.svg (4.69%) @ http://localhost:30000/scripts/foundry.mjs:105204
[   64535ms] [LOG] Loaded icons/svg/padlock.svg (6.25%) @ http://localhost:30000/scripts/foundry.mjs:105204
[   64536ms] [LOG] Loaded icons/svg/up.svg (7.81%) @ http://localhost:30000/scripts/foundry.mjs:105204
[   64540ms] [LOG] Loaded icons/svg/skull.svg (9.38%) @ http://localhost:30000/scripts/foundry.mjs:105204
[   64541ms] [LOG] Loaded icons/svg/down.svg (10.94%) @ http://localhost:30000/scripts/foundry.mjs:105204
[   64542ms] [LOG] Loaded icons/svg/explosion.svg (12.50%) @ http://localhost:30000/scripts/foundry.mjs:105204
[   64543ms] [LOG] Loaded icons/svg/sound.svg (14.06%) @ http://localhost:30000/scripts/foundry.mjs:105204
[   64544ms] [LOG] Loaded icons/svg/light-off.svg (15.63%) @ http://localhost:30000/scripts/foundry.mjs:105204
[   64544ms] [LOG] Loaded icons/svg/light.svg (17.19%) @ http://localhost:30000/scripts/foundry.mjs:105204
[   64546ms] [LOG] Loaded icons/svg/door-closed-outline.svg (18.75%) @ http://localhost:30000/scripts/foundry.mjs:105204
[   64546ms] [LOG] Loaded icons/svg/door-open-outline.svg (20.31%) @ http://localhost:30000/scripts/foundry.mjs:105204
[   64548ms] [LOG] Loaded icons/svg/sound-off.svg (21.88%) @ http://localhost:30000/scripts/foundry.mjs:105204
[   64548ms] [LOG] Loaded icons/svg/door-locked-outline.svg (23.44%) @ http://localhost:30000/scripts/foundry.mjs:105204
[   64548ms] [LOG] Loaded icons/svg/door-secret-outline.svg (25.00%) @ http://localhost:30000/scripts/foundry.mjs:105204
[   64551ms] [LOG] Loaded icons/svg/wall-direction.svg (26.56%) @ http://localhost:30000/scripts/foundry.mjs:105204
[   64552ms] [LOG] Loaded icons/svg/levels.svg (28.13%) @ http://localhost:30000/scripts/foundry.mjs:105204
[   64553ms] [LOG] Loaded systems/dnd5e/icons/svg/statuses/burrowing.svg (29.69%) @ http://localhost:30000/scripts/foundry.mjs:105204
[   64553ms] [LOG] Loaded systems/dnd5e/icons/svg/statuses/concentrating.svg (31.25%) @ http://localhost:30000/scripts/foundry.mjs:105204
[   64553ms] [LOG] Loaded systems/dnd5e/icons/svg/statuses/cover-half.svg (32.81%) @ http://localhost:30000/scripts/foundry.mjs:105204
[   64555ms] [LOG] Loaded systems/dnd5e/icons/svg/statuses/cover-three-quarters.svg (34.38%) @ http://localhost:30000/scripts/foundry.mjs:105204
[   64555ms] [LOG] Loaded systems/dnd5e/icons/svg/statuses/cover-total.svg (35.94%) @ http://localhost:30000/scripts/foundry.mjs:105204
[   64558ms] [LOG] Loaded systems/dnd5e/icons/svg/statuses/dodging.svg (37.50%) @ http://localhost:30000/scripts/foundry.mjs:105204
[   64560ms] [LOG] Loaded systems/dnd5e/icons/svg/statuses/dead.svg (39.06%) @ http://localhost:30000/scripts/foundry.mjs:105204
[   64562ms] [LOG] Loaded systems/dnd5e/icons/svg/statuses/ethereal.svg (40.63%) @ http://localhost:30000/scripts/foundry.mjs:105204
[   64562ms] [LOG] Loaded systems/dnd5e/icons/svg/statuses/flying.svg (42.19%) @ http://localhost:30000/scripts/foundry.mjs:105204
[   64563ms] [LOG] Loaded systems/dnd5e/icons/svg/statuses/hiding.svg (43.75%) @ http://localhost:30000/scripts/foundry.mjs:105204
[   64564ms] [LOG] Loaded systems/dnd5e/icons/svg/statuses/hovering.svg (45.31%) @ http://localhost:30000/scripts/foundry.mjs:105204
[   64565ms] [LOG] Loaded systems/dnd5e/icons/svg/statuses/marked.svg (46.88%) @ http://localhost:30000/scripts/foundry.mjs:105204
[   64565ms] [LOG] Loaded systems/dnd5e/icons/svg/statuses/sleeping.svg (48.44%) @ http://localhost:30000/scripts/foundry.mjs:105204
[   64566ms] [LOG] Loaded systems/dnd5e/icons/svg/statuses/stable.svg (50.00%) @ http://localhost:30000/scripts/foundry.mjs:105204
[   64566ms] [LOG] Loaded systems/dnd5e/icons/svg/statuses/bleeding.svg (51.56%) @ http://localhost:30000/scripts/foundry.mjs:105204
[   64567ms] [LOG] Loaded systems/dnd5e/icons/svg/statuses/blinded.svg (53.13%) @ http://localhost:30000/scripts/foundry.mjs:105204
[   64568ms] [LOG] Loaded systems/dnd5e/icons/svg/statuses/burning.svg (54.69%) @ http://localhost:30000/scripts/foundry.mjs:105204
[   64569ms] [LOG] Loaded systems/dnd5e/icons/svg/statuses/charmed.svg (56.25%) @ http://localhost:30000/scripts/foundry.mjs:105204
[   64570ms] [LOG] Loaded systems/dnd5e/icons/svg/statuses/cursed.svg (57.81%) @ http://localhost:30000/scripts/foundry.mjs:105204
[   64571ms] [LOG] Loaded systems/dnd5e/icons/svg/statuses/dehydration.svg (59.38%) @ http://localhost:30000/scripts/foundry.mjs:105204
[   64571ms] [LOG] Loaded systems/dnd5e/icons/svg/statuses/deafened.svg (60.94%) @ http://localhost:30000/scripts/foundry.mjs:105204
[   64571ms] [LOG] Loaded systems/dnd5e/icons/svg/statuses/diseased.svg (62.50%) @ http://localhost:30000/scripts/foundry.mjs:105204
[   64571ms] [LOG] Loaded systems/dnd5e/icons/svg/statuses/exhaustion.svg (64.06%) @ http://localhost:30000/scripts/foundry.mjs:105204
[   64572ms] [LOG] Loaded systems/dnd5e/icons/svg/statuses/falling.svg (65.63%) @ http://localhost:30000/scripts/foundry.mjs:105204
[   64575ms] [LOG] Loaded systems/dnd5e/icons/svg/statuses/incapacitated.svg (67.19%) @ http://localhost:30000/scripts/foundry.mjs:105204
[   64575ms] [LOG] Loaded systems/dnd5e/icons/svg/statuses/frightened.svg (68.75%) @ http://localhost:30000/scripts/foundry.mjs:105204
[   64575ms] [LOG] Loaded systems/dnd5e/icons/svg/statuses/grappled.svg (70.31%) @ http://localhost:30000/scripts/foundry.mjs:105204
[   64576ms] [LOG] Loaded systems/dnd5e/icons/svg/statuses/invisible.svg (71.88%) @ http://localhost:30000/scripts/foundry.mjs:105204
[   64576ms] [LOG] Loaded systems/dnd5e/icons/svg/statuses/malnutrition.svg (73.44%) @ http://localhost:30000/scripts/foundry.mjs:105204
[   64577ms] [LOG] Loaded systems/dnd5e/icons/svg/statuses/paralyzed.svg (75.00%) @ http://localhost:30000/scripts/foundry.mjs:105204
[   64578ms] [LOG] Loaded systems/dnd5e/icons/svg/statuses/poisoned.svg (76.56%) @ http://localhost:30000/scripts/foundry.mjs:105204
[   64580ms] [LOG] Loaded systems/dnd5e/icons/svg/statuses/prone.svg (78.13%) @ http://localhost:30000/scripts/foundry.mjs:105204
[   64581ms] [LOG] Loaded systems/dnd5e/icons/svg/statuses/petrified.svg (79.69%) @ http://localhost:30000/scripts/foundry.mjs:105204
[   64581ms] [LOG] Loaded systems/dnd5e/icons/svg/statuses/restrained.svg (81.25%) @ http://localhost:30000/scripts/foundry.mjs:105204
[   64581ms] [LOG] Loaded systems/dnd5e/icons/svg/statuses/silenced.svg (82.81%) @ http://localhost:30000/scripts/foundry.mjs:105204
[   64581ms] [LOG] Loaded systems/dnd5e/icons/svg/statuses/stunned.svg (84.38%) @ http://localhost:30000/scripts/foundry.mjs:105204
[   64583ms] [LOG] Loaded systems/dnd5e/icons/svg/statuses/suffocation.svg (85.94%) @ http://localhost:30000/scripts/foundry.mjs:105204
[   64584ms] [LOG] Loaded systems/dnd5e/icons/svg/statuses/unconscious.svg (87.50%) @ http://localhost:30000/scripts/foundry.mjs:105204
[   64584ms] [LOG] Loaded systems/dnd5e/icons/svg/statuses/surprised.svg (89.06%) @ http://localhost:30000/scripts/foundry.mjs:105204
[   64584ms] [LOG] Loaded systems/dnd5e/icons/svg/statuses/transformed.svg (90.63%) @ http://localhost:30000/scripts/foundry.mjs:105204
[   64585ms] [LOG] Loaded systems/dnd5e/icons/svg/statuses/encumbered.svg (92.19%) @ http://localhost:30000/scripts/foundry.mjs:105204
[   64585ms] [LOG] Loaded systems/dnd5e/icons/svg/statuses/heavily-encumbered.svg (93.75%) @ http://localhost:30000/scripts/foundry.mjs:105204
[   64585ms] [LOG] Loaded systems/dnd5e/icons/svg/statuses/exceeding-carrying-capacity.svg (95.31%) @ http://localhost:30000/scripts/foundry.mjs:105204
[   64596ms] [LOG] Loaded nue/defaultscene/fvtt-logo.webp (96.88%) @ http://localhost:30000/scripts/foundry.mjs:105204
[   64620ms] [LOG] Loaded nue/defaultscene/fvtt-background.webp (98.44%) @ http://localhost:30000/scripts/foundry.mjs:105204
[   64696ms] [LOG] Loaded canvas/tokens/rings-steel.json (100.00%) @ http://localhost:30000/scripts/foundry.mjs:105204
[   64697ms] [LOG] Foundry VTT | Drawing the HiddenCanvasGroup canvas group @ http://localhost:30000/scripts/foundry.mjs:110537
[   64697ms] [LOG] Foundry VTT | Drawing the RenderedCanvasGroup canvas group @ http://localhost:30000/scripts/foundry.mjs:110537
[   64698ms] [LOG] Foundry VTT | Drawing the EnvironmentCanvasGroup canvas group @ http://localhost:30000/scripts/foundry.mjs:110537
[   64698ms] [LOG] Foundry VTT | Drawing the PrimaryCanvasGroup canvas group @ http://localhost:30000/scripts/foundry.mjs:110537
[   64700ms] [LOG] Foundry VTT | Drawing the WeatherEffects canvas layer @ http://localhost:30000/scripts/foundry.mjs:111141
[   64700ms] [LOG] Foundry VTT | Drawing the EffectsCanvasGroup canvas group @ http://localhost:30000/scripts/foundry.mjs:110537
[   64700ms] [LOG] Foundry VTT | Drawing the CanvasBackgroundAlterationEffects canvas layer @ http://localhost:30000/scripts/foundry.mjs:111141
[   64700ms] [LOG] Foundry VTT | Drawing the CanvasIlluminationEffects canvas layer @ http://localhost:30000/scripts/foundry.mjs:111141
[   64700ms] [LOG] Foundry VTT | Drawing the CanvasColorationEffects canvas layer @ http://localhost:30000/scripts/foundry.mjs:111141
[   64700ms] [LOG] Foundry VTT | Drawing the CanvasDarknessEffects canvas layer @ http://localhost:30000/scripts/foundry.mjs:111141
[   64700ms] [LOG] Foundry VTT | Drawing the CanvasVisibility canvas group @ http://localhost:30000/scripts/foundry.mjs:110537
[   64702ms] [LOG] Foundry VTT | Drawing the InterfaceCanvasGroup canvas group @ http://localhost:30000/scripts/foundry.mjs:110537
[   64702ms] [LOG] Foundry VTT | Drawing the GridLayer canvas layer @ http://localhost:30000/scripts/foundry.mjs:111141
[   64702ms] [LOG] Foundry VTT | Drawing the RegionLayer canvas layer @ http://localhost:30000/scripts/foundry.mjs:111141
[   64702ms] [LOG] Foundry VTT | Drawing the DrawingsLayer canvas layer @ http://localhost:30000/scripts/foundry.mjs:111141
[   64702ms] [LOG] Foundry VTT | Drawing the TemplateLayer canvas layer @ http://localhost:30000/scripts/foundry.mjs:111141
[   64703ms] [LOG] Foundry VTT | Drawing the TilesLayer canvas layer @ http://localhost:30000/scripts/foundry.mjs:111141
[   64705ms] [LOG] Foundry VTT | Drawing the WallsLayer canvas layer @ http://localhost:30000/scripts/foundry.mjs:111141
[   64705ms] [LOG] Foundry VTT | Drawing the TokenLayer5e canvas layer @ http://localhost:30000/scripts/foundry.mjs:111141
[   64705ms] [LOG] Foundry VTT | Drawing the SoundsLayer canvas layer @ http://localhost:30000/scripts/foundry.mjs:111141
[   64705ms] [LOG] Foundry VTT | Drawing the LightingLayer canvas layer @ http://localhost:30000/scripts/foundry.mjs:111141
[   64721ms] [LOG] Foundry VTT | Drawing the NotesLayer canvas layer @ http://localhost:30000/scripts/foundry.mjs:111141
[   64721ms] [LOG] Foundry VTT | Drawing the ControlsLayer canvas layer @ http://localhost:30000/scripts/foundry.mjs:111141
[   64722ms] [LOG] Foundry VTT | Retrieved and compiled template templates/hud/waypoint-label.hbs @ http://localhost:30000/scripts/foundry.mjs:88936
[   64723ms] [LOG] Foundry VTT | Drawing the OverlayCanvasGroup canvas group @ http://localhost:30000/scripts/foundry.mjs:110537
[   64726ms] [LOG] Applying buffered socket event: userActivity @ http://localhost:30000/scripts/foundry.mjs:205636
[   64744ms] [LOG] Foundry VTT | Constructed index of dnd5e.classes Compendium containing 12 entries @ http://localhost:30000/scripts/foundry.mjs:27942
[   64746ms] [LOG] Foundry VTT | Constructed index of dnd5e.subclasses Compendium containing 12 entries @ http://localhost:30000/scripts/foundry.mjs:27942
[   64765ms] [LOG] Worker TextureCompressor of FogExtractor | Initialized Worker @ http://localhost:30000/scripts/worker.js:71
[   66224ms] [LOG] Foundry VTT | Constructed index of dnd5e.classes24 Compendium containing 282 entries @ http://localhost:30000/scripts/foundry.mjs:27942
[   66227ms] [LOG] Foundry VTT | Retrieved and compiled template templates/sidebar/tabs/placeable/tabs.hbs @ http://localhost:30000/scripts/foundry.mjs:88936
[   66227ms] [LOG] Foundry VTT | Retrieved and compiled template templates/sidebar/tabs/placeable/tab.hbs @ http://localhost:30000/scripts/foundry.mjs:88936
[   66387ms] [LOG] Foundry VTT | Constructed index of dnd5e.classes24 Compendium containing 282 entries @ http://localhost:30000/scripts/foundry.mjs:27942
[   66440ms] [LOG] Foundry VTT | Constructed index of dnd5e.spells24 Compendium containing 341 entries @ http://localhost:30000/scripts/foundry.mjs:27942
[   66440ms] [LOG] Foundry VTT | Retrieved and compiled template templates/sidebar/tabs/placeable/search.hbs @ http://localhost:30000/scripts/foundry.mjs:88936
[   66440ms] [LOG] Foundry VTT | Retrieved and compiled template templates/sidebar/tabs/placeable/directory.hbs @ http://localhost:30000/scripts/foundry.mjs:88936
[   66440ms] [LOG] Foundry VTT | Retrieved and compiled template templates/sidebar/tabs/placeable/tokens.hbs @ http://localhost:30000/scripts/foundry.mjs:88936
[   66440ms] [LOG] Foundry VTT | Retrieved and compiled template templates/sidebar/tabs/placeable/token.hbs @ http://localhost:30000/scripts/foundry.mjs:88936
