[    1437ms] [LOG] _______________________________________________________________
 _____ ___  _   _ _   _ ____  ______   __ __     _______ _____
|  ___/ _ \| | | | \ | |  _ \|  _ \ \ / / \ \   / |_   _|_   _|
| |_ | | | | | | |  \| | | | | |_) \ V /   \ \ / /  | |   | |
|  _|| |_| | |_| | |\  | |_| |  _ < | |     \ V /   | |   | |
|_|   \___/ \___/|_| \_|____/|_| \_\|_|      \_/    |_|   |_|
=============================================================== @ http://localhost:30000/scripts/foundry.mjs:219222
[    1439ms] [LOG] Foundry VTT | Foundry Virtual Tabletop ESModule loaded @ http://localhost:30000/scripts/foundry.mjs:219223
[    1548ms] [LOG] Foundry VTT | Connected to server socket using session 8c9ff8a14bd4db3301b7fd0b @ http://localhost:30000/scripts/foundry.mjs:205572
[    2611ms] [INFO] libWrapper: Version 1.13.5.1 (c0521af) ready. @ http://localhost:30000/modules/lib-wrapper/lib-wrapper.js:0
[    2611ms] [LOG] Foundry VTT | Initializing Foundry Virtual Tabletop Game @ http://localhost:30000/scripts/foundry.mjs:205727
[    2612ms] [LOG] %cD&D 5e | %cInitializing the D&D Fifth Game System - Version 5.3.3
_______________________________
______      ______ _____ _____
|  _  \___  |  _  \  ___|  ___|
| | | ( _ ) | | | |___ \| |__
| | | / _ \/\ | | |   \ \  __|
| |/ / (_>  < |/ //\__/ / |___
|___/ \___/\/___/ \____/\____/
_______________________________ color: #6e0000; font-variant: small-caps color: revert @ http://localhost:30000/systems/dnd5e/dnd5e.mjs:514
[    2619ms] [LOG] %cD&D 5e | %cRegistered Dungeons & Dragons Fifth Edition data: source books color: #6e0000; font-variant: small-caps color: revert @ http://localhost:30000/systems/dnd5e/dnd5e.mjs:514
[    2620ms] [LOG] %cD&D 5e | %cRegistered redirects to SRD for dnd-players-handbook color: #6e0000; font-variant: small-caps color: revert @ http://localhost:30000/systems/dnd5e/dnd5e.mjs:514
[    2620ms] [LOG] %cD&D 5e | %cRegistered redirects to SRD for dnd-dungeon-masters-guide color: #6e0000; font-variant: small-caps color: revert @ http://localhost:30000/systems/dnd5e/dnd5e.mjs:514
[    2620ms] [LOG] %cD&D 5e | %cRegistered redirects to SRD for dnd-monster-manual color: #6e0000; font-variant: small-caps color: revert @ http://localhost:30000/systems/dnd5e/dnd5e.mjs:514
[    2621ms] [LOG] monks-enhanced-journal |  Initializing Monks Enhanced Journal @ http://localhost:30000/modules/monks-enhanced-journal/monks-enhanced-journal.js:29
[    2657ms] [LOG] Foundry VTT | Retrieved and compiled template systems/dnd5e/templates/shared/active-effects.hbs @ http://localhost:30000/scripts/foundry.mjs:88936
[    2679ms] [LOG] Foundry VTT | Loaded localization file lang/en.json @ http://localhost:30000/scripts/foundry.mjs:204562
[    2686ms] [LOG] Foundry VTT | Loaded localization file modules/lib-wrapper/lang/en.json @ http://localhost:30000/scripts/foundry.mjs:204562
[    2687ms] [LOG] Foundry VTT | Retrieved and compiled template systems/dnd5e/templates/shared/active-effects.hbs @ http://localhost:30000/scripts/foundry.mjs:88936
[    2687ms] [LOG] Foundry VTT | Loaded localization file systems/dnd5e/lang/en.json @ http://localhost:30000/scripts/foundry.mjs:204562
[    2699ms] [LOG] Foundry VTT | Retrieved and compiled template systems/dnd5e/templates/apps/parts/trait-list.hbs @ http://localhost:30000/scripts/foundry.mjs:88936
[    2700ms] [LOG] Foundry VTT | Loaded localization file modules/monks-enhanced-journal/lang/en.json @ http://localhost:30000/scripts/foundry.mjs:204562
[    2801ms] [LOG] Foundry VTT | Retrieved and compiled template systems/dnd5e/templates/apps/parts/trait-list.hbs @ http://localhost:30000/scripts/foundry.mjs:88936
[    2803ms] [LOG] Foundry VTT | Retrieved and compiled template systems/dnd5e/templates/apps/parts/traits-list.hbs @ http://localhost:30000/scripts/foundry.mjs:88936
[    2803ms] [LOG] Foundry VTT | Retrieved and compiled template systems/dnd5e/templates/apps/parts/traits-list.hbs @ http://localhost:30000/scripts/foundry.mjs:88936
[    2803ms] [LOG] Foundry VTT | Retrieved and compiled template systems/dnd5e/templates/actors/parts/actor-classes.hbs @ http://localhost:30000/scripts/foundry.mjs:88936
[    2803ms] [LOG] Foundry VTT | Retrieved and compiled template systems/dnd5e/templates/actors/parts/actor-classes.hbs @ http://localhost:30000/scripts/foundry.mjs:88936
[    2803ms] [LOG] Foundry VTT | Retrieved and compiled template systems/dnd5e/templates/actors/parts/actor-trait-pills.hbs @ http://localhost:30000/scripts/foundry.mjs:88936
[    2804ms] [LOG] Foundry VTT | Retrieved and compiled template systems/dnd5e/templates/actors/parts/actor-trait-pills.hbs @ http://localhost:30000/scripts/foundry.mjs:88936
[    2804ms] [LOG] Foundry VTT | Retrieved and compiled template systems/dnd5e/templates/actors/parts/actor-traits.hbs @ http://localhost:30000/scripts/foundry.mjs:88936
[    2804ms] [LOG] Foundry VTT | Retrieved and compiled template systems/dnd5e/templates/actors/parts/actor-traits.hbs @ http://localhost:30000/scripts/foundry.mjs:88936
[    2804ms] [LOG] Foundry VTT | Retrieved and compiled template systems/dnd5e/templates/actors/parts/actor-features.hbs @ http://localhost:30000/scripts/foundry.mjs:88936
[    2804ms] [LOG] Foundry VTT | Retrieved and compiled template systems/dnd5e/templates/actors/parts/actor-features.hbs @ http://localhost:30000/scripts/foundry.mjs:88936
[    2804ms] [LOG] Foundry VTT | Retrieved and compiled template systems/dnd5e/templates/actors/parts/actor-spellbook.hbs @ http://localhost:30000/scripts/foundry.mjs:88936
[    2805ms] [LOG] Foundry VTT | Retrieved and compiled template systems/dnd5e/templates/actors/parts/actor-spellbook.hbs @ http://localhost:30000/scripts/foundry.mjs:88936
[    2805ms] [LOG] Foundry VTT | Retrieved and compiled template systems/dnd5e/templates/actors/parts/actor-warnings.hbs @ http://localhost:30000/scripts/foundry.mjs:88936
[    2805ms] [LOG] Foundry VTT | Retrieved and compiled template systems/dnd5e/templates/actors/parts/actor-warnings.hbs @ http://localhost:30000/scripts/foundry.mjs:88936
[    2805ms] [LOG] Foundry VTT | Retrieved and compiled template systems/dnd5e/templates/actors/parts/actor-warnings-dialog.hbs @ http://localhost:30000/scripts/foundry.mjs:88936
[    2805ms] [LOG] Foundry VTT | Retrieved and compiled template systems/dnd5e/templates/actors/parts/actor-warnings-dialog.hbs @ http://localhost:30000/scripts/foundry.mjs:88936
[    2805ms] [LOG] Foundry VTT | Retrieved and compiled template systems/dnd5e/templates/actors/parts/biography-textbox.hbs @ http://localhost:30000/scripts/foundry.mjs:88936
[    2805ms] [LOG] Foundry VTT | Retrieved and compiled template systems/dnd5e/templates/actors/parts/biography-textbox.hbs @ http://localhost:30000/scripts/foundry.mjs:88936
[    2805ms] [LOG] Foundry VTT | Retrieved and compiled template systems/dnd5e/templates/actors/tabs/character-bastion.hbs @ http://localhost:30000/scripts/foundry.mjs:88936
[    2806ms] [LOG] Foundry VTT | Retrieved and compiled template systems/dnd5e/templates/actors/tabs/character-bastion.hbs @ http://localhost:30000/scripts/foundry.mjs:88936
[    2806ms] [LOG] Foundry VTT | Retrieved and compiled template systems/dnd5e/templates/actors/tabs/character-biography.hbs @ http://localhost:30000/scripts/foundry.mjs:88936
[    2806ms] [LOG] Foundry VTT | Retrieved and compiled template systems/dnd5e/templates/actors/tabs/character-biography.hbs @ http://localhost:30000/scripts/foundry.mjs:88936
[    2806ms] [LOG] Foundry VTT | Retrieved and compiled template systems/dnd5e/templates/actors/tabs/character-details.hbs @ http://localhost:30000/scripts/foundry.mjs:88936
[    2806ms] [LOG] Foundry VTT | Retrieved and compiled template systems/dnd5e/templates/actors/tabs/character-details.hbs @ http://localhost:30000/scripts/foundry.mjs:88936
[    2807ms] [LOG] Foundry VTT | Retrieved and compiled template systems/dnd5e/templates/actors/tabs/creature-special-traits.hbs @ http://localhost:30000/scripts/foundry.mjs:88936
[    2807ms] [LOG] Foundry VTT | Retrieved and compiled template systems/dnd5e/templates/actors/tabs/creature-special-traits.hbs @ http://localhost:30000/scripts/foundry.mjs:88936
[    2807ms] [LOG] Foundry VTT | Retrieved and compiled template systems/dnd5e/templates/actors/tabs/npc-biography.hbs @ http://localhost:30000/scripts/foundry.mjs:88936
[    2807ms] [LOG] Foundry VTT | Retrieved and compiled template systems/dnd5e/templates/actors/tabs/npc-biography.hbs @ http://localhost:30000/scripts/foundry.mjs:88936
[    2807ms] [LOG] Foundry VTT | Retrieved and compiled template systems/dnd5e/templates/chat/parts/card-activities.hbs @ http://localhost:30000/scripts/foundry.mjs:88936
[    2807ms] [LOG] Foundry VTT | Retrieved and compiled template systems/dnd5e/templates/chat/parts/card-activities.hbs @ http://localhost:30000/scripts/foundry.mjs:88936
[    2808ms] [LOG] Foundry VTT | Retrieved and compiled template systems/dnd5e/templates/chat/parts/card-deltas.hbs @ http://localhost:30000/scripts/foundry.mjs:88936
[    2808ms] [LOG] Foundry VTT | Retrieved and compiled template systems/dnd5e/templates/chat/parts/card-deltas.hbs @ http://localhost:30000/scripts/foundry.mjs:88936
[    2808ms] [LOG] Foundry VTT | Retrieved and compiled template systems/dnd5e/templates/items/details/details-background.hbs @ http://localhost:30000/scripts/foundry.mjs:88936
[    2808ms] [LOG] Foundry VTT | Retrieved and compiled template systems/dnd5e/templates/items/details/details-background.hbs @ http://localhost:30000/scripts/foundry.mjs:88936
[    2808ms] [LOG] Foundry VTT | Retrieved and compiled template systems/dnd5e/templates/items/details/details-class.hbs @ http://localhost:30000/scripts/foundry.mjs:88936
[    2808ms] [LOG] Foundry VTT | Retrieved and compiled template systems/dnd5e/templates/items/details/details-class.hbs @ http://localhost:30000/scripts/foundry.mjs:88936
[    2808ms] [LOG] Foundry VTT | Retrieved and compiled template systems/dnd5e/templates/items/details/details-consumable.hbs @ http://localhost:30000/scripts/foundry.mjs:88936
[    2809ms] [LOG] Foundry VTT | Retrieved and compiled template systems/dnd5e/templates/items/details/details-consumable.hbs @ http://localhost:30000/scripts/foundry.mjs:88936
[    2809ms] [LOG] Foundry VTT | Retrieved and compiled template systems/dnd5e/templates/items/details/details-container.hbs @ http://localhost:30000/scripts/foundry.mjs:88936
[    2809ms] [LOG] Foundry VTT | Retrieved and compiled template systems/dnd5e/templates/items/details/details-container.hbs @ http://localhost:30000/scripts/foundry.mjs:88936
[    2809ms] [LOG] Foundry VTT | Retrieved and compiled template systems/dnd5e/templates/items/details/details-equipment.hbs @ http://localhost:30000/scripts/foundry.mjs:88936
[    2810ms] [LOG] Foundry VTT | Retrieved and compiled template systems/dnd5e/templates/items/details/details-equipment.hbs @ http://localhost:30000/scripts/foundry.mjs:88936
[    2810ms] [LOG] Foundry VTT | Retrieved and compiled template systems/dnd5e/templates/items/details/details-facility.hbs @ http://localhost:30000/scripts/foundry.mjs:88936
[    2811ms] [LOG] Foundry VTT | Retrieved and compiled template systems/dnd5e/templates/items/details/details-facility.hbs @ http://localhost:30000/scripts/foundry.mjs:88936
[    2811ms] [LOG] Foundry VTT | Retrieved and compiled template systems/dnd5e/templates/items/details/details-feat.hbs @ http://localhost:30000/scripts/foundry.mjs:88936
[    2811ms] [LOG] Foundry VTT | Retrieved and compiled template systems/dnd5e/templates/items/details/details-feat.hbs @ http://localhost:30000/scripts/foundry.mjs:88936
[    2811ms] [LOG] Foundry VTT | Retrieved and compiled template systems/dnd5e/templates/items/details/details-loot.hbs @ http://localhost:30000/scripts/foundry.mjs:88936
[    2811ms] [LOG] Foundry VTT | Retrieved and compiled template systems/dnd5e/templates/items/details/details-loot.hbs @ http://localhost:30000/scripts/foundry.mjs:88936
[    2811ms] [LOG] Foundry VTT | Retrieved and compiled template systems/dnd5e/templates/items/details/details-mountable.hbs @ http://localhost:30000/scripts/foundry.mjs:88936
[    2812ms] [LOG] Foundry VTT | Retrieved and compiled template systems/dnd5e/templates/items/details/details-mountable.hbs @ http://localhost:30000/scripts/foundry.mjs:88936
[    2812ms] [LOG] Foundry VTT | Retrieved and compiled template systems/dnd5e/templates/items/details/details-species.hbs @ http://localhost:30000/scripts/foundry.mjs:88936
[    2812ms] [LOG] Foundry VTT | Retrieved and compiled template systems/dnd5e/templates/items/details/details-species.hbs @ http://localhost:30000/scripts/foundry.mjs:88936
[    2812ms] [LOG] Foundry VTT | Retrieved and compiled template systems/dnd5e/templates/items/details/details-spell.hbs @ http://localhost:30000/scripts/foundry.mjs:88936
[    2812ms] [LOG] Foundry VTT | Retrieved and compiled template systems/dnd5e/templates/items/details/details-spell.hbs @ http://localhost:30000/scripts/foundry.mjs:88936
[    2812ms] [LOG] Foundry VTT | Retrieved and compiled template systems/dnd5e/templates/items/details/details-spellcasting.hbs @ http://localhost:30000/scripts/foundry.mjs:88936
[    2813ms] [LOG] Foundry VTT | Retrieved and compiled template systems/dnd5e/templates/items/details/details-spellcasting.hbs @ http://localhost:30000/scripts/foundry.mjs:88936
[    2813ms] [LOG] Foundry VTT | Retrieved and compiled template systems/dnd5e/templates/items/details/details-starting-equipment.hbs @ http://localhost:30000/scripts/foundry.mjs:88936
[    2813ms] [LOG] Foundry VTT | Retrieved and compiled template systems/dnd5e/templates/items/details/details-starting-equipment.hbs @ http://localhost:30000/scripts/foundry.mjs:88936
[    2813ms] [LOG] Foundry VTT | Retrieved and compiled template systems/dnd5e/templates/items/details/details-subclass.hbs @ http://localhost:30000/scripts/foundry.mjs:88936
[    2813ms] [LOG] Foundry VTT | Retrieved and compiled template systems/dnd5e/templates/items/details/details-subclass.hbs @ http://localhost:30000/scripts/foundry.mjs:88936
[    2813ms] [LOG] Foundry VTT | Retrieved and compiled template systems/dnd5e/templates/items/details/details-tool.hbs @ http://localhost:30000/scripts/foundry.mjs:88936
[    2813ms] [LOG] Foundry VTT | Retrieved and compiled template systems/dnd5e/templates/items/details/details-tool.hbs @ http://localhost:30000/scripts/foundry.mjs:88936
[    2813ms] [LOG] Foundry VTT | Retrieved and compiled template systems/dnd5e/templates/items/details/details-weapon.hbs @ http://localhost:30000/scripts/foundry.mjs:88936
[    2814ms] [LOG] Foundry VTT | Retrieved and compiled template systems/dnd5e/templates/items/details/details-weapon.hbs @ http://localhost:30000/scripts/foundry.mjs:88936
[    2814ms] [LOG] Foundry VTT | Retrieved and compiled template systems/dnd5e/templates/items/parts/item-summary.hbs @ http://localhost:30000/scripts/foundry.mjs:88936
[    2814ms] [LOG] Foundry VTT | Retrieved and compiled template systems/dnd5e/templates/items/parts/item-summary.hbs @ http://localhost:30000/scripts/foundry.mjs:88936
[    2815ms] [LOG] Foundry VTT | Retrieved and compiled template systems/dnd5e/templates/items/parts/item-tooltip.hbs @ http://localhost:30000/scripts/foundry.mjs:88936
[    2815ms] [LOG] Foundry VTT | Retrieved and compiled template systems/dnd5e/templates/items/parts/item-tooltip.hbs @ http://localhost:30000/scripts/foundry.mjs:88936
[    2815ms] [LOG] Foundry VTT | Retrieved and compiled template systems/dnd5e/templates/items/parts/spell-block.hbs @ http://localhost:30000/scripts/foundry.mjs:88936
[    2816ms] [LOG] Foundry VTT | Retrieved and compiled template systems/dnd5e/templates/items/parts/spell-block.hbs @ http://localhost:30000/scripts/foundry.mjs:88936
[    2816ms] [LOG] Foundry VTT | Retrieved and compiled template systems/dnd5e/templates/shared/fields/field-activation.hbs @ http://localhost:30000/scripts/foundry.mjs:88936
[    2816ms] [LOG] Foundry VTT | Retrieved and compiled template systems/dnd5e/templates/shared/fields/field-activation.hbs @ http://localhost:30000/scripts/foundry.mjs:88936
[    2816ms] [LOG] Foundry VTT | Retrieved and compiled template systems/dnd5e/templates/shared/fields/field-damage.hbs @ http://localhost:30000/scripts/foundry.mjs:88936
[    2816ms] [LOG] Foundry VTT | Retrieved and compiled template systems/dnd5e/templates/shared/fields/field-damage.hbs @ http://localhost:30000/scripts/foundry.mjs:88936
[    2816ms] [LOG] Foundry VTT | Retrieved and compiled template systems/dnd5e/templates/shared/fields/field-duration.hbs @ http://localhost:30000/scripts/foundry.mjs:88936
[    2816ms] [LOG] Foundry VTT | Retrieved and compiled template systems/dnd5e/templates/shared/fields/field-duration.hbs @ http://localhost:30000/scripts/foundry.mjs:88936
[    2817ms] [LOG] Foundry VTT | Retrieved and compiled template systems/dnd5e/templates/shared/fields/field-range.hbs @ http://localhost:30000/scripts/foundry.mjs:88936
[    2817ms] [LOG] Foundry VTT | Retrieved and compiled template systems/dnd5e/templates/shared/fields/field-range.hbs @ http://localhost:30000/scripts/foundry.mjs:88936
[    2817ms] [LOG] Foundry VTT | Retrieved and compiled template systems/dnd5e/templates/shared/fields/field-targets.hbs @ http://localhost:30000/scripts/foundry.mjs:88936
[    2817ms] [LOG] Foundry VTT | Retrieved and compiled template systems/dnd5e/templates/shared/fields/field-targets.hbs @ http://localhost:30000/scripts/foundry.mjs:88936
[    2817ms] [LOG] Foundry VTT | Retrieved and compiled template systems/dnd5e/templates/shared/fields/field-uses.hbs @ http://localhost:30000/scripts/foundry.mjs:88936
[    2817ms] [LOG] Foundry VTT | Retrieved and compiled template systems/dnd5e/templates/shared/fields/field-uses.hbs @ http://localhost:30000/scripts/foundry.mjs:88936
[    2817ms] [LOG] Foundry VTT | Retrieved and compiled template systems/dnd5e/templates/shared/fields/fieldlist.hbs @ http://localhost:30000/scripts/foundry.mjs:88936
[    2817ms] [LOG] Foundry VTT | Retrieved and compiled template systems/dnd5e/templates/shared/fields/fieldlist.hbs @ http://localhost:30000/scripts/foundry.mjs:88936
[    2817ms] [LOG] Foundry VTT | Retrieved and compiled template systems/dnd5e/templates/shared/fields/formlist.hbs @ http://localhost:30000/scripts/foundry.mjs:88936
[    2818ms] [LOG] Foundry VTT | Retrieved and compiled template systems/dnd5e/templates/shared/fields/formlist.hbs @ http://localhost:30000/scripts/foundry.mjs:88936
[    2818ms] [LOG] Foundry VTT | Retrieved and compiled template systems/dnd5e/templates/journal/parts/journal-legacy-traits.hbs @ http://localhost:30000/scripts/foundry.mjs:88936
[    2818ms] [LOG] Foundry VTT | Retrieved and compiled template systems/dnd5e/templates/journal/parts/journal-legacy-traits.hbs @ http://localhost:30000/scripts/foundry.mjs:88936
[    2818ms] [LOG] Foundry VTT | Retrieved and compiled template systems/dnd5e/templates/journal/parts/journal-modern-traits.hbs @ http://localhost:30000/scripts/foundry.mjs:88936
[    2818ms] [LOG] Foundry VTT | Retrieved and compiled template systems/dnd5e/templates/journal/parts/journal-modern-traits.hbs @ http://localhost:30000/scripts/foundry.mjs:88936
[    2819ms] [LOG] Foundry VTT | Retrieved and compiled template systems/dnd5e/templates/journal/parts/journal-table.hbs @ http://localhost:30000/scripts/foundry.mjs:88936
[    2819ms] [LOG] Foundry VTT | Retrieved and compiled template systems/dnd5e/templates/journal/parts/journal-table.hbs @ http://localhost:30000/scripts/foundry.mjs:88936
[    2819ms] [LOG] Foundry VTT | Retrieved and compiled template systems/dnd5e/templates/activity/parts/activity-usage-notes.hbs @ http://localhost:30000/scripts/foundry.mjs:88936
[    2819ms] [LOG] Foundry VTT | Retrieved and compiled template systems/dnd5e/templates/activity/parts/activity-usage-notes.hbs @ http://localhost:30000/scripts/foundry.mjs:88936
[    2819ms] [LOG] Foundry VTT | Retrieved and compiled template systems/dnd5e/templates/advancement/parts/advancement-controls.hbs @ http://localhost:30000/scripts/foundry.mjs:88936
[    2819ms] [LOG] Foundry VTT | Retrieved and compiled template systems/dnd5e/templates/advancement/parts/advancement-controls.hbs @ http://localhost:30000/scripts/foundry.mjs:88936
[    2820ms] [LOG] Foundry VTT | Retrieved and compiled template systems/dnd5e/templates/advancement/parts/advancement-spell-config.hbs @ http://localhost:30000/scripts/foundry.mjs:88936
[    2820ms] [LOG] Foundry VTT | Retrieved and compiled template systems/dnd5e/templates/advancement/parts/advancement-spell-config.hbs @ http://localhost:30000/scripts/foundry.mjs:88936
[    2929ms] [LOG] %cD&D 5e | %cFinished setting up Rules (SRD): table of contents color: #6e0000; font-variant: small-caps color: revert @ http://localhost:30000/systems/dnd5e/dnd5e.mjs:514
[    2929ms] [LOG] %cD&D 5e | %cFinished setting up Rules: table of contents color: #6e0000; font-variant: small-caps color: revert @ http://localhost:30000/systems/dnd5e/dnd5e.mjs:514
[    3012ms] [LOG] Foundry VTT | Retrieved and compiled template templates/ui/scene-navigation.hbs @ http://localhost:30000/scripts/foundry.mjs:88936
[    3029ms] [LOG] Foundry VTT | Retrieved and compiled template templates/sidebar/tabs.hbs @ http://localhost:30000/scripts/foundry.mjs:88936
[    3029ms] [LOG] Foundry VTT | Retrieved and compiled template templates/sidebar/tab.hbs @ http://localhost:30000/scripts/foundry.mjs:88936
[    3035ms] [LOG] Foundry VTT | Retrieved and compiled template templates/ui/players.hbs @ http://localhost:30000/scripts/foundry.mjs:88936
[    3038ms] [LOG] Foundry VTT | Retrieved and compiled template templates/ui/hotbar.hbs @ http://localhost:30000/scripts/foundry.mjs:88936
[    3041ms] [LOG] Foundry VTT | Retrieved and compiled template templates/ui/scene-controls-layers.hbs @ http://localhost:30000/scripts/foundry.mjs:88936
[    3042ms] [LOG] Foundry VTT | Retrieved and compiled template templates/ui/scene-controls-tools.hbs @ http://localhost:30000/scripts/foundry.mjs:88936
[    3067ms] [LOG] Foundry VTT | Retrieved and compiled template templates/sidebar/tabs/chat/log.hbs @ http://localhost:30000/scripts/foundry.mjs:88936
[    3067ms] [LOG] Foundry VTT | Retrieved and compiled template templates/sidebar/tabs/chat/notifications.hbs @ http://localhost:30000/scripts/foundry.mjs:88936
[    3068ms] [LOG] Foundry VTT | Retrieved and compiled template templates/sidebar/tabs/chat/input.hbs @ http://localhost:30000/scripts/foundry.mjs:88936
[    3089ms] [LOG] Foundry VTT | Retrieved and compiled template templates/sidebar/tabs/combat/header.hbs @ http://localhost:30000/scripts/foundry.mjs:88936
[    3089ms] [LOG] Foundry VTT | Retrieved and compiled template templates/sidebar/tabs/combat/tracker.hbs @ http://localhost:30000/scripts/foundry.mjs:88936
[    3090ms] [LOG] Foundry VTT | Retrieved and compiled template templates/sidebar/tabs/combat/footer.hbs @ http://localhost:30000/scripts/foundry.mjs:88936
[    3102ms] [LOG] Foundry VTT | Retrieved and compiled template templates/sidebar/directory/header.hbs @ http://localhost:30000/scripts/foundry.mjs:88936
[    3103ms] [LOG] Foundry VTT | Retrieved and compiled template templates/sidebar/directory/directory.hbs @ http://localhost:30000/scripts/foundry.mjs:88936
[    3103ms] [LOG] Foundry VTT | Retrieved and compiled template templates/sidebar/partials/scene-partial.hbs @ http://localhost:30000/scripts/foundry.mjs:88936
[    3108ms] [LOG] Foundry VTT | Retrieved and compiled template templates/sidebar/partials/folder-partial.hbs @ http://localhost:30000/scripts/foundry.mjs:88936
[    3109ms] [LOG] Foundry VTT | Retrieved and compiled template templates/sidebar/directory/footer.hbs @ http://localhost:30000/scripts/foundry.mjs:88936
[    3115ms] [LOG] Foundry VTT | Retrieved and compiled template templates/sidebar/partials/document-partial.hbs @ http://localhost:30000/scripts/foundry.mjs:88936
[    3125ms] [LOG] Foundry VTT | Retrieved and compiled template templates/sidebar/tabs/playlist/controls.hbs @ http://localhost:30000/scripts/foundry.mjs:88936
[    3125ms] [LOG] Foundry VTT | Retrieved and compiled template templates/sidebar/tabs/playlist/playlist-partial.hbs @ http://localhost:30000/scripts/foundry.mjs:88936
[    3126ms] [LOG] Foundry VTT | Retrieved and compiled template templates/sidebar/tabs/playlist/playing.hbs @ http://localhost:30000/scripts/foundry.mjs:88936
[    3126ms] [LOG] Foundry VTT | Retrieved and compiled template templates/sidebar/tabs/playlist/sound-partial.hbs @ http://localhost:30000/scripts/foundry.mjs:88936
[    3132ms] [LOG] Foundry VTT | Retrieved and compiled template templates/sidebar/tabs/compendiums.hbs @ http://localhost:30000/scripts/foundry.mjs:88936
[    3132ms] [LOG] Foundry VTT | Retrieved and compiled template templates/sidebar/partials/pack-partial.hbs @ http://localhost:30000/scripts/foundry.mjs:88936
[    3132ms] [LOG] Foundry VTT | Retrieved and compiled template templates/sidebar/partials/document-match.hbs @ http://localhost:30000/scripts/foundry.mjs:88936
[    3141ms] [LOG] Foundry VTT | Retrieved and compiled template templates/sidebar/tabs/settings.hbs @ http://localhost:30000/scripts/foundry.mjs:88936
[    3149ms] [LOG] Foundry VTT | Retrieved and compiled template templates/sidebar/chat-message.hbs @ http://localhost:30000/scripts/foundry.mjs:88936
[    3271ms] [LOG] Foundry VTT | Fonts loaded and ready. @ http://localhost:30000/scripts/foundry.mjs:99340
[    3346ms] [LOG] Foundry VTT | Viewing Scene Foundry Virtual Tabletop @ http://localhost:30000/scripts/foundry.mjs:56643
[    3384ms] [LOG] Foundry VTT | Drawing game canvas for scene Foundry Virtual Tabletop @ http://localhost:30000/scripts/foundry.mjs:116766
[    3448ms] [LOG] Loaded icons/svg/cowled.svg (1.56%) @ http://localhost:30000/scripts/foundry.mjs:105204
[    3449ms] [LOG] Loaded icons/svg/combat.svg (3.13%) @ http://localhost:30000/scripts/foundry.mjs:105204
[    3450ms] [LOG] Loaded icons/svg/aura.svg (4.69%) @ http://localhost:30000/scripts/foundry.mjs:105204
[    3450ms] [LOG] Loaded icons/svg/padlock.svg (6.25%) @ http://localhost:30000/scripts/foundry.mjs:105204
[    3451ms] [LOG] Loaded icons/svg/down.svg (7.81%) @ http://localhost:30000/scripts/foundry.mjs:105204
[    3452ms] [LOG] Loaded icons/svg/up.svg (9.38%) @ http://localhost:30000/scripts/foundry.mjs:105204
[    3453ms] [LOG] Loaded icons/svg/skull.svg (10.94%) @ http://localhost:30000/scripts/foundry.mjs:105204
[    3453ms] [LOG] Loaded icons/svg/light-off.svg (12.50%) @ http://localhost:30000/scripts/foundry.mjs:105204
[    3454ms] [LOG] Loaded icons/svg/explosion.svg (14.06%) @ http://localhost:30000/scripts/foundry.mjs:105204
[    3471ms] [LOG] Loaded icons/svg/light.svg (15.63%) @ http://localhost:30000/scripts/foundry.mjs:105204
[    3476ms] [LOG] Loaded icons/svg/door-closed-outline.svg (17.19%) @ http://localhost:30000/scripts/foundry.mjs:105204
[    3477ms] [LOG] Loaded icons/svg/sound.svg (18.75%) @ http://localhost:30000/scripts/foundry.mjs:105204
[    3480ms] [LOG] Loaded icons/svg/sound-off.svg (20.31%) @ http://localhost:30000/scripts/foundry.mjs:105204
[    3481ms] [LOG] Loaded icons/svg/door-open-outline.svg (21.88%) @ http://localhost:30000/scripts/foundry.mjs:105204
[    3483ms] [LOG] Loaded icons/svg/door-secret-outline.svg (23.44%) @ http://localhost:30000/scripts/foundry.mjs:105204
[    3490ms] [LOG] Loaded icons/svg/door-locked-outline.svg (25.00%) @ http://localhost:30000/scripts/foundry.mjs:105204
[    3491ms] [LOG] Loaded icons/svg/wall-direction.svg (26.56%) @ http://localhost:30000/scripts/foundry.mjs:105204
[    3491ms] [LOG] Loaded icons/svg/levels.svg (28.13%) @ http://localhost:30000/scripts/foundry.mjs:105204
[    3492ms] [LOG] Loaded systems/dnd5e/icons/svg/statuses/burrowing.svg (29.69%) @ http://localhost:30000/scripts/foundry.mjs:105204
[    3492ms] [LOG] Loaded systems/dnd5e/icons/svg/statuses/cover-three-quarters.svg (31.25%) @ http://localhost:30000/scripts/foundry.mjs:105204
[    3493ms] [LOG] Loaded systems/dnd5e/icons/svg/statuses/cover-half.svg (32.81%) @ http://localhost:30000/scripts/foundry.mjs:105204
[    3506ms] [LOG] Loaded systems/dnd5e/icons/svg/statuses/concentrating.svg (34.38%) @ http://localhost:30000/scripts/foundry.mjs:105204
[    3521ms] [LOG] Loaded systems/dnd5e/icons/svg/statuses/dead.svg (35.94%) @ http://localhost:30000/scripts/foundry.mjs:105204
[    3521ms] [LOG] Loaded systems/dnd5e/icons/svg/statuses/ethereal.svg (37.50%) @ http://localhost:30000/scripts/foundry.mjs:105204
[    3525ms] [LOG] Loaded systems/dnd5e/icons/svg/statuses/cover-total.svg (39.06%) @ http://localhost:30000/scripts/foundry.mjs:105204
[    3525ms] [LOG] Loaded systems/dnd5e/icons/svg/statuses/dodging.svg (40.63%) @ http://localhost:30000/scripts/foundry.mjs:105204
[    3528ms] [LOG] Loaded systems/dnd5e/icons/svg/statuses/flying.svg (42.19%) @ http://localhost:30000/scripts/foundry.mjs:105204
[    3530ms] [LOG] Loaded systems/dnd5e/icons/svg/statuses/hiding.svg (43.75%) @ http://localhost:30000/scripts/foundry.mjs:105204
[    3531ms] [LOG] Loaded systems/dnd5e/icons/svg/statuses/hovering.svg (45.31%) @ http://localhost:30000/scripts/foundry.mjs:105204
[    3532ms] [LOG] Loaded systems/dnd5e/icons/svg/statuses/marked.svg (46.88%) @ http://localhost:30000/scripts/foundry.mjs:105204
[    3537ms] [LOG] Loaded systems/dnd5e/icons/svg/statuses/bleeding.svg (48.44%) @ http://localhost:30000/scripts/foundry.mjs:105204
[    3580ms] [LOG] Loaded systems/dnd5e/icons/svg/statuses/blinded.svg (50.00%) @ http://localhost:30000/scripts/foundry.mjs:105204
[    3584ms] [LOG] Loaded systems/dnd5e/icons/svg/statuses/sleeping.svg (51.56%) @ http://localhost:30000/scripts/foundry.mjs:105204
[    3584ms] [LOG] Loaded systems/dnd5e/icons/svg/statuses/stable.svg (53.13%) @ http://localhost:30000/scripts/foundry.mjs:105204
[    3586ms] [LOG] Loaded systems/dnd5e/icons/svg/statuses/burning.svg (54.69%) @ http://localhost:30000/scripts/foundry.mjs:105204
[    3587ms] [LOG] Loaded systems/dnd5e/icons/svg/statuses/charmed.svg (56.25%) @ http://localhost:30000/scripts/foundry.mjs:105204
[    3588ms] [LOG] Loaded systems/dnd5e/icons/svg/statuses/cursed.svg (57.81%) @ http://localhost:30000/scripts/foundry.mjs:105204
[    3589ms] [LOG] Loaded systems/dnd5e/icons/svg/statuses/dehydration.svg (59.38%) @ http://localhost:30000/scripts/foundry.mjs:105204
[    3590ms] [LOG] Loaded systems/dnd5e/icons/svg/statuses/deafened.svg (60.94%) @ http://localhost:30000/scripts/foundry.mjs:105204
[    3591ms] [LOG] Loaded systems/dnd5e/icons/svg/statuses/diseased.svg (62.50%) @ http://localhost:30000/scripts/foundry.mjs:105204
[    3595ms] [LOG] Loaded systems/dnd5e/icons/svg/statuses/frightened.svg (64.06%) @ http://localhost:30000/scripts/foundry.mjs:105204
[    3595ms] [LOG] Loaded systems/dnd5e/icons/svg/statuses/exhaustion.svg (65.63%) @ http://localhost:30000/scripts/foundry.mjs:105204
[    3596ms] [LOG] Loaded systems/dnd5e/icons/svg/statuses/falling.svg (67.19%) @ http://localhost:30000/scripts/foundry.mjs:105204
[    3596ms] [LOG] Loaded systems/dnd5e/icons/svg/statuses/grappled.svg (68.75%) @ http://localhost:30000/scripts/foundry.mjs:105204
[    3597ms] [LOG] Loaded systems/dnd5e/icons/svg/statuses/incapacitated.svg (70.31%) @ http://localhost:30000/scripts/foundry.mjs:105204
[    3601ms] [LOG] Loaded systems/dnd5e/icons/svg/statuses/invisible.svg (71.88%) @ http://localhost:30000/scripts/foundry.mjs:105204
[    3602ms] [LOG] Loaded systems/dnd5e/icons/svg/statuses/malnutrition.svg (73.44%) @ http://localhost:30000/scripts/foundry.mjs:105204
[    3602ms] [LOG] Loaded systems/dnd5e/icons/svg/statuses/paralyzed.svg (75.00%) @ http://localhost:30000/scripts/foundry.mjs:105204
[    3603ms] [LOG] Loaded systems/dnd5e/icons/svg/statuses/petrified.svg (76.56%) @ http://localhost:30000/scripts/foundry.mjs:105204
[    3603ms] [LOG] Loaded systems/dnd5e/icons/svg/statuses/poisoned.svg (78.13%) @ http://localhost:30000/scripts/foundry.mjs:105204
[    3603ms] [LOG] Loaded systems/dnd5e/icons/svg/statuses/prone.svg (79.69%) @ http://localhost:30000/scripts/foundry.mjs:105204
[    3604ms] [LOG] Loaded systems/dnd5e/icons/svg/statuses/restrained.svg (81.25%) @ http://localhost:30000/scripts/foundry.mjs:105204
[    3616ms] [LOG] Loaded systems/dnd5e/icons/svg/statuses/silenced.svg (82.81%) @ http://localhost:30000/scripts/foundry.mjs:105204
[    3622ms] [LOG] Loaded systems/dnd5e/icons/svg/statuses/stunned.svg (84.38%) @ http://localhost:30000/scripts/foundry.mjs:105204
[    3624ms] [LOG] Loaded systems/dnd5e/icons/svg/statuses/suffocation.svg (85.94%) @ http://localhost:30000/scripts/foundry.mjs:105204
[    3624ms] [LOG] Loaded systems/dnd5e/icons/svg/statuses/surprised.svg (87.50%) @ http://localhost:30000/scripts/foundry.mjs:105204
[    3625ms] [LOG] Loaded systems/dnd5e/icons/svg/statuses/transformed.svg (89.06%) @ http://localhost:30000/scripts/foundry.mjs:105204
[    3627ms] [LOG] Loaded systems/dnd5e/icons/svg/statuses/unconscious.svg (90.63%) @ http://localhost:30000/scripts/foundry.mjs:105204
[    3628ms] [LOG] Loaded systems/dnd5e/icons/svg/statuses/encumbered.svg (92.19%) @ http://localhost:30000/scripts/foundry.mjs:105204
[    3628ms] [LOG] Loaded systems/dnd5e/icons/svg/statuses/heavily-encumbered.svg (93.75%) @ http://localhost:30000/scripts/foundry.mjs:105204
[    3629ms] [LOG] Loaded systems/dnd5e/icons/svg/statuses/exceeding-carrying-capacity.svg (95.31%) @ http://localhost:30000/scripts/foundry.mjs:105204
[    3647ms] [LOG] Loaded nue/defaultscene/fvtt-logo.webp (96.88%) @ http://localhost:30000/scripts/foundry.mjs:105204
[    3718ms] [LOG] Loaded nue/defaultscene/fvtt-background.webp (98.44%) @ http://localhost:30000/scripts/foundry.mjs:105204
[    3896ms] [LOG] Loaded canvas/tokens/rings-steel.json (100.00%) @ http://localhost:30000/scripts/foundry.mjs:105204
[    3897ms] [LOG] Foundry VTT | Drawing the HiddenCanvasGroup canvas group @ http://localhost:30000/scripts/foundry.mjs:110537
[    3898ms] [LOG] Foundry VTT | Drawing the RenderedCanvasGroup canvas group @ http://localhost:30000/scripts/foundry.mjs:110537
[    3898ms] [LOG] Foundry VTT | Drawing the EnvironmentCanvasGroup canvas group @ http://localhost:30000/scripts/foundry.mjs:110537
[    3899ms] [LOG] Foundry VTT | Drawing the PrimaryCanvasGroup canvas group @ http://localhost:30000/scripts/foundry.mjs:110537
[    3900ms] [LOG] Foundry VTT | Drawing the WeatherEffects canvas layer @ http://localhost:30000/scripts/foundry.mjs:111141
[    3901ms] [LOG] Foundry VTT | Drawing the EffectsCanvasGroup canvas group @ http://localhost:30000/scripts/foundry.mjs:110537
[    3901ms] [LOG] Foundry VTT | Drawing the CanvasBackgroundAlterationEffects canvas layer @ http://localhost:30000/scripts/foundry.mjs:111141
[    3901ms] [LOG] Foundry VTT | Drawing the CanvasIlluminationEffects canvas layer @ http://localhost:30000/scripts/foundry.mjs:111141
[    3901ms] [LOG] Foundry VTT | Drawing the CanvasColorationEffects canvas layer @ http://localhost:30000/scripts/foundry.mjs:111141
[    3901ms] [LOG] Foundry VTT | Drawing the CanvasDarknessEffects canvas layer @ http://localhost:30000/scripts/foundry.mjs:111141
[    3902ms] [LOG] Foundry VTT | Drawing the CanvasVisibility canvas group @ http://localhost:30000/scripts/foundry.mjs:110537
[    3903ms] [LOG] Foundry VTT | Drawing the InterfaceCanvasGroup canvas group @ http://localhost:30000/scripts/foundry.mjs:110537
[    3903ms] [LOG] Foundry VTT | Drawing the GridLayer canvas layer @ http://localhost:30000/scripts/foundry.mjs:111141
[    3904ms] [LOG] Foundry VTT | Drawing the RegionLayer canvas layer @ http://localhost:30000/scripts/foundry.mjs:111141
[    3904ms] [LOG] Foundry VTT | Drawing the DrawingsLayer canvas layer @ http://localhost:30000/scripts/foundry.mjs:111141
[    3904ms] [LOG] Foundry VTT | Drawing the TemplateLayer canvas layer @ http://localhost:30000/scripts/foundry.mjs:111141
[    3904ms] [LOG] Foundry VTT | Drawing the TilesLayer canvas layer @ http://localhost:30000/scripts/foundry.mjs:111141
[    3907ms] [LOG] Foundry VTT | Drawing the WallsLayer canvas layer @ http://localhost:30000/scripts/foundry.mjs:111141
[    3907ms] [LOG] Foundry VTT | Drawing the TokenLayer5e canvas layer @ http://localhost:30000/scripts/foundry.mjs:111141
[    3907ms] [LOG] Foundry VTT | Drawing the SoundsLayer canvas layer @ http://localhost:30000/scripts/foundry.mjs:111141
[    3908ms] [LOG] Foundry VTT | Drawing the LightingLayer canvas layer @ http://localhost:30000/scripts/foundry.mjs:111141
[    3930ms] [LOG] Foundry VTT | Drawing the NotesLayer canvas layer @ http://localhost:30000/scripts/foundry.mjs:111141
[    3930ms] [LOG] Foundry VTT | Drawing the ControlsLayer canvas layer @ http://localhost:30000/scripts/foundry.mjs:111141
[    3969ms] [LOG] Foundry VTT | Retrieved and compiled template templates/hud/waypoint-label.hbs @ http://localhost:30000/scripts/foundry.mjs:88936
[    3969ms] [LOG] Foundry VTT | Drawing the OverlayCanvasGroup canvas group @ http://localhost:30000/scripts/foundry.mjs:110537
[    3984ms] [LOG] Applying buffered socket event: userActivity @ http://localhost:30000/scripts/foundry.mjs:205636
[    4305ms] [LOG] Foundry VTT | Constructed index of dnd5e.subclasses Compendium containing 12 entries @ http://localhost:30000/scripts/foundry.mjs:27942
[    4306ms] [LOG] Foundry VTT | Constructed index of dnd5e.classes Compendium containing 12 entries @ http://localhost:30000/scripts/foundry.mjs:27942
[    4421ms] [LOG] Foundry VTT | Constructed index of dnd5e.classes24 Compendium containing 282 entries @ http://localhost:30000/scripts/foundry.mjs:27942
[    4439ms] [LOG] Foundry VTT | Retrieved and compiled template templates/sidebar/tabs/placeable/tabs.hbs @ http://localhost:30000/scripts/foundry.mjs:88936
[    4439ms] [LOG] Foundry VTT | Retrieved and compiled template templates/sidebar/tabs/placeable/tab.hbs @ http://localhost:30000/scripts/foundry.mjs:88936
[    4624ms] [LOG] Worker TextureCompressor of FogExtractor | Initialized Worker @ http://localhost:30000/scripts/worker.js:71
[    4805ms] [LOG] Foundry VTT | Retrieved and compiled template templates/sidebar/tabs/placeable/search.hbs @ http://localhost:30000/scripts/foundry.mjs:88936
[    4805ms] [LOG] Foundry VTT | Retrieved and compiled template templates/sidebar/tabs/placeable/directory.hbs @ http://localhost:30000/scripts/foundry.mjs:88936
[    4948ms] [LOG] Foundry VTT | Retrieved and compiled template templates/sidebar/tabs/placeable/tokens.hbs @ http://localhost:30000/scripts/foundry.mjs:88936
[    4948ms] [LOG] Foundry VTT | Retrieved and compiled template templates/sidebar/tabs/placeable/token.hbs @ http://localhost:30000/scripts/foundry.mjs:88936
[    5175ms] [LOG] Foundry VTT | Constructed index of dnd5e.classes24 Compendium containing 282 entries @ http://localhost:30000/scripts/foundry.mjs:27942
[    5306ms] [LOG] Foundry VTT | Constructed index of dnd5e.spells24 Compendium containing 341 entries @ http://localhost:30000/scripts/foundry.mjs:27942
[   35694ms] [LOG] Foundry VTT | Retrieved and compiled template modules/monks-enhanced-journal/templates/main.html @ http://localhost:30000/scripts/foundry.mjs:88936
[   35695ms] [LOG] Foundry VTT | Retrieved and compiled template modules/monks-enhanced-journal/templates/directory.html @ http://localhost:30000/scripts/foundry.mjs:88936
[   35796ms] [LOG] Foundry VTT | Retrieved and compiled template modules/monks-enhanced-journal/templates/sheets/quest.html @ http://localhost:30000/scripts/foundry.mjs:88936
[   35809ms] [LOG] Foundry VTT | Retrieved and compiled template modules/monks-enhanced-journal/templates/sheets/partials/sheet-detailed-header.hbs @ http://localhost:30000/scripts/foundry.mjs:88936
[   35810ms] [LOG] Foundry VTT | Retrieved and compiled template modules/monks-enhanced-journal/templates/sheets/partials/sheet-textentry.hbs @ http://localhost:30000/scripts/foundry.mjs:88936
[   35810ms] [LOG] Foundry VTT | Retrieved and compiled template modules/monks-enhanced-journal/templates/sheets/partials/sheet-objectives.hbs @ http://localhost:30000/scripts/foundry.mjs:88936
[   35810ms] [LOG] Foundry VTT | Retrieved and compiled template modules/monks-enhanced-journal/templates/sheets/partials/sheet-rewards.hbs @ http://localhost:30000/scripts/foundry.mjs:88936
[   35810ms] [LOG] Foundry VTT | Retrieved and compiled template modules/monks-enhanced-journal/templates/sheets/partials/sheet-reward-items.hbs @ http://localhost:30000/scripts/foundry.mjs:88936
[   35811ms] [LOG] Foundry VTT | Retrieved and compiled template modules/monks-enhanced-journal/templates/sheets/partials/sheet-relationships.hbs @ http://localhost:30000/scripts/foundry.mjs:88936
[   35811ms] [LOG] Foundry VTT | Retrieved and compiled template modules/monks-enhanced-journal/templates/sheets/partials/sheet-notes.hbs @ http://localhost:30000/scripts/foundry.mjs:88936
[   35812ms] [LOG] Foundry VTT | Retrieved and compiled template modules/monks-enhanced-journal/templates/sheets/partials/sheet-currency.hbs @ http://localhost:30000/scripts/foundry.mjs:88936
[   35823ms] [LOG] Foundry VTT | Retrieved and compiled template templates/generic/tab-navigation.hbs @ http://localhost:30000/scripts/foundry.mjs:88936
[   35826ms] [LOG] Foundry VTT | Retrieved and compiled template modules/monks-enhanced-journal/templates/sheets/partials/journal_sidebar.hbs @ http://localhost:30000/scripts/foundry.mjs:88936
[   35829ms] [LOG] Foundry VTT | Retrieved and compiled template modules/monks-enhanced-journal/templates/sheets/partials/journal_toc.hbs @ http://localhost:30000/scripts/foundry.mjs:88936
[   35831ms] [LOG] Foundry VTT | Retrieved and compiled template modules/monks-enhanced-journal/templates/sheets/partials/journal_pages.hbs @ http://localhost:30000/scripts/foundry.mjs:88936
[   35832ms] [LOG] Foundry VTT | Retrieved and compiled template templates/journal/page.hbs @ http://localhost:30000/scripts/foundry.mjs:88936
[   35855ms] [LOG] Foundry VTT | Retrieved and compiled template templates/journal/pages/text/view.hbs @ http://localhost:30000/scripts/foundry.mjs:88936
[   35861ms] [LOG] Foundry VTT | Retrieved and compiled template templates/journal/toc.hbs @ http://localhost:30000/scripts/foundry.mjs:88936
[   72981ms] [ERROR] DataModelValidationError: [JournalEntryPage5e] validation errors: SchemaField#_validateRecursive
  type: "code" is not a valid type for the JournalEntryPage Document class
[Detected 1 package: system:dnd5e(5.3.3)]
    at DataModelValidationFailure.asError (http://localhost:30000/scripts/foundry.mjs:8365:12)
    at JournalEntryPage5e.validate (http://localhost:30000/scripts/foundry.mjs:14033:59)
    at new DataModel (http://localhost:30000/scripts/foundry.mjs:13515:10)
    at new Document (http://localhost:30000/scripts/foundry.mjs:14422:1)
    at new ClientDocumentMixin (http://localhost:30000/scripts/foundry.mjs:36076:7)
    at new JournalEntryPage (http://localhost:30000/scripts/foundry.mjs:44560:26)
    at new JournalEntryPage5e (http://localhost:30000/systems/dnd5e/dnd5e.mjs:79434:1)
    at #preCreateDocumentArray (http://localhost:30000/scripts/foundry.mjs:80795:15)
    at ClientDatabaseBackend._createDocuments (http://localhost:30000/scripts/foundry.mjs:80758:56)
    at ClientDatabaseBackend.create (http://localhost:30000/scripts/foundry.mjs:80379:17)
    at async eval (eval at <anonymous> (eval at evaluate (:303:30)), <anonymous>:17:7)
    at async eval (eval at evaluate (:303:30), <anonymous>:4:30)
    at async <anonymous>:329:30 @ :2
[   72983ms] [ERROR] [JournalEntryPage5e] validation errors: SchemaField#_validateRecursive
  type: "code" is not a valid type for the JournalEntryPage Document class
[Detected 1 package: system:dnd5e(5.3.3)]  @ :2
[   72983ms] [ERROR] DataModelValidationError: [JournalEntryPage5e] validation errors: SchemaField#_validateRecursive
  type: "markdown" is not a valid type for the JournalEntryPage Document class
[Detected 1 package: system:dnd5e(5.3.3)]
    at DataModelValidationFailure.asError (http://localhost:30000/scripts/foundry.mjs:8365:12)
    at JournalEntryPage5e.validate (http://localhost:30000/scripts/foundry.mjs:14033:59)
    at new DataModel (http://localhost:30000/scripts/foundry.mjs:13515:10)
    at new Document (http://localhost:30000/scripts/foundry.mjs:14422:1)
    at new ClientDocumentMixin (http://localhost:30000/scripts/foundry.mjs:36076:7)
    at new JournalEntryPage (http://localhost:30000/scripts/foundry.mjs:44560:26)
    at new JournalEntryPage5e (http://localhost:30000/systems/dnd5e/dnd5e.mjs:79434:1)
    at #preCreateDocumentArray (http://localhost:30000/scripts/foundry.mjs:80795:15)
    at ClientDatabaseBackend._createDocuments (http://localhost:30000/scripts/foundry.mjs:80758:56)
    at ClientDatabaseBackend.create (http://localhost:30000/scripts/foundry.mjs:80379:17)
    at async eval (eval at <anonymous> (eval at evaluate (:303:30)), <anonymous>:17:7)
    at async eval (eval at evaluate (:303:30), <anonymous>:4:30)
    at async <anonymous>:329:30 @ :2
[   72983ms] [ERROR] [JournalEntryPage5e] validation errors: SchemaField#_validateRecursive
  type: "markdown" is not a valid type for the JournalEntryPage Document class
[Detected 1 package: system:dnd5e(5.3.3)]  @ :2
[  101469ms] [LOG] Foundry VTT | Retrieved and compiled template modules/monks-enhanced-journal/templates/sheets/shop.html @ http://localhost:30000/scripts/foundry.mjs:88936
[  101469ms] [LOG] Foundry VTT | Retrieved and compiled template modules/monks-enhanced-journal/templates/sheets/partials/sheet-shop-details.hbs @ http://localhost:30000/scripts/foundry.mjs:88936
[  101469ms] [LOG] Foundry VTT | Retrieved and compiled template modules/monks-enhanced-journal/templates/sheets/partials/sheet-transactions.hbs @ http://localhost:30000/scripts/foundry.mjs:88936
[  101470ms] [LOG] Foundry VTT | Retrieved and compiled template modules/monks-enhanced-journal/templates/sheets/partials/sheet-shop-items.hbs @ http://localhost:30000/scripts/foundry.mjs:88936
[  149090ms] [LOG] Foundry VTT | Retrieved and compiled template /modules/monks-enhanced-journal/templates/confirm-purchase.html @ http://localhost:30000/scripts/foundry.mjs:88936
[  284913ms] [LOG] monks-enhanced-journal |  drop data {preventDefault: , stopPropagation: , target: div.sheet-container.detailed.shop-container.flexcol, dataTransfer: Object} {type: Item, uuid: Item.WOE5oCZ87awu3azz} @ http://localhost:30000/modules/monks-enhanced-journal/monks-enhanced-journal.js:29
[  337615ms] [LOG] Foundry VTT | Retrieved and compiled template modules/monks-enhanced-journal/templates/sheets/person.html @ http://localhost:30000/scripts/foundry.mjs:88936
[  337616ms] [LOG] Foundry VTT | Retrieved and compiled template modules/monks-enhanced-journal/templates/sheets/partials/sheet-details.hbs @ http://localhost:30000/scripts/foundry.mjs:88936
[  337616ms] [LOG] Foundry VTT | Retrieved and compiled template modules/monks-enhanced-journal/templates/sheets/partials/sheet-offerings.hbs @ http://localhost:30000/scripts/foundry.mjs:88936
