[     392ms] [LOG] _______________________________________________________________
 _____ ___  _   _ _   _ ____  ______   __ __     _______ _____
|  ___/ _ \| | | | \ | |  _ \|  _ \ \ / / \ \   / |_   _|_   _|
| |_ | | | | | | |  \| | | | | |_) \ V /   \ \ / /  | |   | |
|  _|| |_| | |_| | |\  | |_| |  _ < | |     \ V /   | |   | |
|_|   \___/ \___/|_| \_|____/|_| \_\|_|      \_/    |_|   |_|
=============================================================== @ http://localhost:30000/scripts/foundry.mjs:219222
[     392ms] [LOG] Foundry VTT | Foundry Virtual Tabletop ESModule loaded @ http://localhost:30000/scripts/foundry.mjs:219223
[     416ms] [LOG] Foundry VTT | Connected to server socket using session 8c9ff8a14bd4db3301b7fd0b @ http://localhost:30000/scripts/foundry.mjs:205572
[     757ms] [INFO] libWrapper: Version 1.13.5.1 (c0521af) ready. @ http://localhost:30000/modules/lib-wrapper/lib-wrapper.js:0
[     757ms] [LOG] Foundry VTT | Initializing Foundry Virtual Tabletop Game @ http://localhost:30000/scripts/foundry.mjs:205727
[     758ms] [LOG] %cD&D 5e | %cInitializing the D&D Fifth Game System - Version 5.3.3
_______________________________
______      ______ _____ _____
|  _  \___  |  _  \  ___|  ___|
| | | ( _ ) | | | |___ \| |__
| | | / _ \/\ | | |   \ \  __|
| |/ / (_>  < |/ //\__/ / |___
|___/ \___/\/___/ \____/\____/
_______________________________ color: #6e0000; font-variant: small-caps color: revert @ http://localhost:30000/systems/dnd5e/dnd5e.mjs:514
[     761ms] [LOG] %cD&D 5e | %cRegistered Dungeons & Dragons Fifth Edition data: source books color: #6e0000; font-variant: small-caps color: revert @ http://localhost:30000/systems/dnd5e/dnd5e.mjs:514
[     761ms] [LOG] %cD&D 5e | %cRegistered redirects to SRD for dnd-players-handbook color: #6e0000; font-variant: small-caps color: revert @ http://localhost:30000/systems/dnd5e/dnd5e.mjs:514
[     761ms] [LOG] %cD&D 5e | %cRegistered redirects to SRD for dnd-dungeon-masters-guide color: #6e0000; font-variant: small-caps color: revert @ http://localhost:30000/systems/dnd5e/dnd5e.mjs:514
[     761ms] [LOG] %cD&D 5e | %cRegistered redirects to SRD for dnd-monster-manual color: #6e0000; font-variant: small-caps color: revert @ http://localhost:30000/systems/dnd5e/dnd5e.mjs:514
[     763ms] [LOG] monks-enhanced-journal |  Initializing Monks Enhanced Journal @ http://localhost:30000/modules/monks-enhanced-journal/monks-enhanced-journal.js:29
[     780ms] [LOG] Foundry VTT | Retrieved and compiled template systems/dnd5e/templates/shared/active-effects.hbs @ http://localhost:30000/scripts/foundry.mjs:88936
[     780ms] [LOG] Foundry VTT | Retrieved and compiled template systems/dnd5e/templates/shared/active-effects.hbs @ http://localhost:30000/scripts/foundry.mjs:88936
[     781ms] [LOG] Foundry VTT | Retrieved and compiled template systems/dnd5e/templates/apps/parts/trait-list.hbs @ http://localhost:30000/scripts/foundry.mjs:88936
[     782ms] [LOG] Foundry VTT | Retrieved and compiled template systems/dnd5e/templates/apps/parts/trait-list.hbs @ http://localhost:30000/scripts/foundry.mjs:88936
[     786ms] [LOG] Foundry VTT | Retrieved and compiled template systems/dnd5e/templates/apps/parts/traits-list.hbs @ http://localhost:30000/scripts/foundry.mjs:88936
[     787ms] [LOG] Foundry VTT | Loaded localization file lang/en.json @ http://localhost:30000/scripts/foundry.mjs:204562
[     793ms] [LOG] Foundry VTT | Retrieved and compiled template systems/dnd5e/templates/apps/parts/traits-list.hbs @ http://localhost:30000/scripts/foundry.mjs:88936
[     795ms] [LOG] Foundry VTT | Loaded localization file systems/dnd5e/lang/en.json @ http://localhost:30000/scripts/foundry.mjs:204562
[     799ms] [LOG] Foundry VTT | Loaded localization file modules/lib-wrapper/lang/en.json @ http://localhost:30000/scripts/foundry.mjs:204562
[     799ms] [LOG] Foundry VTT | Loaded localization file modules/monks-enhanced-journal/lang/en.json @ http://localhost:30000/scripts/foundry.mjs:204562
[     847ms] [LOG] Foundry VTT | Retrieved and compiled template systems/dnd5e/templates/actors/parts/actor-classes.hbs @ http://localhost:30000/scripts/foundry.mjs:88936
[     848ms] [LOG] Foundry VTT | Retrieved and compiled template systems/dnd5e/templates/actors/parts/actor-classes.hbs @ http://localhost:30000/scripts/foundry.mjs:88936
[     848ms] [LOG] Foundry VTT | Retrieved and compiled template systems/dnd5e/templates/actors/parts/actor-trait-pills.hbs @ http://localhost:30000/scripts/foundry.mjs:88936
[     848ms] [LOG] Foundry VTT | Retrieved and compiled template systems/dnd5e/templates/actors/parts/actor-trait-pills.hbs @ http://localhost:30000/scripts/foundry.mjs:88936
[     848ms] [LOG] Foundry VTT | Retrieved and compiled template systems/dnd5e/templates/actors/parts/actor-traits.hbs @ http://localhost:30000/scripts/foundry.mjs:88936
[     849ms] [LOG] Foundry VTT | Retrieved and compiled template systems/dnd5e/templates/actors/parts/actor-traits.hbs @ http://localhost:30000/scripts/foundry.mjs:88936
[     849ms] [LOG] Foundry VTT | Retrieved and compiled template systems/dnd5e/templates/actors/parts/actor-features.hbs @ http://localhost:30000/scripts/foundry.mjs:88936
[     849ms] [LOG] Foundry VTT | Retrieved and compiled template systems/dnd5e/templates/actors/parts/actor-features.hbs @ http://localhost:30000/scripts/foundry.mjs:88936
[     849ms] [LOG] Foundry VTT | Retrieved and compiled template systems/dnd5e/templates/actors/parts/actor-spellbook.hbs @ http://localhost:30000/scripts/foundry.mjs:88936
[     849ms] [LOG] Foundry VTT | Retrieved and compiled template systems/dnd5e/templates/actors/parts/actor-spellbook.hbs @ http://localhost:30000/scripts/foundry.mjs:88936
[     849ms] [LOG] Foundry VTT | Retrieved and compiled template systems/dnd5e/templates/actors/parts/actor-warnings.hbs @ http://localhost:30000/scripts/foundry.mjs:88936
[     849ms] [LOG] Foundry VTT | Retrieved and compiled template systems/dnd5e/templates/actors/parts/actor-warnings.hbs @ http://localhost:30000/scripts/foundry.mjs:88936
[     849ms] [LOG] Foundry VTT | Retrieved and compiled template systems/dnd5e/templates/actors/parts/actor-warnings-dialog.hbs @ http://localhost:30000/scripts/foundry.mjs:88936
[     849ms] [LOG] Foundry VTT | Retrieved and compiled template systems/dnd5e/templates/actors/parts/actor-warnings-dialog.hbs @ http://localhost:30000/scripts/foundry.mjs:88936
[     849ms] [LOG] Foundry VTT | Retrieved and compiled template systems/dnd5e/templates/actors/parts/biography-textbox.hbs @ http://localhost:30000/scripts/foundry.mjs:88936
[     849ms] [LOG] Foundry VTT | Retrieved and compiled template systems/dnd5e/templates/actors/parts/biography-textbox.hbs @ http://localhost:30000/scripts/foundry.mjs:88936
[     849ms] [LOG] Foundry VTT | Retrieved and compiled template systems/dnd5e/templates/actors/tabs/character-bastion.hbs @ http://localhost:30000/scripts/foundry.mjs:88936
[     849ms] [LOG] Foundry VTT | Retrieved and compiled template systems/dnd5e/templates/actors/tabs/character-bastion.hbs @ http://localhost:30000/scripts/foundry.mjs:88936
[     849ms] [LOG] Foundry VTT | Retrieved and compiled template systems/dnd5e/templates/actors/tabs/character-biography.hbs @ http://localhost:30000/scripts/foundry.mjs:88936
[     850ms] [LOG] Foundry VTT | Retrieved and compiled template systems/dnd5e/templates/actors/tabs/character-biography.hbs @ http://localhost:30000/scripts/foundry.mjs:88936
[     850ms] [LOG] Foundry VTT | Retrieved and compiled template systems/dnd5e/templates/actors/tabs/character-details.hbs @ http://localhost:30000/scripts/foundry.mjs:88936
[     850ms] [LOG] Foundry VTT | Retrieved and compiled template systems/dnd5e/templates/actors/tabs/character-details.hbs @ http://localhost:30000/scripts/foundry.mjs:88936
[     850ms] [LOG] Foundry VTT | Retrieved and compiled template systems/dnd5e/templates/actors/tabs/creature-special-traits.hbs @ http://localhost:30000/scripts/foundry.mjs:88936
[     850ms] [LOG] Foundry VTT | Retrieved and compiled template systems/dnd5e/templates/actors/tabs/creature-special-traits.hbs @ http://localhost:30000/scripts/foundry.mjs:88936
[     850ms] [LOG] Foundry VTT | Retrieved and compiled template systems/dnd5e/templates/actors/tabs/npc-biography.hbs @ http://localhost:30000/scripts/foundry.mjs:88936
[     850ms] [LOG] Foundry VTT | Retrieved and compiled template systems/dnd5e/templates/actors/tabs/npc-biography.hbs @ http://localhost:30000/scripts/foundry.mjs:88936
[     850ms] [LOG] Foundry VTT | Retrieved and compiled template systems/dnd5e/templates/chat/parts/card-activities.hbs @ http://localhost:30000/scripts/foundry.mjs:88936
[     850ms] [LOG] Foundry VTT | Retrieved and compiled template systems/dnd5e/templates/chat/parts/card-activities.hbs @ http://localhost:30000/scripts/foundry.mjs:88936
[     850ms] [LOG] Foundry VTT | Retrieved and compiled template systems/dnd5e/templates/chat/parts/card-deltas.hbs @ http://localhost:30000/scripts/foundry.mjs:88936
[     850ms] [LOG] Foundry VTT | Retrieved and compiled template systems/dnd5e/templates/chat/parts/card-deltas.hbs @ http://localhost:30000/scripts/foundry.mjs:88936
[     850ms] [LOG] Foundry VTT | Retrieved and compiled template systems/dnd5e/templates/items/details/details-background.hbs @ http://localhost:30000/scripts/foundry.mjs:88936
[     850ms] [LOG] Foundry VTT | Retrieved and compiled template systems/dnd5e/templates/items/details/details-background.hbs @ http://localhost:30000/scripts/foundry.mjs:88936
[     850ms] [LOG] Foundry VTT | Retrieved and compiled template systems/dnd5e/templates/items/details/details-class.hbs @ http://localhost:30000/scripts/foundry.mjs:88936
[     850ms] [LOG] Foundry VTT | Retrieved and compiled template systems/dnd5e/templates/items/details/details-class.hbs @ http://localhost:30000/scripts/foundry.mjs:88936
[     850ms] [LOG] Foundry VTT | Retrieved and compiled template systems/dnd5e/templates/items/details/details-consumable.hbs @ http://localhost:30000/scripts/foundry.mjs:88936
[     850ms] [LOG] Foundry VTT | Retrieved and compiled template systems/dnd5e/templates/items/details/details-consumable.hbs @ http://localhost:30000/scripts/foundry.mjs:88936
[     850ms] [LOG] Foundry VTT | Retrieved and compiled template systems/dnd5e/templates/items/details/details-container.hbs @ http://localhost:30000/scripts/foundry.mjs:88936
[     851ms] [LOG] Foundry VTT | Retrieved and compiled template systems/dnd5e/templates/items/details/details-container.hbs @ http://localhost:30000/scripts/foundry.mjs:88936
[     851ms] [LOG] Foundry VTT | Retrieved and compiled template systems/dnd5e/templates/items/details/details-equipment.hbs @ http://localhost:30000/scripts/foundry.mjs:88936
[     851ms] [LOG] Foundry VTT | Retrieved and compiled template systems/dnd5e/templates/items/details/details-equipment.hbs @ http://localhost:30000/scripts/foundry.mjs:88936
[     851ms] [LOG] Foundry VTT | Retrieved and compiled template systems/dnd5e/templates/items/details/details-facility.hbs @ http://localhost:30000/scripts/foundry.mjs:88936
[     852ms] [LOG] Foundry VTT | Retrieved and compiled template systems/dnd5e/templates/items/details/details-facility.hbs @ http://localhost:30000/scripts/foundry.mjs:88936
[     852ms] [LOG] Foundry VTT | Retrieved and compiled template systems/dnd5e/templates/items/details/details-feat.hbs @ http://localhost:30000/scripts/foundry.mjs:88936
[     852ms] [LOG] Foundry VTT | Retrieved and compiled template systems/dnd5e/templates/items/details/details-feat.hbs @ http://localhost:30000/scripts/foundry.mjs:88936
[     852ms] [LOG] Foundry VTT | Retrieved and compiled template systems/dnd5e/templates/items/details/details-loot.hbs @ http://localhost:30000/scripts/foundry.mjs:88936
[     852ms] [LOG] Foundry VTT | Retrieved and compiled template systems/dnd5e/templates/items/details/details-loot.hbs @ http://localhost:30000/scripts/foundry.mjs:88936
[     852ms] [LOG] Foundry VTT | Retrieved and compiled template systems/dnd5e/templates/items/details/details-mountable.hbs @ http://localhost:30000/scripts/foundry.mjs:88936
[     852ms] [LOG] Foundry VTT | Retrieved and compiled template systems/dnd5e/templates/items/details/details-mountable.hbs @ http://localhost:30000/scripts/foundry.mjs:88936
[     852ms] [LOG] Foundry VTT | Retrieved and compiled template systems/dnd5e/templates/items/details/details-species.hbs @ http://localhost:30000/scripts/foundry.mjs:88936
[     852ms] [LOG] Foundry VTT | Retrieved and compiled template systems/dnd5e/templates/items/details/details-species.hbs @ http://localhost:30000/scripts/foundry.mjs:88936
[     852ms] [LOG] Foundry VTT | Retrieved and compiled template systems/dnd5e/templates/items/details/details-spell.hbs @ http://localhost:30000/scripts/foundry.mjs:88936
[     852ms] [LOG] Foundry VTT | Retrieved and compiled template systems/dnd5e/templates/items/details/details-spell.hbs @ http://localhost:30000/scripts/foundry.mjs:88936
[     852ms] [LOG] Foundry VTT | Retrieved and compiled template systems/dnd5e/templates/items/details/details-spellcasting.hbs @ http://localhost:30000/scripts/foundry.mjs:88936
[     852ms] [LOG] Foundry VTT | Retrieved and compiled template systems/dnd5e/templates/items/details/details-spellcasting.hbs @ http://localhost:30000/scripts/foundry.mjs:88936
[     852ms] [LOG] Foundry VTT | Retrieved and compiled template systems/dnd5e/templates/items/details/details-starting-equipment.hbs @ http://localhost:30000/scripts/foundry.mjs:88936
[     853ms] [LOG] Foundry VTT | Retrieved and compiled template systems/dnd5e/templates/items/details/details-starting-equipment.hbs @ http://localhost:30000/scripts/foundry.mjs:88936
[     853ms] [LOG] Foundry VTT | Retrieved and compiled template systems/dnd5e/templates/items/details/details-subclass.hbs @ http://localhost:30000/scripts/foundry.mjs:88936
[     853ms] [LOG] Foundry VTT | Retrieved and compiled template systems/dnd5e/templates/items/details/details-subclass.hbs @ http://localhost:30000/scripts/foundry.mjs:88936
[     853ms] [LOG] Foundry VTT | Retrieved and compiled template systems/dnd5e/templates/items/details/details-tool.hbs @ http://localhost:30000/scripts/foundry.mjs:88936
[     853ms] [LOG] Foundry VTT | Retrieved and compiled template systems/dnd5e/templates/items/details/details-tool.hbs @ http://localhost:30000/scripts/foundry.mjs:88936
[     853ms] [LOG] Foundry VTT | Retrieved and compiled template systems/dnd5e/templates/items/details/details-weapon.hbs @ http://localhost:30000/scripts/foundry.mjs:88936
[     853ms] [LOG] Foundry VTT | Retrieved and compiled template systems/dnd5e/templates/items/details/details-weapon.hbs @ http://localhost:30000/scripts/foundry.mjs:88936
[     853ms] [LOG] Foundry VTT | Retrieved and compiled template systems/dnd5e/templates/items/parts/item-summary.hbs @ http://localhost:30000/scripts/foundry.mjs:88936
[     853ms] [LOG] Foundry VTT | Retrieved and compiled template systems/dnd5e/templates/items/parts/item-summary.hbs @ http://localhost:30000/scripts/foundry.mjs:88936
[     853ms] [LOG] Foundry VTT | Retrieved and compiled template systems/dnd5e/templates/items/parts/item-tooltip.hbs @ http://localhost:30000/scripts/foundry.mjs:88936
[     853ms] [LOG] Foundry VTT | Retrieved and compiled template systems/dnd5e/templates/items/parts/item-tooltip.hbs @ http://localhost:30000/scripts/foundry.mjs:88936
[     854ms] [LOG] Foundry VTT | Retrieved and compiled template systems/dnd5e/templates/items/parts/spell-block.hbs @ http://localhost:30000/scripts/foundry.mjs:88936
[     854ms] [LOG] Foundry VTT | Retrieved and compiled template systems/dnd5e/templates/items/parts/spell-block.hbs @ http://localhost:30000/scripts/foundry.mjs:88936
[     854ms] [LOG] Foundry VTT | Retrieved and compiled template systems/dnd5e/templates/shared/fields/field-activation.hbs @ http://localhost:30000/scripts/foundry.mjs:88936
[     854ms] [LOG] Foundry VTT | Retrieved and compiled template systems/dnd5e/templates/shared/fields/field-activation.hbs @ http://localhost:30000/scripts/foundry.mjs:88936
[     854ms] [LOG] Foundry VTT | Retrieved and compiled template systems/dnd5e/templates/shared/fields/field-damage.hbs @ http://localhost:30000/scripts/foundry.mjs:88936
[     854ms] [LOG] Foundry VTT | Retrieved and compiled template systems/dnd5e/templates/shared/fields/field-damage.hbs @ http://localhost:30000/scripts/foundry.mjs:88936
[     854ms] [LOG] Foundry VTT | Retrieved and compiled template systems/dnd5e/templates/shared/fields/field-duration.hbs @ http://localhost:30000/scripts/foundry.mjs:88936
[     854ms] [LOG] Foundry VTT | Retrieved and compiled template systems/dnd5e/templates/shared/fields/field-duration.hbs @ http://localhost:30000/scripts/foundry.mjs:88936
[     854ms] [LOG] Foundry VTT | Retrieved and compiled template systems/dnd5e/templates/shared/fields/field-range.hbs @ http://localhost:30000/scripts/foundry.mjs:88936
[     854ms] [LOG] Foundry VTT | Retrieved and compiled template systems/dnd5e/templates/shared/fields/field-range.hbs @ http://localhost:30000/scripts/foundry.mjs:88936
[     854ms] [LOG] Foundry VTT | Retrieved and compiled template systems/dnd5e/templates/shared/fields/field-targets.hbs @ http://localhost:30000/scripts/foundry.mjs:88936
[     854ms] [LOG] Foundry VTT | Retrieved and compiled template systems/dnd5e/templates/shared/fields/field-targets.hbs @ http://localhost:30000/scripts/foundry.mjs:88936
[     855ms] [LOG] Foundry VTT | Retrieved and compiled template systems/dnd5e/templates/shared/fields/field-uses.hbs @ http://localhost:30000/scripts/foundry.mjs:88936
[     855ms] [LOG] Foundry VTT | Retrieved and compiled template systems/dnd5e/templates/shared/fields/field-uses.hbs @ http://localhost:30000/scripts/foundry.mjs:88936
[     855ms] [LOG] Foundry VTT | Retrieved and compiled template systems/dnd5e/templates/shared/fields/fieldlist.hbs @ http://localhost:30000/scripts/foundry.mjs:88936
[     855ms] [LOG] Foundry VTT | Retrieved and compiled template systems/dnd5e/templates/shared/fields/fieldlist.hbs @ http://localhost:30000/scripts/foundry.mjs:88936
[     855ms] [LOG] Foundry VTT | Retrieved and compiled template systems/dnd5e/templates/shared/fields/formlist.hbs @ http://localhost:30000/scripts/foundry.mjs:88936
[     855ms] [LOG] Foundry VTT | Retrieved and compiled template systems/dnd5e/templates/shared/fields/formlist.hbs @ http://localhost:30000/scripts/foundry.mjs:88936
[     855ms] [LOG] Foundry VTT | Retrieved and compiled template systems/dnd5e/templates/journal/parts/journal-legacy-traits.hbs @ http://localhost:30000/scripts/foundry.mjs:88936
[     855ms] [LOG] Foundry VTT | Retrieved and compiled template systems/dnd5e/templates/journal/parts/journal-legacy-traits.hbs @ http://localhost:30000/scripts/foundry.mjs:88936
[     855ms] [LOG] Foundry VTT | Retrieved and compiled template systems/dnd5e/templates/journal/parts/journal-modern-traits.hbs @ http://localhost:30000/scripts/foundry.mjs:88936
[     855ms] [LOG] Foundry VTT | Retrieved and compiled template systems/dnd5e/templates/journal/parts/journal-modern-traits.hbs @ http://localhost:30000/scripts/foundry.mjs:88936
[     855ms] [LOG] Foundry VTT | Retrieved and compiled template systems/dnd5e/templates/journal/parts/journal-table.hbs @ http://localhost:30000/scripts/foundry.mjs:88936
[     855ms] [LOG] Foundry VTT | Retrieved and compiled template systems/dnd5e/templates/journal/parts/journal-table.hbs @ http://localhost:30000/scripts/foundry.mjs:88936
[     855ms] [LOG] Foundry VTT | Retrieved and compiled template systems/dnd5e/templates/activity/parts/activity-usage-notes.hbs @ http://localhost:30000/scripts/foundry.mjs:88936
[     855ms] [LOG] Foundry VTT | Retrieved and compiled template systems/dnd5e/templates/activity/parts/activity-usage-notes.hbs @ http://localhost:30000/scripts/foundry.mjs:88936
[     855ms] [LOG] Foundry VTT | Retrieved and compiled template systems/dnd5e/templates/advancement/parts/advancement-controls.hbs @ http://localhost:30000/scripts/foundry.mjs:88936
[     855ms] [LOG] Foundry VTT | Retrieved and compiled template systems/dnd5e/templates/advancement/parts/advancement-controls.hbs @ http://localhost:30000/scripts/foundry.mjs:88936
[     855ms] [LOG] Foundry VTT | Retrieved and compiled template systems/dnd5e/templates/advancement/parts/advancement-spell-config.hbs @ http://localhost:30000/scripts/foundry.mjs:88936
[     855ms] [LOG] Foundry VTT | Retrieved and compiled template systems/dnd5e/templates/advancement/parts/advancement-spell-config.hbs @ http://localhost:30000/scripts/foundry.mjs:88936
[     912ms] [LOG] %cD&D 5e | %cFinished setting up Rules (SRD): table of contents color: #6e0000; font-variant: small-caps color: revert @ http://localhost:30000/systems/dnd5e/dnd5e.mjs:514
[     912ms] [LOG] %cD&D 5e | %cFinished setting up Rules: table of contents color: #6e0000; font-variant: small-caps color: revert @ http://localhost:30000/systems/dnd5e/dnd5e.mjs:514
[     950ms] [LOG] Foundry VTT | Retrieved and compiled template templates/ui/scene-navigation.hbs @ http://localhost:30000/scripts/foundry.mjs:88936
[     956ms] [LOG] Foundry VTT | Retrieved and compiled template templates/sidebar/tabs.hbs @ http://localhost:30000/scripts/foundry.mjs:88936
[     956ms] [LOG] Foundry VTT | Retrieved and compiled template templates/sidebar/tab.hbs @ http://localhost:30000/scripts/foundry.mjs:88936
[     959ms] [LOG] Foundry VTT | Retrieved and compiled template templates/ui/players.hbs @ http://localhost:30000/scripts/foundry.mjs:88936
[     961ms] [LOG] Foundry VTT | Retrieved and compiled template templates/ui/hotbar.hbs @ http://localhost:30000/scripts/foundry.mjs:88936
[     963ms] [LOG] Foundry VTT | Retrieved and compiled template templates/ui/scene-controls-layers.hbs @ http://localhost:30000/scripts/foundry.mjs:88936
[     963ms] [LOG] Foundry VTT | Retrieved and compiled template templates/ui/scene-controls-tools.hbs @ http://localhost:30000/scripts/foundry.mjs:88936
[     973ms] [LOG] Foundry VTT | Retrieved and compiled template templates/sidebar/tabs/chat/log.hbs @ http://localhost:30000/scripts/foundry.mjs:88936
[     973ms] [LOG] Foundry VTT | Retrieved and compiled template templates/sidebar/tabs/chat/notifications.hbs @ http://localhost:30000/scripts/foundry.mjs:88936
[     973ms] [LOG] Foundry VTT | Retrieved and compiled template templates/sidebar/tabs/chat/input.hbs @ http://localhost:30000/scripts/foundry.mjs:88936
[     985ms] [LOG] Foundry VTT | Retrieved and compiled template templates/sidebar/tabs/combat/header.hbs @ http://localhost:30000/scripts/foundry.mjs:88936
[     985ms] [LOG] Foundry VTT | Retrieved and compiled template templates/sidebar/tabs/combat/tracker.hbs @ http://localhost:30000/scripts/foundry.mjs:88936
[     985ms] [LOG] Foundry VTT | Retrieved and compiled template templates/sidebar/tabs/combat/footer.hbs @ http://localhost:30000/scripts/foundry.mjs:88936
[     992ms] [LOG] Foundry VTT | Retrieved and compiled template templates/sidebar/directory/header.hbs @ http://localhost:30000/scripts/foundry.mjs:88936
[     992ms] [LOG] Foundry VTT | Retrieved and compiled template templates/sidebar/directory/directory.hbs @ http://localhost:30000/scripts/foundry.mjs:88936
[     992ms] [LOG] Foundry VTT | Retrieved and compiled template templates/sidebar/partials/scene-partial.hbs @ http://localhost:30000/scripts/foundry.mjs:88936
[     992ms] [LOG] Foundry VTT | Retrieved and compiled template templates/sidebar/partials/folder-partial.hbs @ http://localhost:30000/scripts/foundry.mjs:88936
[     992ms] [LOG] Foundry VTT | Retrieved and compiled template templates/sidebar/directory/footer.hbs @ http://localhost:30000/scripts/foundry.mjs:88936
[     996ms] [LOG] Foundry VTT | Retrieved and compiled template templates/sidebar/partials/document-partial.hbs @ http://localhost:30000/scripts/foundry.mjs:88936
[    1006ms] [LOG] Foundry VTT | Retrieved and compiled template templates/sidebar/tabs/playlist/controls.hbs @ http://localhost:30000/scripts/foundry.mjs:88936
[    1006ms] [LOG] Foundry VTT | Retrieved and compiled template templates/sidebar/tabs/playlist/playlist-partial.hbs @ http://localhost:30000/scripts/foundry.mjs:88936
[    1006ms] [LOG] Foundry VTT | Retrieved and compiled template templates/sidebar/tabs/playlist/playing.hbs @ http://localhost:30000/scripts/foundry.mjs:88936
[    1006ms] [LOG] Foundry VTT | Retrieved and compiled template templates/sidebar/tabs/playlist/sound-partial.hbs @ http://localhost:30000/scripts/foundry.mjs:88936
[    1010ms] [LOG] Foundry VTT | Retrieved and compiled template templates/sidebar/tabs/compendiums.hbs @ http://localhost:30000/scripts/foundry.mjs:88936
[    1010ms] [LOG] Foundry VTT | Retrieved and compiled template templates/sidebar/partials/pack-partial.hbs @ http://localhost:30000/scripts/foundry.mjs:88936
[    1010ms] [LOG] Foundry VTT | Retrieved and compiled template templates/sidebar/partials/document-match.hbs @ http://localhost:30000/scripts/foundry.mjs:88936
[    1016ms] [LOG] Foundry VTT | Retrieved and compiled template templates/sidebar/tabs/settings.hbs @ http://localhost:30000/scripts/foundry.mjs:88936
[    1020ms] [LOG] Foundry VTT | Retrieved and compiled template templates/sidebar/chat-message.hbs @ http://localhost:30000/scripts/foundry.mjs:88936
[    1097ms] [LOG] Foundry VTT | Fonts loaded and ready. @ http://localhost:30000/scripts/foundry.mjs:99340
[    1129ms] [LOG] Foundry VTT | Viewing Scene Foundry Virtual Tabletop @ http://localhost:30000/scripts/foundry.mjs:56643
[    1140ms] [LOG] Foundry VTT | Drawing game canvas for scene Foundry Virtual Tabletop @ http://localhost:30000/scripts/foundry.mjs:116766
[    1177ms] [LOG] Loaded icons/svg/book.svg (1.54%) @ http://localhost:30000/scripts/foundry.mjs:105204
[    1178ms] [LOG] Loaded icons/svg/combat.svg (3.08%) @ http://localhost:30000/scripts/foundry.mjs:105204
[    1180ms] [LOG] Loaded icons/svg/cowled.svg (4.62%) @ http://localhost:30000/scripts/foundry.mjs:105204
[    1180ms] [LOG] Loaded icons/svg/down.svg (6.15%) @ http://localhost:30000/scripts/foundry.mjs:105204
[    1180ms] [LOG] Loaded icons/svg/aura.svg (7.69%) @ http://localhost:30000/scripts/foundry.mjs:105204
[    1181ms] [LOG] Loaded icons/svg/padlock.svg (9.23%) @ http://localhost:30000/scripts/foundry.mjs:105204
[    1181ms] [LOG] Loaded icons/svg/up.svg (10.77%) @ http://localhost:30000/scripts/foundry.mjs:105204
[    1181ms] [LOG] Loaded icons/svg/skull.svg (12.31%) @ http://localhost:30000/scripts/foundry.mjs:105204
[    1182ms] [LOG] Loaded icons/svg/light.svg (13.85%) @ http://localhost:30000/scripts/foundry.mjs:105204
[    1182ms] [LOG] Loaded icons/svg/light-off.svg (15.38%) @ http://localhost:30000/scripts/foundry.mjs:105204
[    1184ms] [LOG] Loaded icons/svg/explosion.svg (16.92%) @ http://localhost:30000/scripts/foundry.mjs:105204
[    1191ms] [LOG] Loaded icons/svg/sound.svg (18.46%) @ http://localhost:30000/scripts/foundry.mjs:105204
[    1193ms] [LOG] Loaded icons/svg/sound-off.svg (20.00%) @ http://localhost:30000/scripts/foundry.mjs:105204
[    1196ms] [LOG] Loaded icons/svg/door-closed-outline.svg (21.54%) @ http://localhost:30000/scripts/foundry.mjs:105204
[    1196ms] [LOG] Loaded icons/svg/door-open-outline.svg (23.08%) @ http://localhost:30000/scripts/foundry.mjs:105204
[    1197ms] [LOG] Loaded icons/svg/door-secret-outline.svg (24.62%) @ http://localhost:30000/scripts/foundry.mjs:105204
[    1207ms] [LOG] Loaded icons/svg/door-locked-outline.svg (26.15%) @ http://localhost:30000/scripts/foundry.mjs:105204
[    1207ms] [LOG] Loaded icons/svg/wall-direction.svg (27.69%) @ http://localhost:30000/scripts/foundry.mjs:105204
[    1217ms] [LOG] Loaded icons/svg/levels.svg (29.23%) @ http://localhost:30000/scripts/foundry.mjs:105204
[    1221ms] [LOG] Loaded systems/dnd5e/icons/svg/statuses/burrowing.svg (30.77%) @ http://localhost:30000/scripts/foundry.mjs:105204
[    1229ms] [LOG] Loaded systems/dnd5e/icons/svg/statuses/concentrating.svg (32.31%) @ http://localhost:30000/scripts/foundry.mjs:105204
[    1233ms] [LOG] Loaded systems/dnd5e/icons/svg/statuses/cover-half.svg (33.85%) @ http://localhost:30000/scripts/foundry.mjs:105204
[    1233ms] [LOG] Loaded systems/dnd5e/icons/svg/statuses/cover-three-quarters.svg (35.38%) @ http://localhost:30000/scripts/foundry.mjs:105204
[    1234ms] [LOG] Loaded systems/dnd5e/icons/svg/statuses/dodging.svg (36.92%) @ http://localhost:30000/scripts/foundry.mjs:105204
[    1234ms] [LOG] Loaded systems/dnd5e/icons/svg/statuses/cover-total.svg (38.46%) @ http://localhost:30000/scripts/foundry.mjs:105204
[    1234ms] [LOG] Loaded systems/dnd5e/icons/svg/statuses/dead.svg (40.00%) @ http://localhost:30000/scripts/foundry.mjs:105204
[    1234ms] [LOG] Loaded systems/dnd5e/icons/svg/statuses/ethereal.svg (41.54%) @ http://localhost:30000/scripts/foundry.mjs:105204
[    1235ms] [LOG] Loaded systems/dnd5e/icons/svg/statuses/flying.svg (43.08%) @ http://localhost:30000/scripts/foundry.mjs:105204
[    1235ms] [LOG] Loaded systems/dnd5e/icons/svg/statuses/hiding.svg (44.62%) @ http://localhost:30000/scripts/foundry.mjs:105204
[    1235ms] [LOG] Loaded systems/dnd5e/icons/svg/statuses/hovering.svg (46.15%) @ http://localhost:30000/scripts/foundry.mjs:105204
[    1242ms] [LOG] Loaded systems/dnd5e/icons/svg/statuses/marked.svg (47.69%) @ http://localhost:30000/scripts/foundry.mjs:105204
[    1247ms] [LOG] Loaded systems/dnd5e/icons/svg/statuses/burning.svg (49.23%) @ http://localhost:30000/scripts/foundry.mjs:105204
[    1250ms] [LOG] Loaded systems/dnd5e/icons/svg/statuses/sleeping.svg (50.77%) @ http://localhost:30000/scripts/foundry.mjs:105204
[    1251ms] [LOG] Loaded systems/dnd5e/icons/svg/statuses/stable.svg (52.31%) @ http://localhost:30000/scripts/foundry.mjs:105204
[    1252ms] [LOG] Loaded systems/dnd5e/icons/svg/statuses/bleeding.svg (53.85%) @ http://localhost:30000/scripts/foundry.mjs:105204
[    1268ms] [LOG] Loaded systems/dnd5e/icons/svg/statuses/blinded.svg (55.38%) @ http://localhost:30000/scripts/foundry.mjs:105204
[    1270ms] [LOG] Loaded systems/dnd5e/icons/svg/statuses/cursed.svg (56.92%) @ http://localhost:30000/scripts/foundry.mjs:105204
[    1271ms] [LOG] Loaded systems/dnd5e/icons/svg/statuses/charmed.svg (58.46%) @ http://localhost:30000/scripts/foundry.mjs:105204
[    1272ms] [LOG] Loaded systems/dnd5e/icons/svg/statuses/dehydration.svg (60.00%) @ http://localhost:30000/scripts/foundry.mjs:105204
[    1272ms] [LOG] Loaded systems/dnd5e/icons/svg/statuses/deafened.svg (61.54%) @ http://localhost:30000/scripts/foundry.mjs:105204
[    1273ms] [LOG] Loaded systems/dnd5e/icons/svg/statuses/diseased.svg (63.08%) @ http://localhost:30000/scripts/foundry.mjs:105204
[    1274ms] [LOG] Loaded systems/dnd5e/icons/svg/statuses/exhaustion.svg (64.62%) @ http://localhost:30000/scripts/foundry.mjs:105204
[    1275ms] [LOG] Loaded systems/dnd5e/icons/svg/statuses/falling.svg (66.15%) @ http://localhost:30000/scripts/foundry.mjs:105204
[    1276ms] [LOG] Loaded systems/dnd5e/icons/svg/statuses/frightened.svg (67.69%) @ http://localhost:30000/scripts/foundry.mjs:105204
[    1276ms] [LOG] Loaded systems/dnd5e/icons/svg/statuses/grappled.svg (69.23%) @ http://localhost:30000/scripts/foundry.mjs:105204
[    1277ms] [LOG] Loaded systems/dnd5e/icons/svg/statuses/invisible.svg (70.77%) @ http://localhost:30000/scripts/foundry.mjs:105204
[    1281ms] [LOG] Loaded systems/dnd5e/icons/svg/statuses/incapacitated.svg (72.31%) @ http://localhost:30000/scripts/foundry.mjs:105204
[    1282ms] [LOG] Loaded systems/dnd5e/icons/svg/statuses/malnutrition.svg (73.85%) @ http://localhost:30000/scripts/foundry.mjs:105204
[    1282ms] [LOG] Loaded systems/dnd5e/icons/svg/statuses/paralyzed.svg (75.38%) @ http://localhost:30000/scripts/foundry.mjs:105204
[    1283ms] [LOG] Loaded systems/dnd5e/icons/svg/statuses/petrified.svg (76.92%) @ http://localhost:30000/scripts/foundry.mjs:105204
[    1283ms] [LOG] Loaded systems/dnd5e/icons/svg/statuses/poisoned.svg (78.46%) @ http://localhost:30000/scripts/foundry.mjs:105204
[    1283ms] [LOG] Loaded systems/dnd5e/icons/svg/statuses/prone.svg (80.00%) @ http://localhost:30000/scripts/foundry.mjs:105204
[    1284ms] [LOG] Loaded systems/dnd5e/icons/svg/statuses/restrained.svg (81.54%) @ http://localhost:30000/scripts/foundry.mjs:105204
[    1287ms] [LOG] Loaded systems/dnd5e/icons/svg/statuses/silenced.svg (83.08%) @ http://localhost:30000/scripts/foundry.mjs:105204
[    1287ms] [LOG] Loaded systems/dnd5e/icons/svg/statuses/stunned.svg (84.62%) @ http://localhost:30000/scripts/foundry.mjs:105204
[    1288ms] [LOG] Loaded systems/dnd5e/icons/svg/statuses/suffocation.svg (86.15%) @ http://localhost:30000/scripts/foundry.mjs:105204
[    1288ms] [LOG] Loaded systems/dnd5e/icons/svg/statuses/surprised.svg (87.69%) @ http://localhost:30000/scripts/foundry.mjs:105204
[    1290ms] [LOG] Loaded systems/dnd5e/icons/svg/statuses/transformed.svg (89.23%) @ http://localhost:30000/scripts/foundry.mjs:105204
[    1290ms] [LOG] Loaded systems/dnd5e/icons/svg/statuses/unconscious.svg (90.77%) @ http://localhost:30000/scripts/foundry.mjs:105204
[    1291ms] [LOG] Loaded systems/dnd5e/icons/svg/statuses/encumbered.svg (92.31%) @ http://localhost:30000/scripts/foundry.mjs:105204
[    1292ms] [LOG] Loaded systems/dnd5e/icons/svg/statuses/heavily-encumbered.svg (93.85%) @ http://localhost:30000/scripts/foundry.mjs:105204
[    1294ms] [LOG] Loaded systems/dnd5e/icons/svg/statuses/exceeding-carrying-capacity.svg (95.38%) @ http://localhost:30000/scripts/foundry.mjs:105204
[    1295ms] [LOG] Loaded nue/defaultscene/fvtt-logo.webp (96.92%) @ http://localhost:30000/scripts/foundry.mjs:105204
[    1317ms] [LOG] Loaded nue/defaultscene/fvtt-background.webp (98.46%) @ http://localhost:30000/scripts/foundry.mjs:105204
[    1395ms] [LOG] Loaded canvas/tokens/rings-steel.json (100.00%) @ http://localhost:30000/scripts/foundry.mjs:105204
[    1396ms] [LOG] Foundry VTT | Drawing the HiddenCanvasGroup canvas group @ http://localhost:30000/scripts/foundry.mjs:110537
[    1397ms] [LOG] Foundry VTT | Drawing the RenderedCanvasGroup canvas group @ http://localhost:30000/scripts/foundry.mjs:110537
[    1397ms] [LOG] Foundry VTT | Drawing the EnvironmentCanvasGroup canvas group @ http://localhost:30000/scripts/foundry.mjs:110537
[    1398ms] [LOG] Foundry VTT | Drawing the PrimaryCanvasGroup canvas group @ http://localhost:30000/scripts/foundry.mjs:110537
[    1399ms] [LOG] Foundry VTT | Drawing the WeatherEffects canvas layer @ http://localhost:30000/scripts/foundry.mjs:111141
[    1399ms] [LOG] Foundry VTT | Drawing the EffectsCanvasGroup canvas group @ http://localhost:30000/scripts/foundry.mjs:110537
[    1399ms] [LOG] Foundry VTT | Drawing the CanvasBackgroundAlterationEffects canvas layer @ http://localhost:30000/scripts/foundry.mjs:111141
[    1399ms] [LOG] Foundry VTT | Drawing the CanvasIlluminationEffects canvas layer @ http://localhost:30000/scripts/foundry.mjs:111141
[    1399ms] [LOG] Foundry VTT | Drawing the CanvasColorationEffects canvas layer @ http://localhost:30000/scripts/foundry.mjs:111141
[    1399ms] [LOG] Foundry VTT | Drawing the CanvasDarknessEffects canvas layer @ http://localhost:30000/scripts/foundry.mjs:111141
[    1400ms] [LOG] Foundry VTT | Drawing the CanvasVisibility canvas group @ http://localhost:30000/scripts/foundry.mjs:110537
[    1401ms] [LOG] Foundry VTT | Drawing the InterfaceCanvasGroup canvas group @ http://localhost:30000/scripts/foundry.mjs:110537
[    1402ms] [LOG] Foundry VTT | Drawing the GridLayer canvas layer @ http://localhost:30000/scripts/foundry.mjs:111141
[    1402ms] [LOG] Foundry VTT | Drawing the RegionLayer canvas layer @ http://localhost:30000/scripts/foundry.mjs:111141
[    1402ms] [LOG] Foundry VTT | Drawing the DrawingsLayer canvas layer @ http://localhost:30000/scripts/foundry.mjs:111141
[    1402ms] [LOG] Foundry VTT | Drawing the TemplateLayer canvas layer @ http://localhost:30000/scripts/foundry.mjs:111141
[    1402ms] [LOG] Foundry VTT | Drawing the TilesLayer canvas layer @ http://localhost:30000/scripts/foundry.mjs:111141
[    1404ms] [LOG] Foundry VTT | Drawing the WallsLayer canvas layer @ http://localhost:30000/scripts/foundry.mjs:111141
[    1404ms] [LOG] Foundry VTT | Drawing the TokenLayer5e canvas layer @ http://localhost:30000/scripts/foundry.mjs:111141
[    1404ms] [LOG] Foundry VTT | Drawing the SoundsLayer canvas layer @ http://localhost:30000/scripts/foundry.mjs:111141
[    1404ms] [LOG] Foundry VTT | Drawing the LightingLayer canvas layer @ http://localhost:30000/scripts/foundry.mjs:111141
[    1415ms] [LOG] Foundry VTT | Drawing the NotesLayer canvas layer @ http://localhost:30000/scripts/foundry.mjs:111141
[    1416ms] [LOG] Foundry VTT | Drawing the ControlsLayer canvas layer @ http://localhost:30000/scripts/foundry.mjs:111141
[    1440ms] [LOG] Foundry VTT | Retrieved and compiled template templates/hud/waypoint-label.hbs @ http://localhost:30000/scripts/foundry.mjs:88936
[    1441ms] [LOG] Foundry VTT | Drawing the OverlayCanvasGroup canvas group @ http://localhost:30000/scripts/foundry.mjs:110537
[    1454ms] [LOG] Applying buffered socket event: userActivity @ http://localhost:30000/scripts/foundry.mjs:205636
[    1663ms] [LOG] Foundry VTT | Constructed index of dnd5e.classes Compendium containing 12 entries @ http://localhost:30000/scripts/foundry.mjs:27942
[    1663ms] [LOG] Foundry VTT | Constructed index of dnd5e.subclasses Compendium containing 12 entries @ http://localhost:30000/scripts/foundry.mjs:27942
[    1718ms] [LOG] Foundry VTT | Constructed index of dnd5e.classes24 Compendium containing 282 entries @ http://localhost:30000/scripts/foundry.mjs:27942
[    1726ms] [LOG] Foundry VTT | Retrieved and compiled template templates/sidebar/tabs/placeable/tabs.hbs @ http://localhost:30000/scripts/foundry.mjs:88936
[    1726ms] [LOG] Foundry VTT | Retrieved and compiled template templates/sidebar/tabs/placeable/tab.hbs @ http://localhost:30000/scripts/foundry.mjs:88936
[    1775ms] [LOG] Worker TextureCompressor of FogExtractor | Initialized Worker @ http://localhost:30000/scripts/worker.js:71
[    1894ms] [LOG] Foundry VTT | Retrieved and compiled template templates/sidebar/tabs/placeable/search.hbs @ http://localhost:30000/scripts/foundry.mjs:88936
[    1925ms] [LOG] Foundry VTT | Retrieved and compiled template templates/sidebar/tabs/placeable/directory.hbs @ http://localhost:30000/scripts/foundry.mjs:88936
[    1927ms] [LOG] Foundry VTT | Retrieved and compiled template templates/sidebar/tabs/placeable/tokens.hbs @ http://localhost:30000/scripts/foundry.mjs:88936
[    1956ms] [LOG] Foundry VTT | Constructed index of dnd5e.classes24 Compendium containing 282 entries @ http://localhost:30000/scripts/foundry.mjs:27942
[    1957ms] [LOG] Foundry VTT | Retrieved and compiled template templates/sidebar/tabs/placeable/token.hbs @ http://localhost:30000/scripts/foundry.mjs:88936
[    2011ms] [LOG] Foundry VTT | Constructed index of dnd5e.spells24 Compendium containing 341 entries @ http://localhost:30000/scripts/foundry.mjs:27942
[   20654ms] [LOG] Foundry VTT | Retrieved and compiled template modules/monks-enhanced-journal/templates/main.html @ http://localhost:30000/scripts/foundry.mjs:88936
[   20655ms] [LOG] Foundry VTT | Retrieved and compiled template modules/monks-enhanced-journal/templates/directory.html @ http://localhost:30000/scripts/foundry.mjs:88936
[   20692ms] [LOG] Foundry VTT | Retrieved and compiled template modules/monks-enhanced-journal/templates/sheets/partials/journal_sidebar.hbs @ http://localhost:30000/scripts/foundry.mjs:88936
[   20692ms] [LOG] Foundry VTT | Retrieved and compiled template modules/monks-enhanced-journal/templates/sheets/partials/journal_toc.hbs @ http://localhost:30000/scripts/foundry.mjs:88936
[   20692ms] [LOG] Foundry VTT | Retrieved and compiled template modules/monks-enhanced-journal/templates/sheets/partials/journal_pages.hbs @ http://localhost:30000/scripts/foundry.mjs:88936
[   20693ms] [LOG] Foundry VTT | Retrieved and compiled template templates/journal/page.hbs @ http://localhost:30000/scripts/foundry.mjs:88936
[   20697ms] [LOG] Foundry VTT | Retrieved and compiled template modules/monks-enhanced-journal/templates/sheets/shop.html @ http://localhost:30000/scripts/foundry.mjs:88936
[   20700ms] [LOG] Foundry VTT | Retrieved and compiled template modules/monks-enhanced-journal/templates/sheets/partials/sheet-detailed-header.hbs @ http://localhost:30000/scripts/foundry.mjs:88936
[   20702ms] [LOG] Foundry VTT | Retrieved and compiled template modules/monks-enhanced-journal/templates/sheets/partials/sheet-textentry.hbs @ http://localhost:30000/scripts/foundry.mjs:88936
[   20704ms] [LOG] Foundry VTT | Retrieved and compiled template modules/monks-enhanced-journal/templates/sheets/partials/sheet-shop-details.hbs @ http://localhost:30000/scripts/foundry.mjs:88936
[   20705ms] [LOG] Foundry VTT | Retrieved and compiled template modules/monks-enhanced-journal/templates/sheets/partials/sheet-transactions.hbs @ http://localhost:30000/scripts/foundry.mjs:88936
[   20705ms] [LOG] Foundry VTT | Retrieved and compiled template modules/monks-enhanced-journal/templates/sheets/partials/sheet-shop-items.hbs @ http://localhost:30000/scripts/foundry.mjs:88936
[   20706ms] [LOG] Foundry VTT | Retrieved and compiled template modules/monks-enhanced-journal/templates/sheets/partials/sheet-relationships.hbs @ http://localhost:30000/scripts/foundry.mjs:88936
[   20706ms] [LOG] Foundry VTT | Retrieved and compiled template modules/monks-enhanced-journal/templates/sheets/partials/sheet-notes.hbs @ http://localhost:30000/scripts/foundry.mjs:88936
[   20707ms] [LOG] Foundry VTT | Retrieved and compiled template templates/generic/tab-navigation.hbs @ http://localhost:30000/scripts/foundry.mjs:88936
[   20804ms] [LOG] Foundry VTT | Retrieved and compiled template templates/journal/pages/text/view.hbs @ http://localhost:30000/scripts/foundry.mjs:88936
[   21902ms] [LOG] Foundry VTT | Retrieved and compiled template templates/journal/toc.hbs @ http://localhost:30000/scripts/foundry.mjs:88936
